Archive member included to satisfy reference by file (symbol)

/usr/lib/gcc/arm-none-eabi/15.2.0/../../../../arm-none-eabi/lib/thumb/v7e-m+fp/hard/libc_nano.a(libc_a-atexit.o)
                              /usr/lib/gcc/arm-none-eabi/15.2.0/../../../../arm-none-eabi/lib/thumb/v7e-m+fp/hard/crt0.o (atexit)
/usr/lib/gcc/arm-none-eabi/15.2.0/../../../../arm-none-eabi/lib/thumb/v7e-m+fp/hard/libc_nano.a(libc_a-atoi.o)
                              build/mimic.o (atoi)
/usr/lib/gcc/arm-none-eabi/15.2.0/../../../../arm-none-eabi/lib/thumb/v7e-m+fp/hard/libc_nano.a(libc_a-exit.o)
                              /usr/lib/gcc/arm-none-eabi/15.2.0/../../../../arm-none-eabi/lib/thumb/v7e-m+fp/hard/crt0.o (exit)
/usr/lib/gcc/arm-none-eabi/15.2.0/../../../../arm-none-eabi/lib/thumb/v7e-m+fp/hard/libc_nano.a(libc_a-strtol.o)
                              /usr/lib/gcc/arm-none-eabi/15.2.0/../../../../arm-none-eabi/lib/thumb/v7e-m+fp/hard/libc_nano.a(libc_a-atoi.o) (_strtol_r)
/usr/lib/gcc/arm-none-eabi/15.2.0/../../../../arm-none-eabi/lib/thumb/v7e-m+fp/hard/libc_nano.a(libc_a-strtoul.o)
                              build/mimic.o (strtoul)
/usr/lib/gcc/arm-none-eabi/15.2.0/../../../../arm-none-eabi/lib/thumb/v7e-m+fp/hard/libc_nano.a(libc_a-ctype_.o)
                              /usr/lib/gcc/arm-none-eabi/15.2.0/../../../../arm-none-eabi/lib/thumb/v7e-m+fp/hard/libc_nano.a(libc_a-strtol.o) (_ctype_)
/usr/lib/gcc/arm-none-eabi/15.2.0/../../../../arm-none-eabi/lib/thumb/v7e-m+fp/hard/libc_nano.a(libc_a-findfp.o)
                              /usr/lib/gcc/arm-none-eabi/15.2.0/../../../../arm-none-eabi/lib/thumb/v7e-m+fp/hard/libc_nano.a(libc_a-exit.o) (__stdio_exit_handler)
/usr/lib/gcc/arm-none-eabi/15.2.0/../../../../arm-none-eabi/lib/thumb/v7e-m+fp/hard/libc_nano.a(libc_a-fwalk.o)
                              /usr/lib/gcc/arm-none-eabi/15.2.0/../../../../arm-none-eabi/lib/thumb/v7e-m+fp/hard/libc_nano.a(libc_a-findfp.o) (_fwalk_sglue)
/usr/lib/gcc/arm-none-eabi/15.2.0/../../../../arm-none-eabi/lib/thumb/v7e-m+fp/hard/libc_nano.a(libc_a-snprintf.o)
                              build/mimic.o (snprintf)
/usr/lib/gcc/arm-none-eabi/15.2.0/../../../../arm-none-eabi/lib/thumb/v7e-m+fp/hard/libc_nano.a(libc_a-stdio.o)
                              /usr/lib/gcc/arm-none-eabi/15.2.0/../../../../arm-none-eabi/lib/thumb/v7e-m+fp/hard/libc_nano.a(libc_a-findfp.o) (__sread)
/usr/lib/gcc/arm-none-eabi/15.2.0/../../../../arm-none-eabi/lib/thumb/v7e-m+fp/hard/libc_nano.a(libc_a-vsnprintf.o)
                              build/mimic.o (vsnprintf)
/usr/lib/gcc/arm-none-eabi/15.2.0/../../../../arm-none-eabi/lib/thumb/v7e-m+fp/hard/libc_nano.a(libc_a-memcmp.o)
                              build/mimic.o (memcmp)
/usr/lib/gcc/arm-none-eabi/15.2.0/../../../../arm-none-eabi/lib/thumb/v7e-m+fp/hard/libc_nano.a(libc_a-memset.o)
                              /usr/lib/gcc/arm-none-eabi/15.2.0/../../../../arm-none-eabi/lib/thumb/v7e-m+fp/hard/crt0.o (memset)
/usr/lib/gcc/arm-none-eabi/15.2.0/../../../../arm-none-eabi/lib/thumb/v7e-m+fp/hard/libc_nano.a(libc_a-strcasecmp.o)
                              build/mimic.o (strcasecmp)
/usr/lib/gcc/arm-none-eabi/15.2.0/../../../../arm-none-eabi/lib/thumb/v7e-m+fp/hard/libc_nano.a(libc_a-strcat.o)
                              build/mimic.o (strcat)
/usr/lib/gcc/arm-none-eabi/15.2.0/../../../../arm-none-eabi/lib/thumb/v7e-m+fp/hard/libc_nano.a(libc_a-strncpy.o)
                              build/mimic.o (strncpy)
/usr/lib/gcc/arm-none-eabi/15.2.0/../../../../arm-none-eabi/lib/thumb/v7e-m+fp/hard/libc_nano.a(libc_a-strtok.o)
                              build/mimic.o (strtok)
/usr/lib/gcc/arm-none-eabi/15.2.0/../../../../arm-none-eabi/lib/thumb/v7e-m+fp/hard/libc_nano.a(libc_a-strtok_r.o)
                              /usr/lib/gcc/arm-none-eabi/15.2.0/../../../../arm-none-eabi/lib/thumb/v7e-m+fp/hard/libc_nano.a(libc_a-strtok.o) (__strtok_r)
/usr/lib/gcc/arm-none-eabi/15.2.0/../../../../arm-none-eabi/lib/thumb/v7e-m+fp/hard/libc_nano.a(libc_a-closer.o)
                              /usr/lib/gcc/arm-none-eabi/15.2.0/../../../../arm-none-eabi/lib/thumb/v7e-m+fp/hard/libc_nano.a(libc_a-stdio.o) (_close_r)
/usr/lib/gcc/arm-none-eabi/15.2.0/../../../../arm-none-eabi/lib/thumb/v7e-m+fp/hard/libc_nano.a(libc_a-reent.o)
                              /usr/lib/gcc/arm-none-eabi/15.2.0/../../../../arm-none-eabi/lib/thumb/v7e-m+fp/hard/libc_nano.a(libc_a-closer.o) (errno)
/usr/lib/gcc/arm-none-eabi/15.2.0/../../../../arm-none-eabi/lib/thumb/v7e-m+fp/hard/libc_nano.a(libc_a-impure.o)
                              /usr/lib/gcc/arm-none-eabi/15.2.0/../../../../arm-none-eabi/lib/thumb/v7e-m+fp/hard/libc_nano.a(libc_a-strtol.o) (_impure_ptr)
/usr/lib/gcc/arm-none-eabi/15.2.0/../../../../arm-none-eabi/lib/thumb/v7e-m+fp/hard/libc_nano.a(libc_a-lseekr.o)
                              /usr/lib/gcc/arm-none-eabi/15.2.0/../../../../arm-none-eabi/lib/thumb/v7e-m+fp/hard/libc_nano.a(libc_a-stdio.o) (_lseek_r)
[...]
Memory Configuration

Name             Origin             Length             Attributes
RAM              0x20000000         0x00020000         xrw
FLASH            0x08000000         0x00080000         xr
*default*        0x00000000         0xffffffff

Linker script and memory map

LOAD /usr/lib/gcc/arm-none-eabi/15.2.0/thumb/v7e-m+fp/hard/crti.o
LOAD /usr/lib/gcc/arm-none-eabi/15.2.0/thumb/v7e-m+fp/hard/crtbegin.o
LOAD /usr/lib/gcc/arm-none-eabi/15.2.0/../../../../arm-none-eabi/lib/thumb/v7e-m+fp/hard/crt0.o
LOAD build/main.o
LOAD build/gpio.o
LOAD build/usart.o
LOAD build/mimic.o
LOAD build/stm32f4xx_it.o
LOAD build/stm32f4xx_hal_msp.o
LOAD build/stm32f4xx_hal_uart.o
LOAD build/stm32f4xx_hal_spi.o
LOAD build/stm32f4xx_hal_i2c.o
LOAD build/stm32f4xx_hal_i2c_ex.o
LOAD build/stm32f4xx_hal_rcc.o
LOAD build/stm32f4xx_hal_rcc_ex.o
LOAD build/stm32f4xx_hal_flash.o
LOAD build/stm32f4xx_hal_flash_ex.o
LOAD build/stm32f4xx_hal_flash_ramfunc.o
LOAD build/stm32f4xx_hal_gpio.o
LOAD build/stm32f4xx_hal_dma_ex.o
LOAD build/stm32f4xx_hal_dma.o
LOAD build/stm32f4xx_hal_pwr.o
LOAD build/stm32f4xx_hal_pwr_ex.o
LOAD build/stm32f4xx_hal_cortex.o
LOAD build/stm32f4xx_hal.o
LOAD build/stm32f4xx_hal_exti.o
LOAD build/system_stm32f4xx.o
LOAD build/sysmem.o
LOAD build/syscalls.o
LOAD build/startup_stm32f411xe.o
LOAD /usr/lib/gcc/arm-none-eabi/15.2.0/../../../../arm-none-eabi/lib/thumb/v7e-m+fp/hard/libc_nano.a
LOAD /usr/lib/gcc/arm-none-eabi/15.2.0/../../../../arm-none-eabi/lib/thumb/v7e-m+fp/hard/libm.a
LOAD /usr/lib/gcc/arm-none-eabi/15.2.0/../../../../arm-none-eabi/lib/thumb/v7e-m+fp/hard/libnosys.a
START GROUP
LOAD /usr/lib/gcc/arm-none-eabi/15.2.0/thumb/v7e-m+fp/hard/libgcc.a
LOAD /usr/lib/gcc/arm-none-eabi/15.2.0/../../../../arm-none-eabi/lib/thumb/v7e-m+fp/hard/libc_nano.a
END GROUP
START GROUP
LOAD /usr/lib/gcc/arm-none-eabi/15.2.0/thumb/v7e-m+fp/hard/libgcc.a
LOAD /usr/lib/gcc/arm-none-eabi/15.2.0/../../../../arm-none-eabi/lib/thumb/v7e-m+fp/hard/libc_nano.a
END GROUP
LOAD /usr/lib/gcc/arm-none-eabi/15.2.0/thumb/v7e-m+fp/hard/crtend.o
LOAD /usr/lib/gcc/arm-none-eabi/15.2.0/thumb/v7e-m+fp/hard/crtn.o
                0x20020000                        _estack = (ORIGIN (RAM) + LENGTH (RAM))
                0x00000200                        _Min_Heap_Size = 0x200
                0x00000400                        _Min_Stack_Size = 0x400

.isr_vector     0x08000000      0x198
                0x08000000                        . = ALIGN (0x4)
 *(.isr_vector)
 .isr_vector    0x08000000      0x198 build/startup_stm32f411xe.o
                0x08000000                g_pfnVectors
                0x08000198                        . = ALIGN (0x4)

.text           0x080001a0     0x9b28
                0x080001a0                        . = ALIGN (0x4)
 *(.text)
 .text          0x080001a0       0x88 /usr/lib/gcc/arm-none-eabi/15.2.0/thumb/v7e-m+fp/hard/crtbegin.o
 .text          0x08000228       0x14 /usr/lib/gcc/arm-none-eabi/15.2.0/../../../../arm-none-eabi/lib/thumb/v7e-m+fp/hard/libc_nano.a(libc_a-strcmp.o)
                0x08000228                strcmp
 .text          0x0800023c       0x10 /usr/lib/gcc/arm-none-eabi/15.2.0/../../../../arm-none-eabi/lib/thumb/v7e-m+fp/hard/libc_nano.a(libc_a-strlen.o)
                0x0800023c                strlen
 *fill*         0x0800024c        0x4 
 .text          0x08000250       0xa0 /usr/lib/gcc/arm-none-eabi/15.2.0/../../../../arm-none-eabi/lib/thumb/v7e-m+fp/hard/libc_nano.a(libc_a-memchr.o)
                0x08000250                memchr
 .text          0x080002f0       0x30 /usr/lib/gcc/arm-none-eabi/15.2.0/thumb/v7e-m+fp/hard/libgcc.a(_aeabi_uldivmod.o)
                0x080002f0                __aeabi_uldivmod
 .text          0x08000320      0x320 /usr/lib/gcc/arm-none-eabi/15.2.0/thumb/v7e-m+fp/hard/libgcc.a(_udivmoddi4.o)
                0x08000320                __udivmoddi4
 .text          0x08000640        0x4 /usr/lib/gcc/arm-none-eabi/15.2.0/thumb/v7e-m+fp/hard/libgcc.a(_dvmd_tls.o)
                0x08000640                __aeabi_ldiv0
                0x08000640                __aeabi_idiv0
 *(.text*)
 .text.Error_Handler
                0x08000644        0x4 build/main.o
                0x08000644                Error_Handler
 .text.SystemClock_Config
                0x08000648       0xa0 build/main.o
                0x08000648                SystemClock_Config
 .text.main     0x080006e8       0x1c build/main.o
                0x080006e8                main
 .text.MX_GPIO_Init
                0x08000704       0x88 build/gpio.o
                0x08000704                MX_GPIO_Init
 .text.MX_USART1_UART_Init
                0x0800078c       0x34 build/usart.o
                0x0800078c                MX_USART1_UART_Init
 .text.HAL_UART_MspInit
                0x080007c0      0x150 build/usart.o
                0x080007c0                HAL_UART_MspInit
 .text.__NVIC_SystemReset
                0x08000910       0x24 build/mimic.o
 .text.Mimic_RxAvailable
                0x08000934       0x1c build/mimic.o
 .text.Mimic_RxGet
                0x08000950       0x44 build/mimic.o
 .text.Mimic_ConfigureUARTGPIO
                0x08000994       0xe4 build/mimic.o
 .text.Mimic_ConfigureSPIGPIO
                0x08000a78       0x9c build/mimic.o
 .text.Mimic_GetUARTHandle
                0x08000b14       0x7c build/mimic.o
 .text.Mimic_GetSPIHandle
                0x08000b90       0xd0 build/mimic.o
 .text.Mimic_ParseHexData
                0x08000c60       0x86 build/mimic.o
 *fill*         0x08000ce6        0x2 
 .text.HAL_UART_RxCpltCallback
                0x08000ce8       0x60 build/mimic.o
                0x08000ce8                HAL_UART_RxCpltCallback
 .text.Mimic_SendResponse
                0x08000d48       0x1c build/mimic.o
                0x08000d48                Mimic_SendResponse
 .text.Mimic_Init
                0x08000d64       0xf4 build/mimic.o
                0x08000d64                Mimic_Init
 .text.Mimic_SendResponseF
                0x08000e58       0x28 build/mimic.o
                0x08000e58                Mimic_SendResponseF
 .text.Mimic_ParseCommand
                0x08000e80       0x74 build/mimic.o
                0x08000e80                Mimic_ParseCommand
 .text.Mimic_GetPort
                0x08000ef4       0x34 build/mimic.o
                0x08000ef4                Mimic_GetPort
 .text.Mimic_GetPin
                0x08000f28       0x12 build/mimic.o
                0x08000f28                Mimic_GetPin
 .text.Mimic_ParsePin
                0x08000f3a       0x60 build/mimic.o
                0x08000f3a                Mimic_ParsePin
 *fill*         0x08000f9a        0x2 
 .text.Mimic_CMD_PIN_STATUS
                0x08000f9c      0x14c build/mimic.o
                0x08000f9c                Mimic_CMD_PIN_STATUS
 .text.Mimic_CMD_PIN_SET_OUT
                0x080010e8      0x11c build/mimic.o
                0x080010e8                Mimic_CMD_PIN_SET_OUT
 .text.Mimic_CMD_PIN_SET_IN
                0x08001204      0x158 build/mimic.o
                0x08001204                Mimic_CMD_PIN_SET_IN
 .text.Mimic_CMD_PIN_HIGH
                0x0800135c       0x54 build/mimic.o
                0x0800135c                Mimic_CMD_PIN_HIGH
 .text.Mimic_CMD_PIN_LOW
                0x080013b0       0x54 build/mimic.o
                0x080013b0                Mimic_CMD_PIN_LOW
 .text.Mimic_CMD_PIN_READ
                0x08001404       0x64 build/mimic.o
                0x08001404                Mimic_CMD_PIN_READ
 .text.Mimic_CMD_PIN_TOGGLE
                0x08001468       0x6c build/mimic.o
                0x08001468                Mimic_CMD_PIN_TOGGLE
 .text.Mimic_CMD_PIN_MODE
                0x080014d4      0x178 build/mimic.o
                0x080014d4                Mimic_CMD_PIN_MODE
 .text.Mimic_CMD_UART_INIT
                0x0800164c      0x160 build/mimic.o
                0x0800164c                Mimic_CMD_UART_INIT
 .text.Mimic_CMD_UART_RS485
                0x080017ac       0xfc build/mimic.o
                0x080017ac                Mimic_CMD_UART_RS485
 .text.Mimic_CMD_UART_SEND
                0x080018a8      0x18c build/mimic.o
                0x080018a8                Mimic_CMD_UART_SEND
 .text.Mimic_CMD_UART_RECV
                0x08001a34      0x224 build/mimic.o
                0x08001a34                Mimic_CMD_UART_RECV
 .text.Mimic_CMD_UART_STATUS
                0x08001c58       0x44 build/mimic.o
                0x08001c58                Mimic_CMD_UART_STATUS
 .text.Mimic_CMD_UART_TEST
                0x08001c9c      0x108 build/mimic.o
                0x08001c9c                Mimic_CMD_UART_TEST
 .text.Mimic_CMD_SPI_INIT
                0x08001da4      0x3d0 build/mimic.o
                0x08001da4                Mimic_CMD_SPI_INIT
 .text.Mimic_CMD_SPI_SEND
                0x08002174      0x150 build/mimic.o
                0x08002174                Mimic_CMD_SPI_SEND
 .text.Mimic_CMD_SPI_RECV
                0x080022c4      0x134 build/mimic.o
                0x080022c4                Mimic_CMD_SPI_RECV
 .text.Mimic_CMD_SPI_TRANSFER
                0x080023f8      0x188 build/mimic.o
                0x080023f8                Mimic_CMD_SPI_TRANSFER
 .text.Mimic_CMD_SPI_CS
                0x08002580      0x18c build/mimic.o
                0x08002580                Mimic_CMD_SPI_CS
 .text.Mimic_CMD_SPI_STATUS
                0x0800270c      0x138 build/mimic.o
                0x0800270c                Mimic_CMD_SPI_STATUS
 .text.Mimic_GetI2CHandle
                0x08002844       0x48 build/mimic.o
                0x08002844                Mimic_GetI2CHandle
 .text.Mimic_ConfigureI2CGPIO
                0x0800288c       0x70 build/mimic.o
                0x0800288c                Mimic_ConfigureI2CGPIO
 .text.Mimic_CMD_I2C_INIT
                0x080028fc      0x264 build/mimic.o
                0x080028fc                Mimic_CMD_I2C_INIT
 .text.Mimic_CMD_I2C_SCAN
                0x08002b60       0x8c build/mimic.o
                0x08002b60                Mimic_CMD_I2C_SCAN
 .text.Mimic_CMD_I2C_WRITE
                0x08002bec      0x120 build/mimic.o
                0x08002bec                Mimic_CMD_I2C_WRITE
 .text.Mimic_CMD_I2C_READ
                0x08002d0c      0x110 build/mimic.o
                0x08002d0c                Mimic_CMD_I2C_READ
 .text.Mimic_CMD_I2C_REG_SET
                0x08002e1c       0x48 build/mimic.o
                0x08002e1c                Mimic_CMD_I2C_REG_SET
 .text.Mimic_CMD_I2C_REG_DATA
                0x08002e64       0x4c build/mimic.o
                0x08002e64                Mimic_CMD_I2C_REG_DATA
 .text.Mimic_CMD_I2C_WRITE_READ
                0x08002eb0      0x150 build/mimic.o
                0x08002eb0                Mimic_CMD_I2C_WRITE_READ
 .text.Mimic_CMD_I2C_STATUS
                0x08003000       0xf8 build/mimic.o
                0x08003000                Mimic_CMD_I2C_STATUS
 .text.Mimic_CMD_HELP
                0x080030f8      0x1bc build/mimic.o
                0x080030f8                Mimic_CMD_HELP
 .text.Mimic_CMD_VERSION
                0x080032b4       0x34 build/mimic.o
                0x080032b4                Mimic_CMD_VERSION
 .text.Mimic_CMD_STATUS
                0x080032e8       0xb8 build/mimic.o
                0x080032e8                Mimic_CMD_STATUS
 .text.Mimic_CMD_RESET
                0x080033a0       0x18 build/mimic.o
                0x080033a0                Mimic_CMD_RESET
 .text.Mimic_CMD_UART_POLL
                0x080033b8       0xfc build/mimic.o
                0x080033b8                Mimic_CMD_UART_POLL
 .text.Mimic_ProcessCommand
                0x080034b4      0x464 build/mimic.o
                0x080034b4                Mimic_ProcessCommand
 .text.HAL_I2C_AddrCallback
                0x08003918       0x40 build/mimic.o
                0x08003918                HAL_I2C_AddrCallback
 .text.HAL_I2C_SlaveRxCpltCallback
                0x08003958       0x50 build/mimic.o
                0x08003958                HAL_I2C_SlaveRxCpltCallback
 .text.HAL_I2C_SlaveTxCpltCallback
                0x080039a8        0x2 build/mimic.o
                0x080039a8                HAL_I2C_SlaveTxCpltCallback
 .text.HAL_I2C_ListenCpltCallback
                0x080039aa        0x8 build/mimic.o
                0x080039aa                HAL_I2C_ListenCpltCallback
 .text.HAL_I2C_ErrorCallback
                0x080039b2        0x8 build/mimic.o
                0x080039b2                HAL_I2C_ErrorCallback
 *fill*         0x080039ba        0x2 
 .text.HAL_SPI_TxRxCpltCallback
                0x080039bc       0x78 build/mimic.o
                0x080039bc                HAL_SPI_TxRxCpltCallback
 .text.HAL_GPIO_EXTI_Callback
                0x08003a34       0x48 build/mimic.o
                0x08003a34                HAL_GPIO_EXTI_Callback
 .text.Mimic_SPI_Sync
                0x08003a7c       0x2c build/mimic.o
                0x08003a7c                Mimic_SPI_Sync
 .text.Mimic_Process
                0x08003aa8       0xc4 build/mimic.o
                0x08003aa8                Mimic_Process
 .text.HAL_SPI_ErrorCallback
                0x08003b6c       0x2c build/mimic.o
                0x08003b6c                HAL_SPI_ErrorCallback
 .text.NMI_Handler
                0x08003b98        0x2 build/stm32f4xx_it.o
                0x08003b98                NMI_Handler
 .text.HardFault_Handler
                0x08003b9a        0x2 build/stm32f4xx_it.o
                0x08003b9a                HardFault_Handler
 .text.MemManage_Handler
                0x08003b9c        0x2 build/stm32f4xx_it.o
                0x08003b9c                MemManage_Handler
 .text.BusFault_Handler
                0x08003b9e        0x2 build/stm32f4xx_it.o
                0x08003b9e                BusFault_Handler
 .text.UsageFault_Handler
                0x08003ba0        0x2 build/stm32f4xx_it.o
                0x08003ba0                UsageFault_Handler
 .text.SVC_Handler
                0x08003ba2        0x2 build/stm32f4xx_it.o
                0x08003ba2                SVC_Handler
 .text.DebugMon_Handler
                0x08003ba4        0x2 build/stm32f4xx_it.o
                0x08003ba4                DebugMon_Handler
 .text.PendSV_Handler
                0x08003ba6        0x2 build/stm32f4xx_it.o
                0x08003ba6                PendSV_Handler
 .text.SysTick_Handler
                0x08003ba8        0x8 build/stm32f4xx_it.o
                0x08003ba8                SysTick_Handler
 .text.USART1_IRQHandler
                0x08003bb0       0x10 build/stm32f4xx_it.o
                0x08003bb0                USART1_IRQHandler
 .text.USART2_IRQHandler
                0x08003bc0       0x10 build/stm32f4xx_it.o
                0x08003bc0                USART2_IRQHandler
 .text.USART6_IRQHandler
                0x08003bd0       0x10 build/stm32f4xx_it.o
                0x08003bd0                USART6_IRQHandler
 .text.I2C1_EV_IRQHandler
                0x08003be0       0x1c build/stm32f4xx_it.o
                0x08003be0                I2C1_EV_IRQHandler
 .text.I2C1_ER_IRQHandler
                0x08003bfc       0x10 build/stm32f4xx_it.o
                0x08003bfc                I2C1_ER_IRQHandler
 .text.EXTI4_IRQHandler
                0x08003c0c        0xa build/stm32f4xx_it.o
                0x08003c0c                EXTI4_IRQHandler
 *fill*         0x08003c16        0x2 
 .text.SPI1_IRQHandler
                0x08003c18       0x10 build/stm32f4xx_it.o
                0x08003c18                SPI1_IRQHandler
 .text.HAL_MspInit
                0x08003c28       0x40 build/stm32f4xx_hal_msp.o
                0x08003c28                HAL_MspInit
 .text.UART_EndRxTransfer
                0x08003c68       0x5c build/stm32f4xx_hal_uart.o
 .text.UART_Transmit_IT
                0x08003cc4       0x5e build/stm32f4xx_hal_uart.o
 *fill*         0x08003d22        0x2 
 .text.UART_SetConfig
                0x08003d24      0x110 build/stm32f4xx_hal_uart.o
 .text.UART_WaitOnFlagUntilTimeout
                0x08003e34       0x84 build/stm32f4xx_hal_uart.o
 .text.HAL_UART_Init
                0x08003eb8       0x60 build/stm32f4xx_hal_uart.o
                0x08003eb8                HAL_UART_Init
 .text.HAL_UART_Transmit
                0x08003f18       0xcc build/stm32f4xx_hal_uart.o
                0x08003f18                HAL_UART_Transmit
 .text.HAL_UART_Receive
                0x08003fe4       0xd2 build/stm32f4xx_hal_uart.o
                0x08003fe4                HAL_UART_Receive
 .text.HAL_UART_TxCpltCallback
                0x080040b6        0x2 build/stm32f4xx_hal_uart.o
                0x080040b6                HAL_UART_TxCpltCallback
 .text.UART_EndTransmit_IT
                0x080040b8       0x1a build/stm32f4xx_hal_uart.o
 .text.HAL_UART_ErrorCallback
                0x080040d2        0x2 build/stm32f4xx_hal_uart.o
                0x080040d2                HAL_UART_ErrorCallback
 .text.UART_DMAAbortOnError
                0x080040d4        0xe build/stm32f4xx_hal_uart.o
 .text.HAL_UARTEx_RxEventCallback
                0x080040e2        0x2 build/stm32f4xx_hal_uart.o
                0x080040e2                HAL_UARTEx_RxEventCallback
 .text.UART_Receive_IT
                0x080040e4       0xe0 build/stm32f4xx_hal_uart.o
 .text.HAL_UART_IRQHandler
                0x080041c4      0x29c build/stm32f4xx_hal_uart.o
                0x080041c4                HAL_UART_IRQHandler
 .text.UART_Start_Receive_IT
                0x08004460       0x36 build/stm32f4xx_hal_uart.o
                0x08004460                UART_Start_Receive_IT
 .text.HAL_UART_Receive_IT
                0x08004496       0x24 build/stm32f4xx_hal_uart.o
                0x08004496                HAL_UART_Receive_IT
 *fill*         0x080044ba        0x2 
 .text.SPI_AbortRx_ISR
                0x080044bc       0x68 build/stm32f4xx_hal_spi.o
 .text.SPI_AbortTx_ISR
                0x08004524       0x1c build/stm32f4xx_hal_spi.o
 .text.SPI_WaitFlagStateUntilTimeout
                0x08004540       0xc8 build/stm32f4xx_hal_spi.o
 .text.SPI_EndRxTxTransaction
                0x08004608       0x80 build/stm32f4xx_hal_spi.o
 .text.SPI_EndRxTransaction
                0x08004688       0x8c build/stm32f4xx_hal_spi.o
 .text.HAL_SPI_MspInit
                0x08004714        0x2 build/stm32f4xx_hal_spi.o
                0x08004714                HAL_SPI_MspInit
 .text.HAL_SPI_Init
                0x08004716       0xbe build/stm32f4xx_hal_spi.o
                0x08004716                HAL_SPI_Init
 .text.HAL_SPI_Transmit
                0x080047d4      0x1c4 build/stm32f4xx_hal_spi.o
                0x080047d4                HAL_SPI_Transmit
 .text.HAL_SPI_TransmitReceive
                0x08004998      0x264 build/stm32f4xx_hal_spi.o
                0x08004998                HAL_SPI_TransmitReceive
 .text.HAL_SPI_Receive
                0x08004bfc      0x184 build/stm32f4xx_hal_spi.o
                0x08004bfc                HAL_SPI_Receive
 .text.HAL_SPI_TransmitReceive_IT
                0x08004d80       0xd4 build/stm32f4xx_hal_spi.o
                0x08004d80                HAL_SPI_TransmitReceive_IT
 .text.HAL_SPI_Abort
                0x08004e54      0x140 build/stm32f4xx_hal_spi.o
                0x08004e54                HAL_SPI_Abort
 .text.HAL_SPI_RxCpltCallback
                0x08004f94        0x2 build/stm32f4xx_hal_spi.o
                0x08004f94                HAL_SPI_RxCpltCallback
 *fill*         0x08004f96        0x2 
 .text.SPI_CloseRxTx_ISR
                0x08004f98       0xac build/stm32f4xx_hal_spi.o
 .text.SPI_2linesTxISR_8BIT
                0x08005044       0x38 build/stm32f4xx_hal_spi.o
 .text.SPI_2linesRxISR_8BIT
                0x0800507c       0x38 build/stm32f4xx_hal_spi.o
 .text.SPI_2linesTxISR_16BIT
                0x080050b4       0x38 build/stm32f4xx_hal_spi.o
 .text.SPI_2linesRxISR_16BIT
                0x080050ec       0x38 build/stm32f4xx_hal_spi.o
 .text.HAL_SPI_IRQHandler
                0x08005124      0x12c build/stm32f4xx_hal_spi.o
                0x08005124                HAL_SPI_IRQHandler
 .text.SPI_DMAAbortOnError
                0x08005250       0x10 build/stm32f4xx_hal_spi.o
 .text.HAL_SPI_AbortCpltCallback
                0x08005260        0x2 build/stm32f4xx_hal_spi.o
                0x08005260                HAL_SPI_AbortCpltCallback
 *fill*         0x08005262        0x2 
 .text.HAL_SPI_Abort_IT
                0x08005264      0x164 build/stm32f4xx_hal_spi.o
                0x08005264                HAL_SPI_Abort_IT
 .text.SPI_DMARxAbortCallback
                0x080053c8       0x76 build/stm32f4xx_hal_spi.o
 *fill*         0x0800543e        0x2 
 .text.SPI_DMATxAbortCallback
                0x08005440       0x8c build/stm32f4xx_hal_spi.o
 .text.I2C_Flush_DR
                0x080054cc       0x10 build/stm32f4xx_hal_i2c.o
 .text.I2C_Master_SB
                0x080054dc       0xa4 build/stm32f4xx_hal_i2c.o
 .text.I2C_Master_ADD10
                0x08005580       0x2a build/stm32f4xx_hal_i2c.o
 .text.I2C_Master_ADDR
                0x080055aa      0x202 build/stm32f4xx_hal_i2c.o
 .text.I2C_SlaveTransmit_BTF
                0x080057ac       0x20 build/stm32f4xx_hal_i2c.o
 .text.I2C_SlaveReceive_BTF
                0x080057cc       0x20 build/stm32f4xx_hal_i2c.o
 .text.I2C_WaitOnSTOPRequestThroughIT
                0x080057ec       0x48 build/stm32f4xx_hal_i2c.o
 .text.I2C_IsAcknowledgeFailed
                0x08005834       0x32 build/stm32f4xx_hal_i2c.o
 .text.I2C_ConvertOtherXferOptions
                0x08005866       0x1e build/stm32f4xx_hal_i2c.o
 .text.I2C_WaitOnFlagUntilTimeout
                0x08005884       0xaa build/stm32f4xx_hal_i2c.o
 .text.I2C_WaitOnMasterAddressFlagUntilTimeout
                0x0800592e       0xd4 build/stm32f4xx_hal_i2c.o
 *fill*         0x08005a02        0x2 
 .text.I2C_MasterRequestWrite
                0x08005a04       0xb4 build/stm32f4xx_hal_i2c.o
 .text.I2C_MasterRequestRead
                0x08005ab8      0x120 build/stm32f4xx_hal_i2c.o
 .text.I2C_WaitOnTXEFlagUntilTimeout
                0x08005bd8       0x5e build/stm32f4xx_hal_i2c.o
 *fill*         0x08005c36        0x2 
 .text.I2C_RequestMemoryRead
                0x08005c38      0x144 build/stm32f4xx_hal_i2c.o
 .text.I2C_WaitOnBTFFlagUntilTimeout
                0x08005d7c       0x5e build/stm32f4xx_hal_i2c.o
 .text.I2C_WaitOnRXNEFlagUntilTimeout
                0x08005dda       0x78 build/stm32f4xx_hal_i2c.o
 .text.HAL_I2C_MspInit
                0x08005e52        0x2 build/stm32f4xx_hal_i2c.o
                0x08005e52                HAL_I2C_MspInit
 .text.HAL_I2C_Init
                0x08005e54      0x1d8 build/stm32f4xx_hal_i2c.o
                0x08005e54                HAL_I2C_Init
 .text.HAL_I2C_MspDeInit
                0x0800602c        0x2 build/stm32f4xx_hal_i2c.o
                0x0800602c                HAL_I2C_MspDeInit
 .text.HAL_I2C_DeInit
                0x0800602e       0x32 build/stm32f4xx_hal_i2c.o
                0x0800602e                HAL_I2C_DeInit
 .text.HAL_I2C_Master_Transmit
                0x08006060      0x180 build/stm32f4xx_hal_i2c.o
                0x08006060                HAL_I2C_Master_Transmit
 .text.HAL_I2C_Master_Receive
                0x080061e0      0x30c build/stm32f4xx_hal_i2c.o
                0x080061e0                HAL_I2C_Master_Receive
 .text.HAL_I2C_Slave_Transmit
                0x080064ec      0x198 build/stm32f4xx_hal_i2c.o
                0x080064ec                HAL_I2C_Slave_Transmit
 .text.HAL_I2C_Mem_Read
                0x08006684      0x308 build/stm32f4xx_hal_i2c.o
                0x08006684                HAL_I2C_Mem_Read
 .text.HAL_I2C_IsDeviceReady
                0x0800698c      0x188 build/stm32f4xx_hal_i2c.o
                0x0800698c                HAL_I2C_IsDeviceReady
 .text.HAL_I2C_Slave_Seq_Transmit_IT
                0x08006b14       0xa4 build/stm32f4xx_hal_i2c.o
                0x08006b14                HAL_I2C_Slave_Seq_Transmit_IT
 .text.HAL_I2C_Slave_Seq_Receive_IT
                0x08006bb8       0xa4 build/stm32f4xx_hal_i2c.o
                0x08006bb8                HAL_I2C_Slave_Seq_Receive_IT
 .text.HAL_I2C_EnableListen_IT
                0x08006c5c       0x3c build/stm32f4xx_hal_i2c.o
                0x08006c5c                HAL_I2C_EnableListen_IT
 .text.HAL_I2C_MasterTxCpltCallback
                0x08006c98        0x2 build/stm32f4xx_hal_i2c.o
                0x08006c98                HAL_I2C_MasterTxCpltCallback
 .text.HAL_I2C_MasterRxCpltCallback
                0x08006c9a        0x2 build/stm32f4xx_hal_i2c.o
                0x08006c9a                HAL_I2C_MasterRxCpltCallback
 .text.I2C_SlaveTransmit_TXE
                0x08006c9c       0x4c build/stm32f4xx_hal_i2c.o
 .text.I2C_SlaveReceive_RXNE
                0x08006ce8       0x4c build/stm32f4xx_hal_i2c.o
 .text.I2C_Slave_ADDR
                0x08006d34       0x58 build/stm32f4xx_hal_i2c.o
 .text.I2C_Slave_AF
                0x08006d8c       0xa0 build/stm32f4xx_hal_i2c.o
 .text.HAL_I2C_MemTxCpltCallback
                0x08006e2c        0x2 build/stm32f4xx_hal_i2c.o
                0x08006e2c                HAL_I2C_MemTxCpltCallback
 .text.I2C_MasterTransmit_BTF
                0x08006e2e       0x9a build/stm32f4xx_hal_i2c.o
 .text.I2C_MemoryTransmit_TXE_BTF
                0x08006ec8       0xc4 build/stm32f4xx_hal_i2c.o
 .text.I2C_MasterTransmit_TXE
                0x08006f8c       0xd4 build/stm32f4xx_hal_i2c.o
 .text.HAL_I2C_MemRxCpltCallback
                0x08007060        0x2 build/stm32f4xx_hal_i2c.o
                0x08007060                HAL_I2C_MemRxCpltCallback
 .text.I2C_MasterReceive_BTF
                0x08007062      0x134 build/stm32f4xx_hal_i2c.o
 .text.I2C_MasterReceive_RXNE
                0x08007196      0x102 build/stm32f4xx_hal_i2c.o
 .text.HAL_I2C_AbortCpltCallback
                0x08007298        0x2 build/stm32f4xx_hal_i2c.o
                0x08007298                HAL_I2C_AbortCpltCallback
 *fill*         0x0800729a        0x2 
 .text.I2C_DMAAbort
                0x0800729c       0xe0 build/stm32f4xx_hal_i2c.o
 .text.I2C_ITError
                0x0800737c      0x184 build/stm32f4xx_hal_i2c.o
 .text.I2C_Slave_STOPF
                0x08007500      0x188 build/stm32f4xx_hal_i2c.o
 .text.HAL_I2C_EV_IRQHandler
                0x08007688      0x1b0 build/stm32f4xx_hal_i2c.o
                0x08007688                HAL_I2C_EV_IRQHandler
 .text.HAL_I2C_ER_IRQHandler
                0x08007838       0xc2 build/stm32f4xx_hal_i2c.o
                0x08007838                HAL_I2C_ER_IRQHandler
 .text.HAL_I2CEx_ConfigAnalogFilter
                0x080078fa       0x42 build/stm32f4xx_hal_i2c_ex.o
                0x080078fa                HAL_I2CEx_ConfigAnalogFilter
 .text.HAL_I2CEx_ConfigDigitalFilter
                0x0800793c       0x40 build/stm32f4xx_hal_i2c_ex.o
                0x0800793c                HAL_I2CEx_ConfigDigitalFilter
 .text.HAL_RCC_OscConfig
                0x0800797c      0x3fc build/stm32f4xx_hal_rcc.o
                0x0800797c                HAL_RCC_OscConfig
 .text.HAL_RCC_GetSysClockFreq
                0x08007d78       0xdc build/stm32f4xx_hal_rcc.o
                0x08007d78                HAL_RCC_GetSysClockFreq
 .text.HAL_RCC_ClockConfig
                0x08007e54      0x160 build/stm32f4xx_hal_rcc.o
                0x08007e54                HAL_RCC_ClockConfig
 .text.HAL_RCC_GetHCLKFreq
                0x08007fb4        0xc build/stm32f4xx_hal_rcc.o
                0x08007fb4                HAL_RCC_GetHCLKFreq
 .text.HAL_RCC_GetPCLK1Freq
                0x08007fc0       0x20 build/stm32f4xx_hal_rcc.o
                0x08007fc0                HAL_RCC_GetPCLK1Freq
 .text.HAL_RCC_GetPCLK2Freq
                0x08007fe0       0x20 build/stm32f4xx_hal_rcc.o
                0x08007fe0                HAL_RCC_GetPCLK2Freq
 .text.HAL_GPIO_Init
                0x08008000      0x1e0 build/stm32f4xx_hal_gpio.o
                0x08008000                HAL_GPIO_Init
 .text.HAL_GPIO_ReadPin
                0x080081e0        0xe build/stm32f4xx_hal_gpio.o
                0x080081e0                HAL_GPIO_ReadPin
 .text.HAL_GPIO_WritePin
                0x080081ee        0xc build/stm32f4xx_hal_gpio.o
                0x080081ee                HAL_GPIO_WritePin
 .text.HAL_GPIO_TogglePin
                0x080081fa       0x12 build/stm32f4xx_hal_gpio.o
                0x080081fa                HAL_GPIO_TogglePin
 .text.HAL_GPIO_EXTI_IRQHandler
                0x0800820c       0x1c build/stm32f4xx_hal_gpio.o
                0x0800820c                HAL_GPIO_EXTI_IRQHandler
 .text.HAL_DMA_Abort
                0x08008228       0x94 build/stm32f4xx_hal_dma.o
                0x08008228                HAL_DMA_Abort
 .text.HAL_DMA_Abort_IT
                0x080082bc       0x24 build/stm32f4xx_hal_dma.o
                0x080082bc                HAL_DMA_Abort_IT
 .text.HAL_DMA_GetState
                0x080082e0        0x6 build/stm32f4xx_hal_dma.o
                0x080082e0                HAL_DMA_GetState
 *fill*         0x080082e6        0x2 
 .text.__NVIC_EnableIRQ
                0x080082e8       0x1c build/stm32f4xx_hal_cortex.o
 .text.__NVIC_SetPriority
                0x08008304       0x28 build/stm32f4xx_hal_cortex.o
 .text.NVIC_EncodePriority
                0x0800832c       0x46 build/stm32f4xx_hal_cortex.o
 *fill*         0x08008372        0x2 
 .text.HAL_NVIC_SetPriorityGrouping
                0x08008374       0x24 build/stm32f4xx_hal_cortex.o
                0x08008374                HAL_NVIC_SetPriorityGrouping
 .text.HAL_NVIC_SetPriority
                0x08008398       0x20 build/stm32f4xx_hal_cortex.o
                0x08008398                HAL_NVIC_SetPriority
 .text.HAL_NVIC_EnableIRQ
                0x080083b8        0x8 build/stm32f4xx_hal_cortex.o
                0x080083b8                HAL_NVIC_EnableIRQ
 .text.HAL_SYSTICK_Config
                0x080083c0       0x28 build/stm32f4xx_hal_cortex.o
                0x080083c0                HAL_SYSTICK_Config
 .text.HAL_InitTick
                0x080083e8       0x4c build/stm32f4xx_hal.o
                0x080083e8                HAL_InitTick
 .text.HAL_Init
                0x08008434       0x34 build/stm32f4xx_hal.o
                0x08008434                HAL_Init
 .text.HAL_IncTick
                0x08008468       0x18 build/stm32f4xx_hal.o
                0x08008468                HAL_IncTick
 .text.HAL_GetTick
                0x08008480        0xc build/stm32f4xx_hal.o
                0x08008480                HAL_GetTick
 .text.HAL_Delay
                0x0800848c       0x28 build/stm32f4xx_hal.o
                0x0800848c                HAL_Delay
 .text.SystemInit
                0x080084b4       0x14 build/system_stm32f4xx.o
                0x080084b4                SystemInit
 .text._sbrk    0x080084c8       0x4c build/sysmem.o
                0x080084c8                _sbrk
 .text._getpid  0x08008514        0x4 build/syscalls.o
                0x08008514                _getpid
 .text._kill    0x08008518       0x10 build/syscalls.o
                0x08008518                _kill
 .text._exit    0x08008528        0xc build/syscalls.o
                0x08008528                _exit
 .text._read    0x08008534       0x20 build/syscalls.o
                0x08008534                _read
 .text._write   0x08008554       0x1c build/syscalls.o
                0x08008554                _write
 .text._close   0x08008570        0x6 build/syscalls.o
                0x08008570                _close
 .text._fstat   0x08008576        0xa build/syscalls.o
                0x08008576                _fstat
 .text._isatty  0x08008580        0x4 build/syscalls.o
                0x08008580                _isatty
 .text._lseek   0x08008584        0x4 build/syscalls.o
                0x08008584                _lseek
 .text.Reset_Handler
                0x08008588       0x50 build/startup_stm32f411xe.o
                0x08008588                Reset_Handler
 .text.Default_Handler
                0x080085d8        0x2 build/startup_stm32f411xe.o
                0x080085d8                RTC_Alarm_IRQHandler
                0x080085d8                EXTI2_IRQHandler
                0x080085d8                SPI4_IRQHandler
                0x080085d8                TIM1_CC_IRQHandler
                0x080085d8                DMA2_Stream5_IRQHandler
                0x080085d8                DMA1_Stream5_IRQHandler
                0x080085d8                PVD_IRQHandler
                0x080085d8                SDIO_IRQHandler
                0x080085d8                TAMP_STAMP_IRQHandler
                0x080085d8                EXTI3_IRQHandler
                0x080085d8                TIM1_UP_TIM10_IRQHandler
                0x080085d8                I2C3_ER_IRQHandler
                0x080085d8                EXTI0_IRQHandler
                0x080085d8                I2C2_EV_IRQHandler
                0x080085d8                DMA1_Stream2_IRQHandler
                0x080085d8                FPU_IRQHandler
                0x080085d8                DMA2_Stream2_IRQHandler
                0x080085d8                TIM1_BRK_TIM9_IRQHandler
                0x080085d8                DMA2_Stream3_IRQHandler
                0x080085d8                DMA2_Stream0_IRQHandler
                0x080085d8                TIM4_IRQHandler
                0x080085d8                DMA1_Stream6_IRQHandler
                0x080085d8                DMA1_Stream1_IRQHandler
                0x080085d8                TIM3_IRQHandler
                0x080085d8                RCC_IRQHandler
                0x080085d8                Default_Handler
                0x080085d8                EXTI15_10_IRQHandler
                0x080085d8                ADC_IRQHandler
                0x080085d8                DMA1_Stream7_IRQHandler
                0x080085d8                SPI5_IRQHandler
                0x080085d8                TIM5_IRQHandler
                0x080085d8                DMA2_Stream7_IRQHandler
                0x080085d8                I2C3_EV_IRQHandler
                0x080085d8                EXTI9_5_IRQHandler
                0x080085d8                RTC_WKUP_IRQHandler
                0x080085d8                SPI2_IRQHandler
                0x080085d8                DMA1_Stream0_IRQHandler
                0x080085d8                WWDG_IRQHandler
                0x080085d8                TIM2_IRQHandler
                0x080085d8                OTG_FS_WKUP_IRQHandler
                0x080085d8                TIM1_TRG_COM_TIM11_IRQHandler
                0x080085d8                EXTI1_IRQHandler
                0x080085d8                I2C2_ER_IRQHandler
                0x080085d8                DMA2_Stream1_IRQHandler
                0x080085d8                FLASH_IRQHandler
                0x080085d8                DMA2_Stream4_IRQHandler
                0x080085d8                OTG_FS_IRQHandler
                0x080085d8                SPI3_IRQHandler
                0x080085d8                DMA1_Stream4_IRQHandler
                0x080085d8                DMA2_Stream6_IRQHandler
                0x080085d8                DMA1_Stream3_IRQHandler
 .text.atoi     0x080085da        0x8 /usr/lib/gcc/arm-none-eabi/15.2.0/../../../../arm-none-eabi/lib/thumb/v7e-m+fp/hard/libc_nano.a(libc_a-atoi.o)
                0x080085da                atoi
 *fill*         0x080085e2        0x2 
 .text._strtol_l.isra.0
                0x080085e4       0xf4 /usr/lib/gcc/arm-none-eabi/15.2.0/../../../../arm-none-eabi/lib/thumb/v7e-m+fp/hard/libc_nano.a(libc_a-strtol.o)
 .text.strtol   0x080086d8       0x14 /usr/lib/gcc/arm-none-eabi/15.2.0/../../../../arm-none-eabi/lib/thumb/v7e-m+fp/hard/libc_nano.a(libc_a-strtol.o)
                0x080086d8                strtol
 .text._strtoul_l.isra.0
                0x080086ec       0xdc /usr/lib/gcc/arm-none-eabi/15.2.0/../../../../arm-none-eabi/lib/thumb/v7e-m+fp/hard/libc_nano.a(libc_a-strtoul.o)
 .text.strtoul  0x080087c8       0x14 /usr/lib/gcc/arm-none-eabi/15.2.0/../../../../arm-none-eabi/lib/thumb/v7e-m+fp/hard/libc_nano.a(libc_a-strtoul.o)
                0x080087c8                strtoul
 .text.std      0x080087dc       0x6c /usr/lib/gcc/arm-none-eabi/15.2.0/../../../../arm-none-eabi/lib/thumb/v7e-m+fp/hard/libc_nano.a(libc_a-findfp.o)
 .text.stdio_exit_handler
                0x08008848       0x18 /usr/lib/gcc/arm-none-eabi/15.2.0/../../../../arm-none-eabi/lib/thumb/v7e-m+fp/hard/libc_nano.a(libc_a-findfp.o)
 .text.cleanup_stdio
                0x08008860       0x40 /usr/lib/gcc/arm-none-eabi/15.2.0/../../../../arm-none-eabi/lib/thumb/v7e-m+fp/hard/libc_nano.a(libc_a-findfp.o)
 .text.global_stdio_init.part.0
                0x080088a0       0x40 /usr/lib/gcc/arm-none-eabi/15.2.0/../../../../arm-none-eabi/lib/thumb/v7e-m+fp/hard/libc_nano.a(libc_a-findfp.o)
 .text.__sfp_lock_acquire
                0x080088e0        0xc /usr/lib/gcc/arm-none-eabi/15.2.0/../../../../arm-none-eabi/lib/thumb/v7e-m+fp/hard/libc_nano.a(libc_a-findfp.o)
                0x080088e0                __sfp_lock_acquire
 .text.__sfp_lock_release
                0x080088ec        0xc /usr/lib/gcc/arm-none-eabi/15.2.0/../../../../arm-none-eabi/lib/thumb/v7e-m+fp/hard/libc_nano.a(libc_a-findfp.o)
                0x080088ec                __sfp_lock_release
 .text.__sinit  0x080088f8       0x30 /usr/lib/gcc/arm-none-eabi/15.2.0/../../../../arm-none-eabi/lib/thumb/v7e-m+fp/hard/libc_nano.a(libc_a-findfp.o)
                0x080088f8                __sinit
 .text._fwalk_sglue
                0x08008928       0x3a /usr/lib/gcc/arm-none-eabi/15.2.0/../../../../arm-none-eabi/lib/thumb/v7e-m+fp/hard/libc_nano.a(libc_a-fwalk.o)
                0x08008928                _fwalk_sglue
 *fill*         0x08008962        0x2 
 .text.snprintf
                0x08008964       0x64 /usr/lib/gcc/arm-none-eabi/15.2.0/../../../../arm-none-eabi/lib/thumb/v7e-m+fp/hard/libc_nano.a(libc_a-snprintf.o)
                0x08008964                snprintf
                0x08008964                sniprintf
 .text.__sread  0x080089c8       0x22 /usr/lib/gcc/arm-none-eabi/15.2.0/../../../../arm-none-eabi/lib/thumb/v7e-m+fp/hard/libc_nano.a(libc_a-stdio.o)
                0x080089c8                __sread
 .text.__swrite
                0x080089ea       0x38 /usr/lib/gcc/arm-none-eabi/15.2.0/../../../../arm-none-eabi/lib/thumb/v7e-m+fp/hard/libc_nano.a(libc_a-stdio.o)
                0x080089ea                __swrite
 .text.__sseek  0x08008a22       0x26 /usr/lib/gcc/arm-none-eabi/15.2.0/../../../../arm-none-eabi/lib/thumb/v7e-m+fp/hard/libc_nano.a(libc_a-stdio.o)
                0x08008a22                __sseek
 .text.__sclose
                0x08008a48        0x8 /usr/lib/gcc/arm-none-eabi/15.2.0/../../../../arm-none-eabi/lib/thumb/v7e-m+fp/hard/libc_nano.a(libc_a-stdio.o)
                0x08008a48                __sclose
 .text._vsnprintf_r
                0x08008a50       0x50 /usr/lib/gcc/arm-none-eabi/15.2.0/../../../../arm-none-eabi/lib/thumb/v7e-m+fp/hard/libc_nano.a(libc_a-vsnprintf.o)
                0x08008a50                _vsnprintf_r
                0x08008a50                _vsniprintf_r
 .text.vsnprintf
                0x08008aa0       0x1c /usr/lib/gcc/arm-none-eabi/15.2.0/../../../../arm-none-eabi/lib/thumb/v7e-m+fp/hard/libc_nano.a(libc_a-vsnprintf.o)
                0x08008aa0                vsnprintf
                0x08008aa0                vsniprintf
 .text.memcmp   0x08008abc       0x20 /usr/lib/gcc/arm-none-eabi/15.2.0/../../../../arm-none-eabi/lib/thumb/v7e-m+fp/hard/libc_nano.a(libc_a-memcmp.o)
                0x08008abc                memcmp
 .text.memset   0x08008adc       0x10 /usr/lib/gcc/arm-none-eabi/15.2.0/../../../../arm-none-eabi/lib/thumb/v7e-m+fp/hard/libc_nano.a(libc_a-memset.o)
                0x08008adc                memset
 .text.strcasecmp
                0x08008aec       0x3c /usr/lib/gcc/arm-none-eabi/15.2.0/../../../../arm-none-eabi/lib/thumb/v7e-m+fp/hard/libc_nano.a(libc_a-strcasecmp.o)
                0x08008aec                strcasecmp
 .text.strcat   0x08008b28       0x1e /usr/lib/gcc/arm-none-eabi/15.2.0/../../../../arm-none-eabi/lib/thumb/v7e-m+fp/hard/libc_nano.a(libc_a-strcat.o)
                0x08008b28                strcat
 .text.strncpy  0x08008b46       0x26 /usr/lib/gcc/arm-none-eabi/15.2.0/../../../../arm-none-eabi/lib/thumb/v7e-m+fp/hard/libc_nano.a(libc_a-strncpy.o)
                0x08008b46                strncpy
 .text.strtok   0x08008b6c       0x7c /usr/lib/gcc/arm-none-eabi/15.2.0/../../../../arm-none-eabi/lib/thumb/v7e-m+fp/hard/libc_nano.a(libc_a-strtok.o)
                0x08008b6c                strtok
 .text.__strtok_r
                0x08008be8       0x50 /usr/lib/gcc/arm-none-eabi/15.2.0/../../../../arm-none-eabi/lib/thumb/v7e-m+fp/hard/libc_nano.a(libc_a-strtok_r.o)
                0x08008be8                __strtok_r
 .text._close_r
                0x08008c38       0x20 /usr/lib/gcc/arm-none-eabi/15.2.0/../../../../arm-none-eabi/lib/thumb/v7e-m+fp/hard/libc_nano.a(libc_a-closer.o)
                0x08008c38                _close_r
 .text._lseek_r
                0x08008c58       0x24 /usr/lib/gcc/arm-none-eabi/15.2.0/../../../../arm-none-eabi/lib/thumb/v7e-m+fp/hard/libc_nano.a(libc_a-lseekr.o)
                0x08008c58                _lseek_r
 .text._read_r  0x08008c7c       0x24 /usr/lib/gcc/arm-none-eabi/15.2.0/../../../../arm-none-eabi/lib/thumb/v7e-m+fp/hard/libc_nano.a(libc_a-readr.o)
                0x08008c7c                _read_r
 .text._write_r
                0x08008ca0       0x24 /usr/lib/gcc/arm-none-eabi/15.2.0/../../../../arm-none-eabi/lib/thumb/v7e-m+fp/hard/libc_nano.a(libc_a-writer.o)
                0x08008ca0                _write_r
 .text.__errno  0x08008cc4        0xc /usr/lib/gcc/arm-none-eabi/15.2.0/../../../../arm-none-eabi/lib/thumb/v7e-m+fp/hard/libc_nano.a(libc_a-errno.o)
                0x08008cc4                __errno
 .text.__libc_init_array
                0x08008cd0       0x48 /usr/lib/gcc/arm-none-eabi/15.2.0/../../../../arm-none-eabi/lib/thumb/v7e-m+fp/hard/libc_nano.a(libc_a-init.o)
                0x08008cd0                __libc_init_array
 .text.__retarget_lock_init_recursive
                0x08008d18        0x2 /usr/lib/gcc/arm-none-eabi/15.2.0/../../../../arm-none-eabi/lib/thumb/v7e-m+fp/hard/libc_nano.a(libc_a-lock.o)
                0x08008d18                __retarget_lock_init_recursive
 .text.__retarget_lock_acquire_recursive
                0x08008d1a        0x2 /usr/lib/gcc/arm-none-eabi/15.2.0/../../../../arm-none-eabi/lib/thumb/v7e-m+fp/hard/libc_nano.a(libc_a-lock.o)
                0x08008d1a                __retarget_lock_acquire_recursive
 .text.__retarget_lock_release_recursive
                0x08008d1c        0x2 /usr/lib/gcc/arm-none-eabi/15.2.0/../../../../arm-none-eabi/lib/thumb/v7e-m+fp/hard/libc_nano.a(libc_a-lock.o)
                0x08008d1c                __retarget_lock_release_recursive
 *fill*         0x08008d1e        0x2 
 .text.__assert_func
                0x08008d20       0x3c /usr/lib/gcc/arm-none-eabi/15.2.0/../../../../arm-none-eabi/lib/thumb/v7e-m+fp/hard/libc_nano.a(libc_a-assert.o)
                0x08008d20                __assert_func
 .text._free_r  0x08008d5c       0x98 /usr/lib/gcc/arm-none-eabi/15.2.0/../../../../arm-none-eabi/lib/thumb/v7e-m+fp/hard/libc_nano.a(libc_a-freer.o)
                0x08008d5c                _free_r
 .text.malloc   0x08008df4       0x10 /usr/lib/gcc/arm-none-eabi/15.2.0/../../../../arm-none-eabi/lib/thumb/v7e-m+fp/hard/libc_nano.a(libc_a-malloc.o)
                0x08008df4                malloc
 .text.sbrk_aligned
                0x08008e04       0x44 /usr/lib/gcc/arm-none-eabi/15.2.0/../../../../arm-none-eabi/lib/thumb/v7e-m+fp/hard/libc_nano.a(libc_a-mallocr.o)
 .text._malloc_r
                0x08008e48       0xf8 /usr/lib/gcc/arm-none-eabi/15.2.0/../../../../arm-none-eabi/lib/thumb/v7e-m+fp/hard/libc_nano.a(libc_a-mallocr.o)
                0x08008e48                _malloc_r
 .text.__malloc_lock
                0x08008f40        0xc /usr/lib/gcc/arm-none-eabi/15.2.0/../../../../arm-none-eabi/lib/thumb/v7e-m+fp/hard/libc_nano.a(libc_a-mlock.o)
                0x08008f40                __malloc_lock
 .text.__malloc_unlock
                0x08008f4c        0xc /usr/lib/gcc/arm-none-eabi/15.2.0/../../../../arm-none-eabi/lib/thumb/v7e-m+fp/hard/libc_nano.a(libc_a-mlock.o)
                0x08008f4c                __malloc_unlock
 .text.__ssputs_r
                0x08008f58       0xc0 /usr/lib/gcc/arm-none-eabi/15.2.0/../../../../arm-none-eabi/lib/thumb/v7e-m+fp/hard/libc_nano.a(libc_a-nano-svfprintf.o)
                0x08008f58                __ssputs_r
 .text._svfprintf_r
                0x08009018      0x1e4 /usr/lib/gcc/arm-none-eabi/15.2.0/../../../../arm-none-eabi/lib/thumb/v7e-m+fp/hard/libc_nano.a(libc_a-nano-svfprintf.o)
                0x08009018                _svfprintf_r
                0x08009018                _svfiprintf_r
 .text._printf_common
                0x080091fc       0xea /usr/lib/gcc/arm-none-eabi/15.2.0/../../../../arm-none-eabi/lib/thumb/v7e-m+fp/hard/libc_nano.a(libc_a-nano-vfprintf_i.o)
                0x080091fc                _printf_common
 *fill*         0x080092e6        0x2 
 .text._printf_i
                0x080092e8      0x254 /usr/lib/gcc/arm-none-eabi/15.2.0/../../../../arm-none-eabi/lib/thumb/v7e-m+fp/hard/libc_nano.a(libc_a-nano-vfprintf_i.o)
                0x080092e8                _printf_i
 .text.__sflush_r
                0x0800953c      0x100 /usr/lib/gcc/arm-none-eabi/15.2.0/../../../../arm-none-eabi/lib/thumb/v7e-m+fp/hard/libc_nano.a(libc_a-fflush.o)
                0x0800953c                __sflush_r
 .text._fflush_r
                0x0800963c       0x50 /usr/lib/gcc/arm-none-eabi/15.2.0/../../../../arm-none-eabi/lib/thumb/v7e-m+fp/hard/libc_nano.a(libc_a-fflush.o)
                0x0800963c                _fflush_r
 .text.fprintf  0x0800968c       0x24 /usr/lib/gcc/arm-none-eabi/15.2.0/../../../../arm-none-eabi/lib/thumb/v7e-m+fp/hard/libc_nano.a(libc_a-fprintf.o)
                0x0800968c                fprintf
                0x0800968c                fiprintf
 .text.memmove  0x080096b0       0x32 /usr/lib/gcc/arm-none-eabi/15.2.0/../../../../arm-none-eabi/lib/thumb/v7e-m+fp/hard/libc_nano.a(libc_a-memmove.o)
                0x080096b0                memmove
 *fill*         0x080096e2        0x2 
 .text._sbrk_r  0x080096e4       0x20 /usr/lib/gcc/arm-none-eabi/15.2.0/../../../../arm-none-eabi/lib/thumb/v7e-m+fp/hard/libc_nano.a(libc_a-sbrkr.o)
                0x080096e4                _sbrk_r
 .text.memcpy   0x08009704       0x1c /usr/lib/gcc/arm-none-eabi/15.2.0/../../../../arm-none-eabi/lib/thumb/v7e-m+fp/hard/libc_nano.a(libc_a-memcpy-stub.o)
                0x08009704                memcpy
 .text.abort    0x08009720        0xe /usr/lib/gcc/arm-none-eabi/15.2.0/../../../../arm-none-eabi/lib/thumb/v7e-m+fp/hard/libc_nano.a(libc_a-abort.o)
                0x08009720                abort
 .text._realloc_r
                0x0800972e       0x5c /usr/lib/gcc/arm-none-eabi/15.2.0/../../../../arm-none-eabi/lib/thumb/v7e-m+fp/hard/libc_nano.a(libc_a-reallocr.o)
                0x0800972e                _realloc_r
 .text.__sfputc_r
                0x0800978a       0x2a /usr/lib/gcc/arm-none-eabi/15.2.0/../../../../arm-none-eabi/lib/thumb/v7e-m+fp/hard/libc_nano.a(libc_a-nano-vfprintf.o)
 .text.__sfputs_r
                0x080097b4       0x24 /usr/lib/gcc/arm-none-eabi/15.2.0/../../../../arm-none-eabi/lib/thumb/v7e-m+fp/hard/libc_nano.a(libc_a-nano-vfprintf.o)
                0x080097b4                __sfputs_r
 .text._vfprintf_r
                0x080097d8      0x21c /usr/lib/gcc/arm-none-eabi/15.2.0/../../../../arm-none-eabi/lib/thumb/v7e-m+fp/hard/libc_nano.a(libc_a-nano-vfprintf.o)
                0x080097d8                _vfiprintf_r
                0x080097d8                _vfprintf_r
 .text.__swbuf_r
                0x080099f4       0x7a /usr/lib/gcc/arm-none-eabi/15.2.0/../../../../arm-none-eabi/lib/thumb/v7e-m+fp/hard/libc_nano.a(libc_a-wbuf.o)
                0x080099f4                __swbuf_r
 *fill*         0x08009a6e        0x2 
 .text.__swsetup_r
                0x08009a70       0xa8 /usr/lib/gcc/arm-none-eabi/15.2.0/../../../../arm-none-eabi/lib/thumb/v7e-m+fp/hard/libc_nano.a(libc_a-wsetup.o)
                0x08009a70                __swsetup_r
 .text._raise_r
                0x08009b18       0x50 /usr/lib/gcc/arm-none-eabi/15.2.0/../../../../arm-none-eabi/lib/thumb/v7e-m+fp/hard/libc_nano.a(libc_a-signal.o)
                0x08009b18                _raise_r
 .text.raise    0x08009b68       0x10 /usr/lib/gcc/arm-none-eabi/15.2.0/../../../../arm-none-eabi/lib/thumb/v7e-m+fp/hard/libc_nano.a(libc_a-signal.o)
                0x08009b68                raise
 .text._kill_r  0x08009b78       0x24 /usr/lib/gcc/arm-none-eabi/15.2.0/../../../../arm-none-eabi/lib/thumb/v7e-m+fp/hard/libc_nano.a(libc_a-signalr.o)
                0x08009b78                _kill_r
 .text._getpid_r
                0x08009b9c        0x4 /usr/lib/gcc/arm-none-eabi/15.2.0/../../../../arm-none-eabi/lib/thumb/v7e-m+fp/hard/libc_nano.a(libc_a-signalr.o)
                0x08009b9c                _getpid_r
 .text._malloc_usable_size_r
                0x08009ba0       0x10 /usr/lib/gcc/arm-none-eabi/15.2.0/../../../../arm-none-eabi/lib/thumb/v7e-m+fp/hard/libc_nano.a(libc_a-msizer.o)
                0x08009ba0                _malloc_usable_size_r
 .text.__swhatbuf_r
                0x08009bb0       0x48 /usr/lib/gcc/arm-none-eabi/15.2.0/../../../../arm-none-eabi/lib/thumb/v7e-m+fp/hard/libc_nano.a(libc_a-makebuf.o)
                0x08009bb0                __swhatbuf_r
 .text.__smakebuf_r
                0x08009bf8       0x72 /usr/lib/gcc/arm-none-eabi/15.2.0/../../../../arm-none-eabi/lib/thumb/v7e-m+fp/hard/libc_nano.a(libc_a-makebuf.o)
                0x08009bf8                __smakebuf_r
 *fill*         0x08009c6a        0x2 
 .text._fstat_r
                0x08009c6c       0x24 /usr/lib/gcc/arm-none-eabi/15.2.0/../../../../arm-none-eabi/lib/thumb/v7e-m+fp/hard/libc_nano.a(libc_a-fstatr.o)
                0x08009c6c                _fstat_r
 .text._isatty_r
                0x08009c90       0x20 /usr/lib/gcc/arm-none-eabi/15.2.0/../../../../arm-none-eabi/lib/thumb/v7e-m+fp/hard/libc_nano.a(libc_a-isattyr.o)
                0x08009c90                _isatty_r
 *(.glue_7)
 .glue_7        0x08009cb0        0x0 linker stubs
 *(.glue_7t)
 .glue_7t       0x08009cb0        0x0 linker stubs
 *(.eh_frame)
 .eh_frame      0x08009cb0        0x0 /usr/lib/gcc/arm-none-eabi/15.2.0/thumb/v7e-m+fp/hard/crtbegin.o
 *(.init)
 .init          0x08009cb0        0x4 /usr/lib/gcc/arm-none-eabi/15.2.0/thumb/v7e-m+fp/hard/crti.o
                0x08009cb0                _init
 .init          0x08009cb4        0x8 /usr/lib/gcc/arm-none-eabi/15.2.0/thumb/v7e-m+fp/hard/crtn.o
 *(.fini)
 .fini          0x08009cbc        0x4 /usr/lib/gcc/arm-none-eabi/15.2.0/thumb/v7e-m+fp/hard/crti.o
                0x08009cbc                _fini
 .fini          0x08009cc0        0x8 /usr/lib/gcc/arm-none-eabi/15.2.0/thumb/v7e-m+fp/hard/crtn.o
                0x08009cc8                        . = ALIGN (0x4)
                0x08009cc8                        _etext = .

.vfp11_veneer   0x08009cc8        0x0
 .vfp11_veneer  0x08009cc8        0x0 linker stubs

.v4_bx          0x08009cc8        0x0
 .v4_bx         0x08009cc8        0x0 linker stubs

.iplt           0x08009cc8        0x0
 .iplt          0x08009cc8        0x0 /usr/lib/gcc/arm-none-eabi/15.2.0/thumb/v7e-m+fp/hard/crtbegin.o

.rodata         0x08009cc8     0x2508
                0x08009cc8                        . = ALIGN (0x4)
 *(.rodata)
 .rodata        0x08009cc8       0x90 build/mimic.o
 *(.rodata*)
 .rodata.Mimic_GetUARTHandle.str1.4
                0x08009d58     0x2257 build/mimic.o
                                 0x26 (size before relaxing)
 .rodata.Mimic_GetSPIHandle.str1.4
                0x0800bfaf        0x0 build/mimic.o
                                 0x36 (size before relaxing)
 .rodata.Mimic_Init.str1.4
                0x0800bfaf        0x0 build/mimic.o
                                 0x21 (size before relaxing)
 .rodata.Mimic_ParseCommand.str1.4
                0x0800bfaf        0x0 build/mimic.o
                                  0x3 (size before relaxing)
 .rodata.Mimic_CMD_PIN_STATUS.str1.4
                0x0800bfaf        0x0 build/mimic.o
                                 0xb3 (size before relaxing)
 .rodata.Mimic_CMD_PIN_SET_OUT.str1.4
                0x0800bfaf        0x0 build/mimic.o
                                 0x3a (size before relaxing)
 .rodata.Mimic_CMD_PIN_SET_IN.str1.4
                0x0800bfaf        0x0 build/mimic.o
                                 0x55 (size before relaxing)
 .rodata.Mimic_CMD_PIN_HIGH.str1.4
                0x0800bfaf        0x0 build/mimic.o
                                 0x28 (size before relaxing)
 .rodata.Mimic_CMD_PIN_LOW.str1.4
                0x0800bfaf        0x0 build/mimic.o
                                 0x27 (size before relaxing)
 .rodata.Mimic_CMD_PIN_READ.str1.4
                0x0800bfaf        0x0 build/mimic.o
                                 0x22 (size before relaxing)
 .rodata.Mimic_CMD_PIN_TOGGLE.str1.4
                0x0800bfaf        0x0 build/mimic.o
                                 0x33 (size before relaxing)
 .rodata.Mimic_CMD_PIN_MODE.str1.4
                0x0800bfaf        0x0 build/mimic.o
                                 0x7c (size before relaxing)
 .rodata.Mimic_CMD_UART_INIT.str1.4
                0x0800bfaf        0x0 build/mimic.o
                                0x123 (size before relaxing)
 .rodata.Mimic_CMD_UART_RS485.str1.4
                0x0800bfaf        0x0 build/mimic.o
                                 0xac (size before relaxing)
 .rodata.Mimic_CMD_UART_SEND.str1.4
                0x0800bfaf        0x0 build/mimic.o
                                 0x85 (size before relaxing)
 .rodata.Mimic_CMD_UART_RECV.str1.4
                0x0800bfaf        0x0 build/mimic.o
                                0x174 (size before relaxing)
 .rodata.Mimic_CMD_UART_STATUS.str1.4
                0x0800bfaf        0x0 build/mimic.o
                                 0x6f (size before relaxing)
 .rodata.Mimic_CMD_UART_TEST.str1.4
                0x0800bfaf        0x0 build/mimic.o
                                0x165 (size before relaxing)
 .rodata.Mimic_CMD_SPI_INIT.str1.4
                0x0800bfaf        0x0 build/mimic.o
                                0x2a9 (size before relaxing)
 .rodata.Mimic_CMD_SPI_SEND.str1.4
                0x0800bfaf        0x0 build/mimic.o
                                0x11c (size before relaxing)
 .rodata.Mimic_CMD_SPI_RECV.str1.4
                0x0800bfaf        0x0 build/mimic.o
                                 0x80 (size before relaxing)
 .rodata.Mimic_CMD_SPI_TRANSFER.str1.4
                0x0800bfaf        0x0 build/mimic.o
                                 0xd5 (size before relaxing)
 .rodata.Mimic_CMD_SPI_CS.str1.4
                0x0800bfaf        0x0 build/mimic.o
                                 0xdf (size before relaxing)
 .rodata.Mimic_CMD_SPI_STATUS.str1.4
                0x0800bfaf        0x0 build/mimic.o
                                 0xbc (size before relaxing)
 .rodata.Mimic_CMD_I2C_INIT.str1.4
                0x0800bfaf        0x0 build/mimic.o
                                0x1a6 (size before relaxing)
 .rodata.Mimic_CMD_I2C_SCAN.str1.4
                0x0800bfaf        0x0 build/mimic.o
                                 0xb7 (size before relaxing)
 .rodata.Mimic_CMD_I2C_WRITE.str1.4
                0x0800bfaf        0x0 build/mimic.o
                                 0xf3 (size before relaxing)
 .rodata.Mimic_CMD_I2C_READ.str1.4
                0x0800bfaf        0x0 build/mimic.o
                                 0xba (size before relaxing)
 .rodata.Mimic_CMD_I2C_REG_SET.str1.4
                0x0800bfaf        0x0 build/mimic.o
                                 0x3f (size before relaxing)
 .rodata.Mimic_CMD_I2C_REG_DATA.str1.4
                0x0800bfaf        0x0 build/mimic.o
                                 0x55 (size before relaxing)
 .rodata.Mimic_CMD_I2C_WRITE_READ.str1.4
                0x0800bfaf        0x0 build/mimic.o
                                 0xc4 (size before relaxing)
 .rodata.Mimic_CMD_I2C_STATUS.str1.4
                0x0800bfaf        0x0 build/mimic.o
                                 0x96 (size before relaxing)
 .rodata.Mimic_CMD_HELP.str1.4
                0x0800bfaf        0x0 build/mimic.o
                                0x7f6 (size before relaxing)
 .rodata.Mimic_CMD_VERSION.str1.4
                0x0800bfaf        0x0 build/mimic.o
                                 0x6b (size before relaxing)
 .rodata.Mimic_CMD_STATUS.str1.4
                0x0800bfaf        0x0 build/mimic.o
                                 0x9d (size before relaxing)
 .rodata.Mimic_CMD_RESET.str1.4
                0x0800bfaf        0x0 build/mimic.o
                                  0xf (size before relaxing)
 .rodata.Mimic_CMD_UART_POLL.str1.4
                0x0800bfaf        0x0 build/mimic.o
                                0x128 (size before relaxing)
 .rodata.Mimic_ProcessCommand.str1.4
                0x0800bfaf        0x0 build/mimic.o
                                0x202 (size before relaxing)
 .rodata.Mimic_Process.str1.4
                0x0800bfaf        0x0 build/mimic.o
                                  0x7 (size before relaxing)
 .rodata.str1.4
                0x0800bfaf        0x0 build/mimic.o
                                 0xd7 (size before relaxing)
 *fill*         0x0800bfaf        0x1 
 .rodata.spi_cs_pins
                0x0800bfb0       0x28 build/mimic.o
 .rodata.port_map
                0x0800bfd8       0x28 build/mimic.o
 .rodata.APBPrescTable
                0x0800c000        0x8 build/system_stm32f4xx.o
                0x0800c000                APBPrescTable
 .rodata.AHBPrescTable
                0x0800c008       0x10 build/system_stm32f4xx.o
                0x0800c008                AHBPrescTable
 .rodata._ctype_
                0x0800c018      0x101 /usr/lib/gcc/arm-none-eabi/15.2.0/../../../../arm-none-eabi/lib/thumb/v7e-m+fp/hard/libc_nano.a(libc_a-ctype_.o)
                0x0800c018                _ctype_
 .rodata.strtok.str1.1
                0x0800c119       0xb4 /usr/lib/gcc/arm-none-eabi/15.2.0/../../../../arm-none-eabi/lib/thumb/v7e-m+fp/hard/libc_nano.a(libc_a-strtok.o)
                                 0x45 (size before relaxing)
 .rodata.__assert_func.str1.1
                0x0800c1cd        0x0 /usr/lib/gcc/arm-none-eabi/15.2.0/../../../../arm-none-eabi/lib/thumb/v7e-m+fp/hard/libc_nano.a(libc_a-assert.o)
                                 0x3d (size before relaxing)
 .rodata._svfprintf_r.str1.1
                0x0800c1cd        0x0 /usr/lib/gcc/arm-none-eabi/15.2.0/../../../../arm-none-eabi/lib/thumb/v7e-m+fp/hard/libc_nano.a(libc_a-nano-svfprintf.o)
                                 0x11 (size before relaxing)
 .rodata._printf_i.str1.1
                0x0800c1cd        0x0 /usr/lib/gcc/arm-none-eabi/15.2.0/../../../../arm-none-eabi/lib/thumb/v7e-m+fp/hard/libc_nano.a(libc_a-nano-vfprintf_i.o)
                                 0x22 (size before relaxing)
 .rodata._vfprintf_r.str1.1
                0x0800c1cd        0x0 /usr/lib/gcc/arm-none-eabi/15.2.0/../../../../arm-none-eabi/lib/thumb/v7e-m+fp/hard/libc_nano.a(libc_a-nano-vfprintf.o)
                                 0x11 (size before relaxing)
                0x0800c1d0                        . = ALIGN (0x4)
 *fill*         0x0800c1cd        0x3 

.ARM.extab      0x0800c1d0        0x0
                0x0800c1d0                        . = ALIGN (0x4)
 *(.ARM.extab* .gnu.linkonce.armextab.*)
                0x0800c1d0                        . = ALIGN (0x4)

.ARM            0x0800c1d0        0x8
                0x0800c1d0                        . = ALIGN (0x4)
                0x0800c1d0                        __exidx_start = .
 *(.ARM.exidx*)
 .ARM.exidx     0x0800c1d0        0x8 /usr/lib/gcc/arm-none-eabi/15.2.0/../../../../arm-none-eabi/lib/thumb/v7e-m+fp/hard/libc_nano.a(libc_a-strcmp.o)
 .ARM.exidx     0x0800c1d8        0x0 /usr/lib/gcc/arm-none-eabi/15.2.0/../../../../arm-none-eabi/lib/thumb/v7e-m+fp/hard/libc_nano.a(libc_a-strlen.o)
                                  0x8 (size before relaxing)
 .ARM.exidx     0x0800c1d8        0x0 /usr/lib/gcc/arm-none-eabi/15.2.0/../../../../arm-none-eabi/lib/thumb/v7e-m+fp/hard/libc_nano.a(libc_a-memchr.o)
                                  0x8 (size before relaxing)
 .ARM.exidx     0x0800c1d8        0x0 /usr/lib/gcc/arm-none-eabi/15.2.0/thumb/v7e-m+fp/hard/libgcc.a(_udivmoddi4.o)
                                  0x8 (size before relaxing)
                0x0800c1d8                        __exidx_end = .
                0x0800c1d8                        . = ALIGN (0x4)

.preinit_array  0x0800c1d8        0x0
                0x0800c1d8                        . = ALIGN (0x4)
                0x0800c1d8                        PROVIDE (__preinit_array_start = .)
 *(.preinit_array*)
                0x0800c1d8                        PROVIDE (__preinit_array_end = .)
                0x0800c1d8                        . = ALIGN (0x4)

.init_array     0x0800c1d8        0x4
                0x0800c1d8                        . = ALIGN (0x4)
                0x0800c1d8                        PROVIDE (__init_array_start = .)
 *(SORT_BY_NAME(.init_array.*))
 *(.init_array*)
 .init_array    0x0800c1d8        0x4 /usr/lib/gcc/arm-none-eabi/15.2.0/thumb/v7e-m+fp/hard/crtbegin.o
                0x0800c1dc                        PROVIDE (__init_array_end = .)
                0x0800c1dc                        . = ALIGN (0x4)

.fini_array     0x0800c1dc        0x4
                0x0800c1dc                        . = ALIGN (0x4)
                0x0800c1dc                        PROVIDE (__fini_array_start = .)
 *(SORT_BY_NAME(.fini_array.*))
 *(.fini_array*)
 .fini_array    0x0800c1dc        0x4 /usr/lib/gcc/arm-none-eabi/15.2.0/thumb/v7e-m+fp/hard/crtbegin.o
                0x0800c1e0                        PROVIDE (__fini_array_end = .)
                0x0800c1e0                        . = ALIGN (0x4)
                0x0800c1e0                        _sidata = LOADADDR (.data)

.rel.dyn        0x0800c1e0        0x0
 .rel.iplt      0x0800c1e0        0x0 /usr/lib/gcc/arm-none-eabi/15.2.0/thumb/v7e-m+fp/hard/crtbegin.o

.data           0x20000000       0x68 load address 0x0800c1e0
                0x20000000                        . = ALIGN (0x4)
                0x20000000                        _sdata = .
 *(.data)
 *(.data*)
 .data.uwTickFreq
                0x20000000        0x1 build/stm32f4xx_hal.o
                0x20000000                uwTickFreq
 *fill*         0x20000001        0x3 
 .data.uwTickPrio
                0x20000004        0x4 build/stm32f4xx_hal.o
                0x20000004                uwTickPrio
 .data.SystemCoreClock
                0x20000008        0x4 build/system_stm32f4xx.o
                0x20000008                SystemCoreClock
 .data.__sglue  0x2000000c        0xc /usr/lib/gcc/arm-none-eabi/15.2.0/../../../../arm-none-eabi/lib/thumb/v7e-m+fp/hard/libc_nano.a(libc_a-findfp.o)
                0x2000000c                __sglue
 .data._impure_ptr
                0x20000018        0x4 /usr/lib/gcc/arm-none-eabi/15.2.0/../../../../arm-none-eabi/lib/thumb/v7e-m+fp/hard/libc_nano.a(libc_a-impure.o)
                0x20000018                _impure_ptr
 .data._impure_data
                0x2000001c       0x4c /usr/lib/gcc/arm-none-eabi/15.2.0/../../../../arm-none-eabi/lib/thumb/v7e-m+fp/hard/libc_nano.a(libc_a-impure.o)
                0x2000001c                _impure_data
 *(.RamFunc)
 *(.RamFunc*)
                0x20000068                        . = ALIGN (0x4)
                0x20000068                        _edata = .

.tm_clone_table
                0x20000068        0x0 load address 0x0800c248
 .tm_clone_table
                0x20000068        0x0 /usr/lib/gcc/arm-none-eabi/15.2.0/thumb/v7e-m+fp/hard/crtbegin.o
 .tm_clone_table
                0x20000068        0x0 /usr/lib/gcc/arm-none-eabi/15.2.0/thumb/v7e-m+fp/hard/crtend.o

.igot.plt       0x20000068        0x0 load address 0x0800c248
 .igot.plt      0x20000068        0x0 /usr/lib/gcc/arm-none-eabi/15.2.0/thumb/v7e-m+fp/hard/crtbegin.o
                0x20000068                        . = ALIGN (0x4)

.bss            0x20000068      0x7f4 load address 0x0800c248
                0x20000068                        _sbss = .
                0x20000068                        __bss_start__ = _sbss
 *(.bss)
 .bss           0x20000068       0x1c /usr/lib/gcc/arm-none-eabi/15.2.0/thumb/v7e-m+fp/hard/crtbegin.o
 *(.bss*)
 .bss.huart6    0x20000084       0x48 build/usart.o
                0x20000084                huart6
 .bss.huart2    0x200000cc       0x48 build/usart.o
                0x200000cc                huart2
 .bss.huart1    0x20000114       0x48 build/usart.o
                0x20000114                huart1
 .bss.last_blink.0
                0x2000015c        0x4 build/mimic.o
 .bss.i2c_first_byte_received
                0x20000160        0x1 build/mimic.o
 .bss.spi_active
                0x20000161        0x1 build/mimic.o
                0x20000161                spi_active
 .bss.spi_state
                0x20000162        0x1 build/mimic.o
                0x20000162                spi_state
 *fill*         0x20000163        0x1 
 .bss.spi_rx_buf
                0x20000164        0x2 build/mimic.o
 *fill*         0x20000166        0x2 
 .bss.spi_tx_buf
                0x20000168        0x2 build/mimic.o
 .bss.current_reg_addr
                0x2000016a        0x1 build/mimic.o
 *fill*         0x2000016b        0x1 
 .bss.i2c_register_map
                0x2000016c      0x100 build/mimic.o
 .bss.i2c_slave_rx_buffer
                0x2000026c       0x40 build/mimic.o
 .bss.i2c_states
                0x200002ac        0x3 build/mimic.o
 *fill*         0x200002af        0x1 
 .bss.hi2c3     0x200002b0       0x54 build/mimic.o
                0x200002b0                hi2c3
 .bss.hi2c2     0x20000304       0x54 build/mimic.o
                0x20000304                hi2c2
 .bss.hi2c1     0x20000358       0x54 build/mimic.o
                0x20000358                hi2c1
 .bss.hspi5     0x200003ac       0x58 build/mimic.o
                0x200003ac                hspi5
 .bss.hspi4     0x20000404       0x58 build/mimic.o
                0x20000404                hspi4
 .bss.hspi3     0x2000045c       0x58 build/mimic.o
                0x2000045c                hspi3
 .bss.hspi2     0x200004b4       0x58 build/mimic.o
                0x200004b4                hspi2
 .bss.hspi1     0x2000050c       0x58 build/mimic.o
                0x2000050c                hspi1
 .bss.uart_rs485_config
                0x20000564       0x18 build/mimic.o
 .bss.rx_tail   0x2000057c        0x2 build/mimic.o
 .bss.rx_head   0x2000057e        0x2 build/mimic.o
 .bss.rx_buffer
                0x20000580      0x100 build/mimic.o
 .bss.rx_byte   0x20000680        0x1 build/mimic.o
 *fill*         0x20000681        0x3 
 .bss.mimic_state
                0x20000684       0x82 build/mimic.o
                0x20000684                mimic_state
 *fill*         0x20000706        0x2 
 .bss.uwTick    0x20000708        0x4 build/stm32f4xx_hal.o
                0x20000708                uwTick
 .bss.__sbrk_heap_end
                0x2000070c        0x4 build/sysmem.o
 .bss.__sf      0x20000710      0x138 /usr/lib/gcc/arm-none-eabi/15.2.0/../../../../arm-none-eabi/lib/thumb/v7e-m+fp/hard/libc_nano.a(libc_a-findfp.o)
                0x20000710                __sf
 .bss.__stdio_exit_handler
                0x20000848        0x4 /usr/lib/gcc/arm-none-eabi/15.2.0/../../../../arm-none-eabi/lib/thumb/v7e-m+fp/hard/libc_nano.a(libc_a-findfp.o)
                0x20000848                __stdio_exit_handler
 .bss.errno     0x2000084c        0x4 /usr/lib/gcc/arm-none-eabi/15.2.0/../../../../arm-none-eabi/lib/thumb/v7e-m+fp/hard/libc_nano.a(libc_a-reent.o)
                0x2000084c                errno
 .bss.__lock___malloc_recursive_mutex
                0x20000850        0x1 /usr/lib/gcc/arm-none-eabi/15.2.0/../../../../arm-none-eabi/lib/thumb/v7e-m+fp/hard/libc_nano.a(libc_a-lock.o)
                0x20000850                __lock___malloc_recursive_mutex
 .bss.__lock___sfp_recursive_mutex
                0x20000851        0x1 /usr/lib/gcc/arm-none-eabi/15.2.0/../../../../arm-none-eabi/lib/thumb/v7e-m+fp/hard/libc_nano.a(libc_a-lock.o)
                0x20000851                __lock___sfp_recursive_mutex
 *fill*         0x20000852        0x2 
 .bss.__malloc_sbrk_start
                0x20000854        0x4 /usr/lib/gcc/arm-none-eabi/15.2.0/../../../../arm-none-eabi/lib/thumb/v7e-m+fp/hard/libc_nano.a(libc_a-mallocr.o)
                0x20000854                __malloc_sbrk_start
 .bss.__malloc_free_list
                0x20000858        0x4 /usr/lib/gcc/arm-none-eabi/15.2.0/../../../../arm-none-eabi/lib/thumb/v7e-m+fp/hard/libc_nano.a(libc_a-mallocr.o)
                0x20000858                __malloc_free_list
 *(COMMON)
                0x2000085c                        . = ALIGN (0x4)
                0x2000085c                        _ebss = .
                0x2000085c                        __bss_end__ = _ebss

._user_heap_stack
                0x2000085c      0x604 load address 0x0800c248
                0x20000860                        . = ALIGN (0x8)
 *fill*         0x2000085c        0x4 
                [!provide]                        PROVIDE (end = .)
                0x20000860                        PROVIDE (_end = .)
                0x20000a60                        . = (. + _Min_Heap_Size)
 *fill*         0x20000860      0x200 
                0x20000e60                        . = (. + _Min_Stack_Size)
 *fill*         0x20000a60      0x400 
                0x20000e60                        . = ALIGN (0x8)

/DISCARD/
 libc.a(*)
 libm.a(*)
 libgcc.a(*)
OUTPUT(build/Mimic.elf elf32-littlearm)
LOAD linker stubs
LOAD /usr/lib/gcc/arm-none-eabi/15.2.0/../../../../arm-none-eabi/lib/thumb/v7e-m+fp/hard/libc.a
LOAD /usr/lib/gcc/arm-none-eabi/15.2.0/../../../../arm-none-eabi/lib/thumb/v7e-m+fp/hard/libm.a
LOAD /usr/lib/gcc/arm-none-eabi/15.2.0/thumb/v7e-m+fp/hard/libgcc.a

.ARM.attributes
                0x00000000       0x30
 .ARM.attributes
                0x00000000       0x22 /usr/lib/gcc/arm-none-eabi/15.2.0/thumb/v7e-m+fp/hard/crti.o
 .ARM.attributes
                0x00000022       0x34 /usr/lib/gcc/arm-none-eabi/15.2.0/thumb/v7e-m+fp/hard/crtbegin.o
 .ARM.attributes
                0x00000056       0x34 build/main.o
 .ARM.attributes
                0x0000008a       0x34 build/gpio.o
 .ARM.attributes
                0x000000be       0x34 build/usart.o
 .ARM.attributes
                0x000000f2       0x34 build/mimic.o
 .ARM.attributes
                0x00000126       0x34 build/stm32f4xx_it.o
 .ARM.attributes
                0x0000015a       0x34 build/stm32f4xx_hal_msp.o
 .ARM.attributes
                0x0000018e       0x34 build/stm32f4xx_hal_uart.o
 .ARM.attributes
                0x000001c2       0x34 build/stm32f4xx_hal_spi.o
 .ARM.attributes
                0x000001f6       0x34 build/stm32f4xx_hal_i2c.o
 .ARM.attributes
                0x0000022a       0x34 build/stm32f4xx_hal_i2c_ex.o
 .ARM.attributes
                0x0000025e       0x34 build/stm32f4xx_hal_rcc.o
 .ARM.attributes
                0x00000292       0x34 build/stm32f4xx_hal_gpio.o
 .ARM.attributes
                0x000002c6       0x34 build/stm32f4xx_hal_dma.o
 .ARM.attributes
                0x000002fa       0x34 build/stm32f4xx_hal_cortex.o
 .ARM.attributes
                0x0000032e       0x34 build/stm32f4xx_hal.o
 .ARM.attributes
                0x00000362       0x34 build/system_stm32f4xx.o
 .ARM.attributes
                0x00000396       0x34 build/sysmem.o
 .ARM.attributes
                0x000003ca       0x34 build/syscalls.o
 .ARM.attributes
                0x000003fe       0x21 build/startup_stm32f411xe.o
 .ARM.attributes
                0x0000041f       0x34 /usr/lib/gcc/arm-none-eabi/15.2.0/../../../../arm-none-eabi/lib/thumb/v7e-m+fp/hard/libc_nano.a(libc_a-atoi.o)
 .ARM.attributes
                0x00000453       0x34 /usr/lib/gcc/arm-none-eabi/15.2.0/../../../../arm-none-eabi/lib/thumb/v7e-m+fp/hard/libc_nano.a(libc_a-strtol.o)
 .ARM.attributes
                0x00000487       0x34 /usr/lib/gcc/arm-none-eabi/15.2.0/../../../../arm-none-eabi/lib/thumb/v7e-m+fp/hard/libc_nano.a(libc_a-strtoul.o)
 .ARM.attributes
                0x000004bb       0x34 /usr/lib/gcc/arm-none-eabi/15.2.0/../../../../arm-none-eabi/lib/thumb/v7e-m+fp/hard/libc_nano.a(libc_a-ctype_.o)
 .ARM.attributes
                0x000004ef       0x34 /usr/lib/gcc/arm-none-eabi/15.2.0/../../../../arm-none-eabi/lib/thumb/v7e-m+fp/hard/libc_nano.a(libc_a-findfp.o)
 .ARM.attributes
                0x00000523       0x34 /usr/lib/gcc/arm-none-eabi/15.2.0/../../../../arm-none-eabi/lib/thumb/v7e-m+fp/hard/libc_nano.a(libc_a-fwalk.o)
 .ARM.attributes
                0x00000557       0x34 /usr/lib/gcc/arm-none-eabi/15.2.0/../../../../arm-none-eabi/lib/thumb/v7e-m+fp/hard/libc_nano.a(libc_a-snprintf.o)
 .ARM.attributes
                0x0000058b       0x34 /usr/lib/gcc/arm-none-eabi/15.2.0/../../../../arm-none-eabi/lib/thumb/v7e-m+fp/hard/libc_nano.a(libc_a-stdio.o)
 .ARM.attributes
                0x000005bf       0x34 /usr/lib/gcc/arm-none-eabi/15.2.0/../../../../arm-none-eabi/lib/thumb/v7e-m+fp/hard/libc_nano.a(libc_a-vsnprintf.o)
 .ARM.attributes
                0x000005f3       0x34 /usr/lib/gcc/arm-none-eabi/15.2.0/../../../../arm-none-eabi/lib/thumb/v7e-m+fp/hard/libc_nano.a(libc_a-memcmp.o)
 .ARM.attributes
                0x00000627       0x34 /usr/lib/gcc/arm-none-eabi/15.2.0/../../../../arm-none-eabi/lib/thumb/v7e-m+fp/hard/libc_nano.a(libc_a-memset.o)
 .ARM.attributes
                0x0000065b       0x34 /usr/lib/gcc/arm-none-eabi/15.2.0/../../../../arm-none-eabi/lib/thumb/v7e-m+fp/hard/libc_nano.a(libc_a-strcasecmp.o)
 .ARM.attributes
                0x0000068f       0x34 /usr/lib/gcc/arm-none-eabi/15.2.0/../../../../arm-none-eabi/lib/thumb/v7e-m+fp/hard/libc_nano.a(libc_a-strcat.o)
 .ARM.attributes
                0x000006c3       0x34 /usr/lib/gcc/arm-none-eabi/15.2.0/../../../../arm-none-eabi/lib/thumb/v7e-m+fp/hard/libc_nano.a(libc_a-strncpy.o)
 .ARM.attributes
                0x000006f7       0x34 /usr/lib/gcc/arm-none-eabi/15.2.0/../../../../arm-none-eabi/lib/thumb/v7e-m+fp/hard/libc_nano.a(libc_a-strtok.o)
 .ARM.attributes
                0x0000072b       0x34 /usr/lib/gcc/arm-none-eabi/15.2.0/../../../../arm-none-eabi/lib/thumb/v7e-m+fp/hard/libc_nano.a(libc_a-strtok_r.o)
 .ARM.attributes
                0x0000075f       0x34 /usr/lib/gcc/arm-none-eabi/15.2.0/../../../../arm-none-eabi/lib/thumb/v7e-m+fp/hard/libc_nano.a(libc_a-closer.o)
 .ARM.attributes
                0x00000793       0x34 /usr/lib/gcc/arm-none-eabi/15.2.0/../../../../arm-none-eabi/lib/thumb/v7e-m+fp/hard/libc_nano.a(libc_a-reent.o)
 .ARM.attributes
                0x000007c7       0x34 /usr/lib/gcc/arm-none-eabi/15.2.0/../../../../arm-none-eabi/lib/thumb/v7e-m+fp/hard/libc_nano.a(libc_a-impure.o)
 .ARM.attributes
                0x000007fb       0x34 /usr/lib/gcc/arm-none-eabi/15.2.0/../../../../arm-none-eabi/lib/thumb/v7e-m+fp/hard/libc_nano.a(libc_a-lseekr.o)
 .ARM.attributes
                0x0000082f       0x34 /usr/lib/gcc/arm-none-eabi/15.2.0/../../../../arm-none-eabi/lib/thumb/v7e-m+fp/hard/libc_nano.a(libc_a-readr.o)
 .ARM.attributes
                0x00000863       0x34 /usr/lib/gcc/arm-none-eabi/15.2.0/../../../../arm-none-eabi/lib/thumb/v7e-m+fp/hard/libc_nano.a(libc_a-writer.o)
 .ARM.attributes
                0x00000897       0x34 /usr/lib/gcc/arm-none-eabi/15.2.0/../../../../arm-none-eabi/lib/thumb/v7e-m+fp/hard/libc_nano.a(libc_a-errno.o)
 .ARM.attributes
                0x000008cb       0x34 /usr/lib/gcc/arm-none-eabi/15.2.0/../../../../arm-none-eabi/lib/thumb/v7e-m+fp/hard/libc_nano.a(libc_a-init.o)
 .ARM.attributes
                0x000008ff       0x34 /usr/lib/gcc/arm-none-eabi/15.2.0/../../../../arm-none-eabi/lib/thumb/v7e-m+fp/hard/libc_nano.a(libc_a-lock.o)
 .ARM.attributes
                0x00000933       0x20 /usr/lib/gcc/arm-none-eabi/15.2.0/../../../../arm-none-eabi/lib/thumb/v7e-m+fp/hard/libc_nano.a(libc_a-strcmp.o)
 .ARM.attributes
                0x00000953       0x17 /usr/lib/gcc/arm-none-eabi/15.2.0/../../../../arm-none-eabi/lib/thumb/v7e-m+fp/hard/libc_nano.a(libc_a-strlen.o)
 .ARM.attributes
                0x0000096a       0x34 /usr/lib/gcc/arm-none-eabi/15.2.0/../../../../arm-none-eabi/lib/thumb/v7e-m+fp/hard/libc_nano.a(libc_a-assert.o)
 .ARM.attributes
                0x0000099e       0x34 /usr/lib/gcc/arm-none-eabi/15.2.0/../../../../arm-none-eabi/lib/thumb/v7e-m+fp/hard/libc_nano.a(libc_a-freer.o)
 .ARM.attributes
                0x000009d2       0x34 /usr/lib/gcc/arm-none-eabi/15.2.0/../../../../arm-none-eabi/lib/thumb/v7e-m+fp/hard/libc_nano.a(libc_a-malloc.o)
 .ARM.attributes
                0x00000a06       0x34 /usr/lib/gcc/arm-none-eabi/15.2.0/../../../../arm-none-eabi/lib/thumb/v7e-m+fp/hard/libc_nano.a(libc_a-mallocr.o)
 .ARM.attributes
                0x00000a3a       0x34 /usr/lib/gcc/arm-none-eabi/15.2.0/../../../../arm-none-eabi/lib/thumb/v7e-m+fp/hard/libc_nano.a(libc_a-mlock.o)
 .ARM.attributes
                0x00000a6e       0x34 /usr/lib/gcc/arm-none-eabi/15.2.0/../../../../arm-none-eabi/lib/thumb/v7e-m+fp/hard/libc_nano.a(libc_a-nano-svfprintf.o)
 .ARM.attributes
                0x00000aa2       0x34 /usr/lib/gcc/arm-none-eabi/15.2.0/../../../../arm-none-eabi/lib/thumb/v7e-m+fp/hard/libc_nano.a(libc_a-nano-vfprintf_i.o)
 .ARM.attributes
                0x00000ad6       0x34 /usr/lib/gcc/arm-none-eabi/15.2.0/../../../../arm-none-eabi/lib/thumb/v7e-m+fp/hard/libc_nano.a(libc_a-fflush.o)
 .ARM.attributes
                0x00000b0a       0x34 /usr/lib/gcc/arm-none-eabi/15.2.0/../../../../arm-none-eabi/lib/thumb/v7e-m+fp/hard/libc_nano.a(libc_a-fprintf.o)
 .ARM.attributes
                0x00000b3e       0x34 /usr/lib/gcc/arm-none-eabi/15.2.0/../../../../arm-none-eabi/lib/thumb/v7e-m+fp/hard/libc_nano.a(libc_a-memmove.o)
 .ARM.attributes
                0x00000b72       0x34 /usr/lib/gcc/arm-none-eabi/15.2.0/../../../../arm-none-eabi/lib/thumb/v7e-m+fp/hard/libc_nano.a(libc_a-sbrkr.o)
 .ARM.attributes
                0x00000ba6       0x1c /usr/lib/gcc/arm-none-eabi/15.2.0/../../../../arm-none-eabi/lib/thumb/v7e-m+fp/hard/libc_nano.a(libc_a-memchr.o)
 .ARM.attributes
                0x00000bc2       0x34 /usr/lib/gcc/arm-none-eabi/15.2.0/../../../../arm-none-eabi/lib/thumb/v7e-m+fp/hard/libc_nano.a(libc_a-memcpy-stub.o)
 .ARM.attributes
                0x00000bf6       0x34 /usr/lib/gcc/arm-none-eabi/15.2.0/../../../../arm-none-eabi/lib/thumb/v7e-m+fp/hard/libc_nano.a(libc_a-abort.o)
 .ARM.attributes
                0x00000c2a       0x34 /usr/lib/gcc/arm-none-eabi/15.2.0/../../../../arm-none-eabi/lib/thumb/v7e-m+fp/hard/libc_nano.a(libc_a-reallocr.o)
 .ARM.attributes
                0x00000c5e       0x34 /usr/lib/gcc/arm-none-eabi/15.2.0/../../../../arm-none-eabi/lib/thumb/v7e-m+fp/hard/libc_nano.a(libc_a-nano-vfprintf.o)
 .ARM.attributes
                0x00000c92       0x34 /usr/lib/gcc/arm-none-eabi/15.2.0/../../../../arm-none-eabi/lib/thumb/v7e-m+fp/hard/libc_nano.a(libc_a-wbuf.o)
 .ARM.attributes
                0x00000cc6       0x34 /usr/lib/gcc/arm-none-eabi/15.2.0/../../../../arm-none-eabi/lib/thumb/v7e-m+fp/hard/libc_nano.a(libc_a-wsetup.o)
 .ARM.attributes
                0x00000cfa       0x34 /usr/lib/gcc/arm-none-eabi/15.2.0/../../../../arm-none-eabi/lib/thumb/v7e-m+fp/hard/libc_nano.a(libc_a-signal.o)
 .ARM.attributes
                0x00000d2e       0x34 /usr/lib/gcc/arm-none-eabi/15.2.0/../../../../arm-none-eabi/lib/thumb/v7e-m+fp/hard/libc_nano.a(libc_a-signalr.o)
 .ARM.attributes
                0x00000d62       0x34 /usr/lib/gcc/arm-none-eabi/15.2.0/../../../../arm-none-eabi/lib/thumb/v7e-m+fp/hard/libc_nano.a(libc_a-msizer.o)
 .ARM.attributes
                0x00000d96       0x34 /usr/lib/gcc/arm-none-eabi/15.2.0/../../../../arm-none-eabi/lib/thumb/v7e-m+fp/hard/libc_nano.a(libc_a-makebuf.o)
 .ARM.attributes
                0x00000dca       0x34 /usr/lib/gcc/arm-none-eabi/15.2.0/../../../../arm-none-eabi/lib/thumb/v7e-m+fp/hard/libc_nano.a(libc_a-fstatr.o)
 .ARM.attributes
                0x00000dfe       0x34 /usr/lib/gcc/arm-none-eabi/15.2.0/../../../../arm-none-eabi/lib/thumb/v7e-m+fp/hard/libc_nano.a(libc_a-isattyr.o)
 .ARM.attributes
                0x00000e32       0x22 /usr/lib/gcc/arm-none-eabi/15.2.0/thumb/v7e-m+fp/hard/libgcc.a(_aeabi_uldivmod.o)
 .ARM.attributes
                0x00000e54       0x34 /usr/lib/gcc/arm-none-eabi/15.2.0/thumb/v7e-m+fp/hard/libgcc.a(_udivmoddi4.o)
 .ARM.attributes
                0x00000e88       0x22 /usr/lib/gcc/arm-none-eabi/15.2.0/thumb/v7e-m+fp/hard/libgcc.a(_dvmd_tls.o)
 .ARM.attributes
                0x00000eaa       0x34 /usr/lib/gcc/arm-none-eabi/15.2.0/thumb/v7e-m+fp/hard/crtend.o
 .ARM.attributes
                0x00000ede       0x22 /usr/lib/gcc/arm-none-eabi/15.2.0/thumb/v7e-m+fp/hard/crtn.o

.comment        0x00000000       0x46
 .comment       0x00000000       0x46 /usr/lib/gcc/arm-none-eabi/15.2.0/thumb/v7e-m+fp/hard/crtbegin.o
                                 0x24 (size before relaxing)
 .comment       0x00000046        0x0 build/main.o
                                 0x24 (size before relaxing)
 .comment       0x00000046        0x0 build/gpio.o
                                 0x24 (size before relaxing)
 .comment       0x00000046        0x0 build/usart.o
                                 0x24 (size before relaxing)
 .comment       0x00000046        0x0 build/mimic.o
                                 0x24 (size before relaxing)
 .comment       0x00000046        0x0 build/stm32f4xx_it.o
                                 0x24 (size before relaxing)
 .comment       0x00000046        0x0 build/stm32f4xx_hal_msp.o
                                 0x24 (size before relaxing)
 .comment       0x00000046        0x0 build/stm32f4xx_hal_uart.o
                                 0x24 (size before relaxing)
 .comment       0x00000046        0x0 build/stm32f4xx_hal_spi.o
                                 0x24 (size before relaxing)
 .comment       0x00000046        0x0 build/stm32f4xx_hal_i2c.o
                                 0x24 (size before relaxing)
 .comment       0x00000046        0x0 build/stm32f4xx_hal_i2c_ex.o
                                 0x24 (size before relaxing)
 .comment       0x00000046        0x0 build/stm32f4xx_hal_rcc.o
                                 0x24 (size before relaxing)
 .comment       0x00000046        0x0 build/stm32f4xx_hal_gpio.o
                                 0x24 (size before relaxing)
 .comment       0x00000046        0x0 build/stm32f4xx_hal_dma.o
                                 0x24 (size before relaxing)
 .comment       0x00000046        0x0 build/stm32f4xx_hal_cortex.o
                                 0x24 (size before relaxing)
 .comment       0x00000046        0x0 build/stm32f4xx_hal.o
                                 0x24 (size before relaxing)
 .comment       0x00000046        0x0 build/system_stm32f4xx.o
                                 0x24 (size before relaxing)
 .comment       0x00000046        0x0 build/sysmem.o
                                 0x24 (size before relaxing)
 .comment       0x00000046        0x0 build/syscalls.o
                                 0x24 (size before relaxing)
 .comment       0x00000046        0x0 /usr/lib/gcc/arm-none-eabi/15.2.0/../../../../arm-none-eabi/lib/thumb/v7e-m+fp/hard/libc_nano.a(libc_a-atoi.o)
                                 0x24 (size before relaxing)
 .comment       0x00000046        0x0 /usr/lib/gcc/arm-none-eabi/15.2.0/../../../../arm-none-eabi/lib/thumb/v7e-m+fp/hard/libc_nano.a(libc_a-strtol.o)
                                 0x24 (size before relaxing)
 .comment       0x00000046        0x0 /usr/lib/gcc/arm-none-eabi/15.2.0/../../../../arm-none-eabi/lib/thumb/v7e-m+fp/hard/libc_nano.a(libc_a-strtoul.o)
                                 0x24 (size before relaxing)
 .comment       0x00000046        0x0 /usr/lib/gcc/arm-none-eabi/15.2.0/../../../../arm-none-eabi/lib/thumb/v7e-m+fp/hard/libc_nano.a(libc_a-ctype_.o)
                                 0x24 (size before relaxing)
 .comment       0x00000046        0x0 /usr/lib/gcc/arm-none-eabi/15.2.0/../../../../arm-none-eabi/lib/thumb/v7e-m+fp/hard/libc_nano.a(libc_a-findfp.o)
                                 0x24 (size before relaxing)
 .comment       0x00000046        0x0 /usr/lib/gcc/arm-none-eabi/15.2.0/../../../../arm-none-eabi/lib/thumb/v7e-m+fp/hard/libc_nano.a(libc_a-fwalk.o)
                                 0x24 (size before relaxing)
 .comment       0x00000046        0x0 /usr/lib/gcc/arm-none-eabi/15.2.0/../../../../arm-none-eabi/lib/thumb/v7e-m+fp/hard/libc_nano.a(libc_a-snprintf.o)
                                 0x24 (size before relaxing)
 .comment       0x00000046        0x0 /usr/lib/gcc/arm-none-eabi/15.2.0/../../../../arm-none-eabi/lib/thumb/v7e-m+fp/hard/libc_nano.a(libc_a-stdio.o)
                                 0x24 (size before relaxing)
 .comment       0x00000046        0x0 /usr/lib/gcc/arm-none-eabi/15.2.0/../../../../arm-none-eabi/lib/thumb/v7e-m+fp/hard/libc_nano.a(libc_a-vsnprintf.o)
                                 0x24 (size before relaxing)
 .comment       0x00000046        0x0 /usr/lib/gcc/arm-none-eabi/15.2.0/../../../../arm-none-eabi/lib/thumb/v7e-m+fp/hard/libc_nano.a(libc_a-memcmp.o)
                                 0x24 (size before relaxing)
 .comment       0x00000046        0x0 /usr/lib/gcc/arm-none-eabi/15.2.0/../../../../arm-none-eabi/lib/thumb/v7e-m+fp/hard/libc_nano.a(libc_a-memset.o)
                                 0x24 (size before relaxing)
 .comment       0x00000046        0x0 /usr/lib/gcc/arm-none-eabi/15.2.0/../../../../arm-none-eabi/lib/thumb/v7e-m+fp/hard/libc_nano.a(libc_a-strcasecmp.o)
                                 0x24 (size before relaxing)
 .comment       0x00000046        0x0 /usr/lib/gcc/arm-none-eabi/15.2.0/../../../../arm-none-eabi/lib/thumb/v7e-m+fp/hard/libc_nano.a(libc_a-strcat.o)
                                 0x24 (size before relaxing)
 .comment       0x00000046        0x0 /usr/lib/gcc/arm-none-eabi/15.2.0/../../../../arm-none-eabi/lib/thumb/v7e-m+fp/hard/libc_nano.a(libc_a-strncpy.o)
                                 0x24 (size before relaxing)
 .comment       0x00000046        0x0 /usr/lib/gcc/arm-none-eabi/15.2.0/../../../../arm-none-eabi/lib/thumb/v7e-m+fp/hard/libc_nano.a(libc_a-strtok.o)
                                 0x24 (size before relaxing)
 .comment       0x00000046        0x0 /usr/lib/gcc/arm-none-eabi/15.2.0/../../../../arm-none-eabi/lib/thumb/v7e-m+fp/hard/libc_nano.a(libc_a-strtok_r.o)
                                 0x24 (size before relaxing)
 .comment       0x00000046        0x0 /usr/lib/gcc/arm-none-eabi/15.2.0/../../../../arm-none-eabi/lib/thumb/v7e-m+fp/hard/libc_nano.a(libc_a-closer.o)
                                 0x24 (size before relaxing)
 .comment       0x00000046        0x0 /usr/lib/gcc/arm-none-eabi/15.2.0/../../../../arm-none-eabi/lib/thumb/v7e-m+fp/hard/libc_nano.a(libc_a-reent.o)
                                 0x24 (size before relaxing)
 .comment       0x00000046        0x0 /usr/lib/gcc/arm-none-eabi/15.2.0/../../../../arm-none-eabi/lib/thumb/v7e-m+fp/hard/libc_nano.a(libc_a-impure.o)
                                 0x24 (size before relaxing)
 .comment       0x00000046        0x0 /usr/lib/gcc/arm-none-eabi/15.2.0/../../../../arm-none-eabi/lib/thumb/v7e-m+fp/hard/libc_nano.a(libc_a-lseekr.o)
                                 0x24 (size before relaxing)
 .comment       0x00000046        0x0 /usr/lib/gcc/arm-none-eabi/15.2.0/../../../../arm-none-eabi/lib/thumb/v7e-m+fp/hard/libc_nano.a(libc_a-readr.o)
                                 0x24 (size before relaxing)
 .comment       0x00000046        0x0 /usr/lib/gcc/arm-none-eabi/15.2.0/../../../../arm-none-eabi/lib/thumb/v7e-m+fp/hard/libc_nano.a(libc_a-writer.o)
                                 0x24 (size before relaxing)
 .comment       0x00000046        0x0 /usr/lib/gcc/arm-none-eabi/15.2.0/../../../../arm-none-eabi/lib/thumb/v7e-m+fp/hard/libc_nano.a(libc_a-errno.o)
                                 0x24 (size before relaxing)
 .comment       0x00000046        0x0 /usr/lib/gcc/arm-none-eabi/15.2.0/../../../../arm-none-eabi/lib/thumb/v7e-m+fp/hard/libc_nano.a(libc_a-init.o)
                                 0x24 (size before relaxing)
 .comment       0x00000046        0x0 /usr/lib/gcc/arm-none-eabi/15.2.0/../../../../arm-none-eabi/lib/thumb/v7e-m+fp/hard/libc_nano.a(libc_a-lock.o)
                                 0x24 (size before relaxing)
 .comment       0x00000046        0x0 /usr/lib/gcc/arm-none-eabi/15.2.0/../../../../arm-none-eabi/lib/thumb/v7e-m+fp/hard/libc_nano.a(libc_a-assert.o)
                                 0x24 (size before relaxing)
 .comment       0x00000046        0x0 /usr/lib/gcc/arm-none-eabi/15.2.0/../../../../arm-none-eabi/lib/thumb/v7e-m+fp/hard/libc_nano.a(libc_a-freer.o)
                                 0x24 (size before relaxing)
 .comment       0x00000046        0x0 /usr/lib/gcc/arm-none-eabi/15.2.0/../../../../arm-none-eabi/lib/thumb/v7e-m+fp/hard/libc_nano.a(libc_a-malloc.o)
                                 0x24 (size before relaxing)
 .comment       0x00000046        0x0 /usr/lib/gcc/arm-none-eabi/15.2.0/../../../../arm-none-eabi/lib/thumb/v7e-m+fp/hard/libc_nano.a(libc_a-mallocr.o)
                                 0x24 (size before relaxing)
 .comment       0x00000046        0x0 /usr/lib/gcc/arm-none-eabi/15.2.0/../../../../arm-none-eabi/lib/thumb/v7e-m+fp/hard/libc_nano.a(libc_a-mlock.o)
                                 0x24 (size before relaxing)
 .comment       0x00000046        0x0 /usr/lib/gcc/arm-none-eabi/15.2.0/../../../../arm-none-eabi/lib/thumb/v7e-m+fp/hard/libc_nano.a(libc_a-nano-svfprintf.o)
                                 0x24 (size before relaxing)
 .comment       0x00000046        0x0 /usr/lib/gcc/arm-none-eabi/15.2.0/../../../../arm-none-eabi/lib/thumb/v7e-m+fp/hard/libc_nano.a(libc_a-nano-vfprintf_i.o)
                                 0x24 (size before relaxing)
 .comment       0x00000046        0x0 /usr/lib/gcc/arm-none-eabi/15.2.0/../../../../arm-none-eabi/lib/thumb/v7e-m+fp/hard/libc_nano.a(libc_a-fflush.o)
                                 0x24 (size before relaxing)
 .comment       0x00000046        0x0 /usr/lib/gcc/arm-none-eabi/15.2.0/../../../../arm-none-eabi/lib/thumb/v7e-m+fp/hard/libc_nano.a(libc_a-fprintf.o)
                                 0x24 (size before relaxing)
 .comment       0x00000046        0x0 /usr/lib/gcc/arm-none-eabi/15.2.0/../../../../arm-none-eabi/lib/thumb/v7e-m+fp/hard/libc_nano.a(libc_a-memmove.o)
                                 0x24 (size before relaxing)
 .comment       0x00000046        0x0 /usr/lib/gcc/arm-none-eabi/15.2.0/../../../../arm-none-eabi/lib/thumb/v7e-m+fp/hard/libc_nano.a(libc_a-sbrkr.o)
                                 0x24 (size before relaxing)
 .comment       0x00000046        0x0 /usr/lib/gcc/arm-none-eabi/15.2.0/../../../../arm-none-eabi/lib/thumb/v7e-m+fp/hard/libc_nano.a(libc_a-memcpy-stub.o)
                                 0x24 (size before relaxing)
 .comment       0x00000046        0x0 /usr/lib/gcc/arm-none-eabi/15.2.0/../../../../arm-none-eabi/lib/thumb/v7e-m+fp/hard/libc_nano.a(libc_a-abort.o)
                                 0x24 (size before relaxing)
 .comment       0x00000046        0x0 /usr/lib/gcc/arm-none-eabi/15.2.0/../../../../arm-none-eabi/lib/thumb/v7e-m+fp/hard/libc_nano.a(libc_a-reallocr.o)
                                 0x24 (size before relaxing)
 .comment       0x00000046        0x0 /usr/lib/gcc/arm-none-eabi/15.2.0/../../../../arm-none-eabi/lib/thumb/v7e-m+fp/hard/libc_nano.a(libc_a-nano-vfprintf.o)
                                 0x24 (size before relaxing)
 .comment       0x00000046        0x0 /usr/lib/gcc/arm-none-eabi/15.2.0/../../../../arm-none-eabi/lib/thumb/v7e-m+fp/hard/libc_nano.a(libc_a-wbuf.o)
                                 0x24 (size before relaxing)
 .comment       0x00000046        0x0 /usr/lib/gcc/arm-none-eabi/15.2.0/../../../../arm-none-eabi/lib/thumb/v7e-m+fp/hard/libc_nano.a(libc_a-wsetup.o)
                                 0x24 (size before relaxing)
 .comment       0x00000046        0x0 /usr/lib/gcc/arm-none-eabi/15.2.0/../../../../arm-none-eabi/lib/thumb/v7e-m+fp/hard/libc_nano.a(libc_a-signal.o)
                                 0x24 (size before relaxing)
 .comment       0x00000046        0x0 /usr/lib/gcc/arm-none-eabi/15.2.0/../../../../arm-none-eabi/lib/thumb/v7e-m+fp/hard/libc_nano.a(libc_a-signalr.o)
                                 0x24 (size before relaxing)
 .comment       0x00000046        0x0 /usr/lib/gcc/arm-none-eabi/15.2.0/../../../../arm-none-eabi/lib/thumb/v7e-m+fp/hard/libc_nano.a(libc_a-msizer.o)
                                 0x24 (size before relaxing)
 .comment       0x00000046        0x0 /usr/lib/gcc/arm-none-eabi/15.2.0/../../../../arm-none-eabi/lib/thumb/v7e-m+fp/hard/libc_nano.a(libc_a-makebuf.o)
                                 0x24 (size before relaxing)
 .comment       0x00000046        0x0 /usr/lib/gcc/arm-none-eabi/15.2.0/../../../../arm-none-eabi/lib/thumb/v7e-m+fp/hard/libc_nano.a(libc_a-fstatr.o)
                                 0x24 (size before relaxing)
 .comment       0x00000046        0x0 /usr/lib/gcc/arm-none-eabi/15.2.0/../../../../arm-none-eabi/lib/thumb/v7e-m+fp/hard/libc_nano.a(libc_a-isattyr.o)
                                 0x24 (size before relaxing)
 .comment       0x00000046        0x0 /usr/lib/gcc/arm-none-eabi/15.2.0/thumb/v7e-m+fp/hard/libgcc.a(_udivmoddi4.o)
                                 0x24 (size before relaxing)
 .comment       0x00000046        0x0 /usr/lib/gcc/arm-none-eabi/15.2.0/thumb/v7e-m+fp/hard/crtend.o
                                 0x24 (size before relaxing)

.debug_info     0x00000000    0x30074
 .debug_info    0x00000000      0x6a6 build/main.o
 .debug_info    0x000006a6      0x391 build/gpio.o
 .debug_info    0x00000a37      0xecb build/usart.o
 .debug_info    0x00001902     0x7ae2 build/mimic.o
 .debug_info    0x000093e4      0xf8c build/stm32f4xx_it.o