Archive member included to satisfy reference by file (symbol)

/usr/lib/gcc/arm-none-eabi/14.2.0/../../../../arm-none-eabi/lib/thumb/v7e-m+fp/hard/libc_nano.a(libc_a-atexit.o)
                              /usr/lib/gcc/arm-none-eabi/14.2.0/../../../../arm-none-eabi/lib/thumb/v7e-m+fp/hard/crt0.o (atexit)
/usr/lib/gcc/arm-none-eabi/14.2.0/../../../../arm-none-eabi/lib/thumb/v7e-m+fp/hard/libc_nano.a(libc_a-atoi.o)
                              build/mimic.o (atoi)
/usr/lib/gcc/arm-none-eabi/14.2.0/../../../../arm-none-eabi/lib/thumb/v7e-m+fp/hard/libc_nano.a(libc_a-exit.o)
                              /usr/lib/gcc/arm-none-eabi/14.2.0/../../../../arm-none-eabi/lib/thumb/v7e-m+fp/hard/crt0.o (exit)
/usr/lib/gcc/arm-none-eabi/14.2.0/../../../../arm-none-eabi/lib/thumb/v7e-m+fp/hard/libc_nano.a(libc_a-strtol.o)
                              /usr/lib/gcc/arm-none-eabi/14.2.0/../../../../arm-none-eabi/lib/thumb/v7e-m+fp/hard/libc_nano.a(libc_a-atoi.o) (_strtol_r)
/usr/lib/gcc/arm-none-eabi/14.2.0/../../../../arm-none-eabi/lib/thumb/v7e-m+fp/hard/libc_nano.a(libc_a-ctype_.o)
                              /usr/lib/gcc/arm-none-eabi/14.2.0/../../../../arm-none-eabi/lib/thumb/v7e-m+fp/hard/libc_nano.a(libc_a-strtol.o) (_ctype_)
/usr/lib/gcc/arm-none-eabi/14.2.0/../../../../arm-none-eabi/lib/thumb/v7e-m+fp/hard/libc_nano.a(libc_a-findfp.o)
                              /usr/lib/gcc/arm-none-eabi/14.2.0/../../../../arm-none-eabi/lib/thumb/v7e-m+fp/hard/libc_nano.a(libc_a-exit.o) (__stdio_exit_handler)
/usr/lib/gcc/arm-none-eabi/14.2.0/../../../../arm-none-eabi/lib/thumb/v7e-m+fp/hard/libc_nano.a(libc_a-fwalk.o)
                              /usr/lib/gcc/arm-none-eabi/14.2.0/../../../../arm-none-eabi/lib/thumb/v7e-m+fp/hard/libc_nano.a(libc_a-findfp.o) (_fwalk_sglue)
/usr/lib/gcc/arm-none-eabi/14.2.0/../../../../arm-none-eabi/lib/thumb/v7e-m+fp/hard/libc_nano.a(libc_a-snprintf.o)
                              build/mimic.o (snprintf)
/usr/lib/gcc/arm-none-eabi/14.2.0/../../../../arm-none-eabi/lib/thumb/v7e-m+fp/hard/libc_nano.a(libc_a-stdio.o)
                              /usr/lib/gcc/arm-none-eabi/14.2.0/../../../../arm-none-eabi/lib/thumb/v7e-m+fp/hard/libc_nano.a(libc_a-findfp.o) (__sread)
/usr/lib/gcc/arm-none-eabi/14.2.0/../../../../arm-none-eabi/lib/thumb/v7e-m+fp/hard/libc_nano.a(libc_a-vsnprintf.o)
                              build/mimic.o (vsnprintf)
/usr/lib/gcc/arm-none-eabi/14.2.0/../../../../arm-none-eabi/lib/thumb/v7e-m+fp/hard/libc_nano.a(libc_a-memcmp.o)
                              build/mimic.o (memcmp)
/usr/lib/gcc/arm-none-eabi/14.2.0/../../../../arm-none-eabi/lib/thumb/v7e-m+fp/hard/libc_nano.a(libc_a-memset.o)
                              /usr/lib/gcc/arm-none-eabi/14.2.0/../../../../arm-none-eabi/lib/thumb/v7e-m+fp/hard/crt0.o (memset)
/usr/lib/gcc/arm-none-eabi/14.2.0/../../../../arm-none-eabi/lib/thumb/v7e-m+fp/hard/libc_nano.a(libc_a-strcasecmp.o)
                              build/mimic.o (strcasecmp)
/usr/lib/gcc/arm-none-eabi/14.2.0/../../../../arm-none-eabi/lib/thumb/v7e-m+fp/hard/libc_nano.a(libc_a-strcat.o)
                              build/mimic.o (strcat)
/usr/lib/gcc/arm-none-eabi/14.2.0/../../../../arm-none-eabi/lib/thumb/v7e-m+fp/hard/libc_nano.a(libc_a-strncpy.o)
                              build/mimic.o (strncpy)
/usr/lib/gcc/arm-none-eabi/14.2.0/../../../../arm-none-eabi/lib/thumb/v7e-m+fp/hard/libc_nano.a(libc_a-strtok.o)
                              build/mimic.o (strtok)
/usr/lib/gcc/arm-none-eabi/14.2.0/../../../../arm-none-eabi/lib/thumb/v7e-m+fp/hard/libc_nano.a(libc_a-strtok_r.o)
                              /usr/lib/gcc/arm-none-eabi/14.2.0/../../../../arm-none-eabi/lib/thumb/v7e-m+fp/hard/libc_nano.a(libc_a-strtok.o) (__strtok_r)
/usr/lib/gcc/arm-none-eabi/14.2.0/../../../../arm-none-eabi/lib/thumb/v7e-m+fp/hard/libc_nano.a(libc_a-closer.o)
                              /usr/lib/gcc/arm-none-eabi/14.2.0/../../../../arm-none-eabi/lib/thumb/v7e-m+fp/hard/libc_nano.a(libc_a-stdio.o) (_close_r)
/usr/lib/gcc/arm-none-eabi/14.2.0/../../../../arm-none-eabi/lib/thumb/v7e-m+fp/hard/libc_nano.a(libc_a-reent.o)
                              /usr/lib/gcc/arm-none-eabi/14.2.0/../../../../arm-none-eabi/lib/thumb/v7e-m+fp/hard/libc_nano.a(libc_a-closer.o) (errno)
/usr/lib/gcc/arm-none-eabi/14.2.0/../../../../arm-none-eabi/lib/thumb/v7e-m+fp/hard/libc_nano.a(libc_a-impure.o)
                              /usr/lib/gcc/arm-none-eabi/14.2.0/../../../../arm-none-eabi/lib/thumb/v7e-m+fp/hard/libc_nano.a(libc_a-strtol.o) (_impure_ptr)
/usr/lib/gcc/arm-none-eabi/14.2.0/../../../../arm-none-eabi/lib/thumb/v7e-m+fp/hard/libc_nano.a(libc_a-lseekr.o)
                              /usr/lib/gcc/arm-none-eabi/14.2.0/../../../../arm-none-eabi/lib/thumb/v7e-m+fp/hard/libc_nano.a(libc_a-stdio.o) (_lseek_r)
/usr/lib/gcc/arm-none-eabi/14.2.0/../../../../arm-none-eabi/lib/thumb/v7e-m+fp/hard/libc_nano.a(libc_a-readr.o)
[...]
Memory Configuration

Name             Origin             Length             Attributes
RAM              0x20000000         0x00020000         xrw
FLASH            0x08000000         0x00080000         xr
*default*        0x00000000         0xffffffff

Linker script and memory map

LOAD /usr/lib/gcc/arm-none-eabi/14.2.0/thumb/v7e-m+fp/hard/crti.o
LOAD /usr/lib/gcc/arm-none-eabi/14.2.0/thumb/v7e-m+fp/hard/crtbegin.o
LOAD /usr/lib/gcc/arm-none-eabi/14.2.0/../../../../arm-none-eabi/lib/thumb/v7e-m+fp/hard/crt0.o
LOAD build/main.o
LOAD build/gpio.o
LOAD build/usart.o
LOAD build/mimic.o
LOAD build/stm32f4xx_it.o
LOAD build/stm32f4xx_hal_msp.o
LOAD build/stm32f4xx_hal_uart.o
LOAD build/stm32f4xx_hal_spi.o
LOAD build/stm32f4xx_hal_i2c.o
LOAD build/stm32f4xx_hal_rcc.o
LOAD build/stm32f4xx_hal_rcc_ex.o
LOAD build/stm32f4xx_hal_flash.o
LOAD build/stm32f4xx_hal_flash_ex.o
LOAD build/stm32f4xx_hal_flash_ramfunc.o
LOAD build/stm32f4xx_hal_gpio.o
LOAD build/stm32f4xx_hal_dma_ex.o
LOAD build/stm32f4xx_hal_dma.o
LOAD build/stm32f4xx_hal_pwr.o
LOAD build/stm32f4xx_hal_pwr_ex.o
LOAD build/stm32f4xx_hal_cortex.o
LOAD build/stm32f4xx_hal.o
LOAD build/stm32f4xx_hal_exti.o
LOAD build/system_stm32f4xx.o
LOAD build/sysmem.o
LOAD build/syscalls.o
LOAD build/startup_stm32f411xe.o
LOAD /usr/lib/gcc/arm-none-eabi/14.2.0/../../../../arm-none-eabi/lib/thumb/v7e-m+fp/hard/libc_nano.a
LOAD /usr/lib/gcc/arm-none-eabi/14.2.0/../../../../arm-none-eabi/lib/thumb/v7e-m+fp/hard/libm.a
LOAD /usr/lib/gcc/arm-none-eabi/14.2.0/../../../../arm-none-eabi/lib/thumb/v7e-m+fp/hard/libnosys.a
START GROUP
LOAD /usr/lib/gcc/arm-none-eabi/14.2.0/thumb/v7e-m+fp/hard/libgcc.a
LOAD /usr/lib/gcc/arm-none-eabi/14.2.0/../../../../arm-none-eabi/lib/thumb/v7e-m+fp/hard/libc_nano.a
END GROUP
START GROUP
LOAD /usr/lib/gcc/arm-none-eabi/14.2.0/thumb/v7e-m+fp/hard/libgcc.a
LOAD /usr/lib/gcc/arm-none-eabi/14.2.0/../../../../arm-none-eabi/lib/thumb/v7e-m+fp/hard/libc_nano.a
END GROUP
LOAD /usr/lib/gcc/arm-none-eabi/14.2.0/thumb/v7e-m+fp/hard/crtend.o
LOAD /usr/lib/gcc/arm-none-eabi/14.2.0/thumb/v7e-m+fp/hard/crtn.o
                0x20020000                        _estack = (ORIGIN (RAM) + LENGTH (RAM))
                0x00000200                        _Min_Heap_Size = 0x200
                0x00000400                        _Min_Stack_Size = 0x400

.isr_vector     0x08000000      0x198
                0x08000000                        . = ALIGN (0x4)
 *(.isr_vector)
 .isr_vector    0x08000000      0x198 build/startup_stm32f411xe.o
                0x08000000                g_pfnVectors
                0x08000198                        . = ALIGN (0x4)

.text           0x080001a0     0x7dcc
                0x080001a0                        . = ALIGN (0x4)
 *(.text)
 .text          0x080001a0       0x14 /usr/lib/gcc/arm-none-eabi/14.2.0/../../../../arm-none-eabi/lib/thumb/v7e-m+fp/hard/libc_nano.a(libc_a-strcmp.o)
                0x080001a0                strcmp
 .text          0x080001b4       0x10 /usr/lib/gcc/arm-none-eabi/14.2.0/../../../../arm-none-eabi/lib/thumb/v7e-m+fp/hard/libc_nano.a(libc_a-strlen.o)
                0x080001b4                strlen
 *fill*         0x080001c4        0xc 
 .text          0x080001d0       0xa0 /usr/lib/gcc/arm-none-eabi/14.2.0/../../../../arm-none-eabi/lib/thumb/v7e-m+fp/hard/libc_nano.a(libc_a-memchr.o)
                0x080001d0                memchr
 .text          0x08000270       0x30 /usr/lib/gcc/arm-none-eabi/14.2.0/thumb/v7e-m+fp/hard/libgcc.a(_aeabi_uldivmod.o)
                0x08000270                __aeabi_uldivmod
 .text          0x080002a0        0x4 /usr/lib/gcc/arm-none-eabi/14.2.0/thumb/v7e-m+fp/hard/libgcc.a(_dvmd_tls.o)
                0x080002a0                __aeabi_ldiv0
                0x080002a0                __aeabi_idiv0
 *(.text*)
 .text.__do_global_dtors_aux
                0x080002a4       0x24 /usr/lib/gcc/arm-none-eabi/14.2.0/thumb/v7e-m+fp/hard/crtbegin.o
 .text.frame_dummy
                0x080002c8       0x1c /usr/lib/gcc/arm-none-eabi/14.2.0/thumb/v7e-m+fp/hard/crtbegin.o
 .text.Error_Handler
                0x080002e4        0x4 build/main.o
                0x080002e4                Error_Handler
 .text.SystemClock_Config
                0x080002e8       0xa0 build/main.o
                0x080002e8                SystemClock_Config
 .text.main     0x08000388       0x1c build/main.o
                0x08000388                main
 .text.MX_GPIO_Init
                0x080003a4       0x38 build/gpio.o
                0x080003a4                MX_GPIO_Init
 .text.MX_USART2_UART_Init
                0x080003dc       0x34 build/usart.o
                0x080003dc                MX_USART2_UART_Init
 .text.HAL_UART_MspInit
                0x08000410      0x130 build/usart.o
                0x08000410                HAL_UART_MspInit
 .text.__NVIC_SystemReset
                0x08000540       0x24 build/mimic.o
 .text.Mimic_RxAvailable
                0x08000564       0x1c build/mimic.o
 .text.Mimic_RxGet
                0x08000580       0x44 build/mimic.o
 .text.Mimic_GetUARTHandle
                0x080005c4       0x7c build/mimic.o
 .text.Mimic_GetSPIHandle
                0x08000640       0xd0 build/mimic.o
 .text.Mimic_ConfigureUARTGPIO
                0x08000710       0xa8 build/mimic.o
 .text.Mimic_ConfigureSPIGPIO
                0x080007b8      0x158 build/mimic.o
 .text.Mimic_ParseHexData
                0x08000910       0x82 build/mimic.o
 *fill*         0x08000992        0x2 
 .text.HAL_UART_RxCpltCallback
                0x08000994       0x5c build/mimic.o
                0x08000994                HAL_UART_RxCpltCallback
 .text.Mimic_SendResponse
                0x080009f0       0x1c build/mimic.o
                0x080009f0                Mimic_SendResponse
 .text.Mimic_SendResponseF
                0x08000a0c       0x28 build/mimic.o
                0x08000a0c                Mimic_SendResponseF
 .text.Mimic_Init
                0x08000a34       0x70 build/mimic.o
                0x08000a34                Mimic_Init
 .text.Mimic_ParseCommand
                0x08000aa4       0x78 build/mimic.o
                0x08000aa4                Mimic_ParseCommand
 .text.Mimic_GetPort
                0x08000b1c       0x34 build/mimic.o
                0x08000b1c                Mimic_GetPort
 .text.Mimic_GetPin
                0x08000b50       0x12 build/mimic.o
                0x08000b50                Mimic_GetPin
 .text.Mimic_ParsePin
                0x08000b62       0x44 build/mimic.o
                0x08000b62                Mimic_ParsePin
 *fill*         0x08000ba6        0x2 
 .text.Mimic_CMD_PIN_STATUS
                0x08000ba8      0x14c build/mimic.o
                0x08000ba8                Mimic_CMD_PIN_STATUS
 .text.Mimic_CMD_PIN_SET_OUT
                0x08000cf4      0x11c build/mimic.o
                0x08000cf4                Mimic_CMD_PIN_SET_OUT
 .text.Mimic_CMD_PIN_SET_IN
                0x08000e10      0x154 build/mimic.o
                0x08000e10                Mimic_CMD_PIN_SET_IN
 .text.Mimic_CMD_PIN_HIGH
                0x08000f64       0x54 build/mimic.o
                0x08000f64                Mimic_CMD_PIN_HIGH
 .text.Mimic_CMD_PIN_LOW
                0x08000fb8       0x54 build/mimic.o
                0x08000fb8                Mimic_CMD_PIN_LOW
 .text.Mimic_CMD_PIN_READ
                0x0800100c       0x60 build/mimic.o
                0x0800100c                Mimic_CMD_PIN_READ
 .text.Mimic_CMD_PIN_TOGGLE
                0x0800106c       0x6c build/mimic.o
                0x0800106c                Mimic_CMD_PIN_TOGGLE
 .text.Mimic_CMD_PIN_MODE
                0x080010d8      0x178 build/mimic.o
                0x080010d8                Mimic_CMD_PIN_MODE
 .text.Mimic_CMD_UART_INIT
                0x08001250      0x198 build/mimic.o
                0x08001250                Mimic_CMD_UART_INIT
 .text.Mimic_CMD_UART_SEND
                0x080013e8      0x178 build/mimic.o
                0x080013e8                Mimic_CMD_UART_SEND
 .text.Mimic_CMD_UART_RECV
                0x08001560      0x224 build/mimic.o
                0x08001560                Mimic_CMD_UART_RECV
 .text.Mimic_CMD_UART_STATUS
                0x08001784       0x68 build/mimic.o
                0x08001784                Mimic_CMD_UART_STATUS
 .text.Mimic_CMD_UART_TEST
                0x080017ec      0x108 build/mimic.o
                0x080017ec                Mimic_CMD_UART_TEST
 .text.Mimic_CMD_SPI_INIT
                0x080018f4      0x4e0 build/mimic.o
                0x080018f4                Mimic_CMD_SPI_INIT
 .text.Mimic_CMD_SPI_SEND
                0x08001dd4      0x150 build/mimic.o
                0x08001dd4                Mimic_CMD_SPI_SEND
 .text.Mimic_CMD_SPI_RECV
                0x08001f24      0x130 build/mimic.o
                0x08001f24                Mimic_CMD_SPI_RECV
 .text.Mimic_CMD_SPI_TRANSFER
                0x08002054      0x188 build/mimic.o
                0x08002054                Mimic_CMD_SPI_TRANSFER
 .text.Mimic_CMD_SPI_CS
                0x080021dc      0x18c build/mimic.o
                0x080021dc                Mimic_CMD_SPI_CS
 .text.Mimic_CMD_SPI_STATUS
                0x08002368      0x130 build/mimic.o
                0x08002368                Mimic_CMD_SPI_STATUS
 .text.Mimic_GetI2CHandle
                0x08002498       0x48 build/mimic.o
                0x08002498                Mimic_GetI2CHandle
 .text.Mimic_ConfigureI2CGPIO
                0x080024e0      0x110 build/mimic.o
                0x080024e0                Mimic_ConfigureI2CGPIO
 .text.Mimic_CMD_I2C_INIT
                0x080025f0      0x200 build/mimic.o
                0x080025f0                Mimic_CMD_I2C_INIT
 .text.Mimic_CMD_I2C_SCAN
                0x080027f0       0x8c build/mimic.o
                0x080027f0                Mimic_CMD_I2C_SCAN
 .text.Mimic_CMD_I2C_WRITE
                0x0800287c      0x120 build/mimic.o
                0x0800287c                Mimic_CMD_I2C_WRITE
 .text.Mimic_CMD_I2C_READ
                0x0800299c      0x10c build/mimic.o
                0x0800299c                Mimic_CMD_I2C_READ
 .text.Mimic_CMD_I2C_WRITE_READ
                0x08002aa8      0x14c build/mimic.o
                0x08002aa8                Mimic_CMD_I2C_WRITE_READ
 .text.Mimic_CMD_I2C_STATUS
                0x08002bf4       0xf8 build/mimic.o
                0x08002bf4                Mimic_CMD_I2C_STATUS
 .text.Mimic_CMD_HELP
                0x08002cec      0x1bc build/mimic.o
                0x08002cec                Mimic_CMD_HELP
 .text.Mimic_CMD_VERSION
                0x08002ea8       0x34 build/mimic.o
                0x08002ea8                Mimic_CMD_VERSION
 .text.Mimic_CMD_STATUS
                0x08002edc       0xb8 build/mimic.o
                0x08002edc                Mimic_CMD_STATUS
 .text.Mimic_CMD_RESET
                0x08002f94       0x18 build/mimic.o
                0x08002f94                Mimic_CMD_RESET
 .text.Mimic_CMD_UART_POLL
                0x08002fac       0xfc build/mimic.o
                0x08002fac                Mimic_CMD_UART_POLL
 .text.Mimic_ProcessCommand
                0x080030a8      0x40c build/mimic.o
                0x080030a8                Mimic_ProcessCommand
 .text.Mimic_Process
                0x080034b4       0xb4 build/mimic.o
                0x080034b4                Mimic_Process
 .text.NMI_Handler
                0x08003568        0x2 build/stm32f4xx_it.o
                0x08003568                NMI_Handler
 .text.HardFault_Handler
                0x0800356a        0x2 build/stm32f4xx_it.o
                0x0800356a                HardFault_Handler
 .text.MemManage_Handler
                0x0800356c        0x2 build/stm32f4xx_it.o
                0x0800356c                MemManage_Handler
 .text.BusFault_Handler
                0x0800356e        0x2 build/stm32f4xx_it.o
                0x0800356e                BusFault_Handler
 .text.UsageFault_Handler
                0x08003570        0x2 build/stm32f4xx_it.o
                0x08003570                UsageFault_Handler
 .text.SVC_Handler
                0x08003572        0x2 build/stm32f4xx_it.o
                0x08003572                SVC_Handler
 .text.DebugMon_Handler
                0x08003574        0x2 build/stm32f4xx_it.o
                0x08003574                DebugMon_Handler
 .text.PendSV_Handler
                0x08003576        0x2 build/stm32f4xx_it.o
                0x08003576                PendSV_Handler
 .text.SysTick_Handler
                0x08003578        0x8 build/stm32f4xx_it.o
                0x08003578                SysTick_Handler
 .text.USART2_IRQHandler
                0x08003580       0x10 build/stm32f4xx_it.o
                0x08003580                USART2_IRQHandler
 .text.HAL_MspInit
                0x08003590       0x40 build/stm32f4xx_hal_msp.o
                0x08003590                HAL_MspInit
 .text.UART_EndRxTransfer
                0x080035d0       0x5c build/stm32f4xx_hal_uart.o
 .text.UART_Transmit_IT
                0x0800362c       0x5e build/stm32f4xx_hal_uart.o
 *fill*         0x0800368a        0x2 
 .text.UART_SetConfig
                0x0800368c      0x110 build/stm32f4xx_hal_uart.o
 .text.UART_WaitOnFlagUntilTimeout
                0x0800379c       0x86 build/stm32f4xx_hal_uart.o
 .text.HAL_UART_Init
                0x08003822       0x60 build/stm32f4xx_hal_uart.o
                0x08003822                HAL_UART_Init
 .text.HAL_UART_Transmit
                0x08003882       0xca build/stm32f4xx_hal_uart.o
                0x08003882                HAL_UART_Transmit
 .text.HAL_UART_Receive
                0x0800394c       0xd2 build/stm32f4xx_hal_uart.o
                0x0800394c                HAL_UART_Receive
 .text.HAL_UART_TxCpltCallback
                0x08003a1e        0x2 build/stm32f4xx_hal_uart.o
                0x08003a1e                HAL_UART_TxCpltCallback
 .text.UART_EndTransmit_IT
                0x08003a20       0x1a build/stm32f4xx_hal_uart.o
 .text.HAL_UART_ErrorCallback
                0x08003a3a        0x2 build/stm32f4xx_hal_uart.o
                0x08003a3a                HAL_UART_ErrorCallback
 .text.UART_DMAAbortOnError
                0x08003a3c        0xe build/stm32f4xx_hal_uart.o
 .text.HAL_UARTEx_RxEventCallback
                0x08003a4a        0x2 build/stm32f4xx_hal_uart.o
                0x08003a4a                HAL_UARTEx_RxEventCallback
 .text.UART_Receive_IT
                0x08003a4c       0xe4 build/stm32f4xx_hal_uart.o
 .text.HAL_UART_IRQHandler
                0x08003b30      0x2a0 build/stm32f4xx_hal_uart.o
                0x08003b30                HAL_UART_IRQHandler
 .text.UART_Start_Receive_IT
                0x08003dd0       0x36 build/stm32f4xx_hal_uart.o
                0x08003dd0                UART_Start_Receive_IT
 .text.HAL_UART_Receive_IT
                0x08003e06       0x24 build/stm32f4xx_hal_uart.o
                0x08003e06                HAL_UART_Receive_IT
 *fill*         0x08003e2a        0x2 
 .text.SPI_WaitFlagStateUntilTimeout
                0x08003e2c       0xc8 build/stm32f4xx_hal_spi.o
 .text.SPI_EndRxTxTransaction
                0x08003ef4       0x80 build/stm32f4xx_hal_spi.o
 .text.SPI_EndRxTransaction
                0x08003f74       0x8c build/stm32f4xx_hal_spi.o
 .text.HAL_SPI_MspInit
                0x08004000        0x2 build/stm32f4xx_hal_spi.o
                0x08004000                HAL_SPI_MspInit
 .text.HAL_SPI_Init
                0x08004002       0xbe build/stm32f4xx_hal_spi.o
                0x08004002                HAL_SPI_Init
 .text.HAL_SPI_Transmit
                0x080040c0      0x1c4 build/stm32f4xx_hal_spi.o
                0x080040c0                HAL_SPI_Transmit
 .text.HAL_SPI_TransmitReceive
                0x08004284      0x252 build/stm32f4xx_hal_spi.o
                0x08004284                HAL_SPI_TransmitReceive
 .text.HAL_SPI_Receive
                0x080044d6      0x184 build/stm32f4xx_hal_spi.o
                0x080044d6                HAL_SPI_Receive
 .text.I2C_IsAcknowledgeFailed
                0x0800465a       0x32 build/stm32f4xx_hal_i2c.o
 .text.I2C_WaitOnFlagUntilTimeout
                0x0800468c       0xaa build/stm32f4xx_hal_i2c.o
 .text.I2C_WaitOnMasterAddressFlagUntilTimeout
                0x08004736       0xd6 build/stm32f4xx_hal_i2c.o
 .text.I2C_MasterRequestWrite
                0x0800480c       0xb4 build/stm32f4xx_hal_i2c.o
 .text.I2C_MasterRequestRead
                0x080048c0      0x120 build/stm32f4xx_hal_i2c.o
 .text.I2C_WaitOnTXEFlagUntilTimeout
                0x080049e0       0x5e build/stm32f4xx_hal_i2c.o
 *fill*         0x08004a3e        0x2 
 .text.I2C_RequestMemoryRead
                0x08004a40      0x154 build/stm32f4xx_hal_i2c.o
 .text.I2C_WaitOnBTFFlagUntilTimeout
                0x08004b94       0x5e build/stm32f4xx_hal_i2c.o
 .text.I2C_WaitOnRXNEFlagUntilTimeout
                0x08004bf2       0x78 build/stm32f4xx_hal_i2c.o
 .text.I2C_WaitOnSTOPFlagUntilTimeout
                0x08004c6a       0x5c build/stm32f4xx_hal_i2c.o
 .text.HAL_I2C_MspInit
                0x08004cc6        0x2 build/stm32f4xx_hal_i2c.o
                0x08004cc6                HAL_I2C_MspInit
 .text.HAL_I2C_Init
                0x08004cc8      0x1bc build/stm32f4xx_hal_i2c.o
                0x08004cc8                HAL_I2C_Init
 .text.HAL_I2C_Master_Transmit
                0x08004e84      0x174 build/stm32f4xx_hal_i2c.o
                0x08004e84                HAL_I2C_Master_Transmit
 .text.HAL_I2C_Master_Receive
                0x08004ff8      0x2fc build/stm32f4xx_hal_i2c.o
                0x08004ff8                HAL_I2C_Master_Receive
 .text.HAL_I2C_Slave_Transmit
                0x080052f4      0x1a0 build/stm32f4xx_hal_i2c.o
                0x080052f4                HAL_I2C_Slave_Transmit
 .text.HAL_I2C_Slave_Receive
                0x08005494      0x17c build/stm32f4xx_hal_i2c.o
                0x08005494                HAL_I2C_Slave_Receive
 .text.HAL_I2C_Mem_Read
                0x08005610      0x2f8 build/stm32f4xx_hal_i2c.o
                0x08005610                HAL_I2C_Mem_Read
 .text.HAL_I2C_IsDeviceReady
                0x08005908      0x18c build/stm32f4xx_hal_i2c.o
                0x08005908                HAL_I2C_IsDeviceReady
 .text.HAL_RCC_OscConfig
                0x08005a94      0x3f8 build/stm32f4xx_hal_rcc.o
                0x08005a94                HAL_RCC_OscConfig
 .text.HAL_RCC_GetSysClockFreq
                0x08005e8c       0xdc build/stm32f4xx_hal_rcc.o
                0x08005e8c                HAL_RCC_GetSysClockFreq
 .text.HAL_RCC_ClockConfig
                0x08005f68      0x160 build/stm32f4xx_hal_rcc.o
                0x08005f68                HAL_RCC_ClockConfig
 .text.HAL_RCC_GetHCLKFreq
                0x080060c8        0xc build/stm32f4xx_hal_rcc.o
                0x080060c8                HAL_RCC_GetHCLKFreq
 .text.HAL_RCC_GetPCLK1Freq
                0x080060d4       0x20 build/stm32f4xx_hal_rcc.o
                0x080060d4                HAL_RCC_GetPCLK1Freq
 .text.HAL_RCC_GetPCLK2Freq
                0x080060f4       0x20 build/stm32f4xx_hal_rcc.o
                0x080060f4                HAL_RCC_GetPCLK2Freq
 .text.HAL_GPIO_Init
                0x08006114      0x1c8 build/stm32f4xx_hal_gpio.o
                0x08006114                HAL_GPIO_Init
 .text.HAL_GPIO_ReadPin
                0x080062dc        0xe build/stm32f4xx_hal_gpio.o
                0x080062dc                HAL_GPIO_ReadPin
 .text.HAL_GPIO_WritePin
                0x080062ea        0xc build/stm32f4xx_hal_gpio.o
                0x080062ea                HAL_GPIO_WritePin
 .text.HAL_GPIO_TogglePin
                0x080062f6       0x12 build/stm32f4xx_hal_gpio.o
                0x080062f6                HAL_GPIO_TogglePin
 .text.HAL_DMA_Abort
                0x08006308       0x92 build/stm32f4xx_hal_dma.o
                0x08006308                HAL_DMA_Abort
 .text.HAL_DMA_Abort_IT
                0x0800639a       0x24 build/stm32f4xx_hal_dma.o
                0x0800639a                HAL_DMA_Abort_IT
 *fill*         0x080063be        0x2 
 .text.__NVIC_EnableIRQ
                0x080063c0       0x1c build/stm32f4xx_hal_cortex.o
 .text.__NVIC_SetPriority
                0x080063dc       0x28 build/stm32f4xx_hal_cortex.o
 .text.NVIC_EncodePriority
                0x08006404       0x3e build/stm32f4xx_hal_cortex.o
 *fill*         0x08006442        0x2 
 .text.HAL_NVIC_SetPriorityGrouping
                0x08006444       0x24 build/stm32f4xx_hal_cortex.o
                0x08006444                HAL_NVIC_SetPriorityGrouping
 .text.HAL_NVIC_SetPriority
                0x08006468       0x20 build/stm32f4xx_hal_cortex.o
                0x08006468                HAL_NVIC_SetPriority
 .text.HAL_NVIC_EnableIRQ
                0x08006488        0x8 build/stm32f4xx_hal_cortex.o
                0x08006488                HAL_NVIC_EnableIRQ
 .text.HAL_SYSTICK_Config
                0x08006490       0x28 build/stm32f4xx_hal_cortex.o
                0x08006490                HAL_SYSTICK_Config
 .text.HAL_InitTick
                0x080064b8       0x4c build/stm32f4xx_hal.o
                0x080064b8                HAL_InitTick
 .text.HAL_Init
                0x08006504       0x34 build/stm32f4xx_hal.o
                0x08006504                HAL_Init
 .text.HAL_IncTick
                0x08006538       0x18 build/stm32f4xx_hal.o
                0x08006538                HAL_IncTick
 .text.HAL_GetTick
                0x08006550        0xc build/stm32f4xx_hal.o
                0x08006550                HAL_GetTick
 .text.HAL_Delay
                0x0800655c       0x28 build/stm32f4xx_hal.o
                0x0800655c                HAL_Delay
 .text.SystemInit
                0x08006584       0x14 build/system_stm32f4xx.o
                0x08006584                SystemInit
 .text._sbrk    0x08006598       0x48 build/sysmem.o
                0x08006598                _sbrk
 .text._getpid  0x080065e0        0x4 build/syscalls.o
                0x080065e0                _getpid
 .text._kill    0x080065e4       0x10 build/syscalls.o
                0x080065e4                _kill
 .text._exit    0x080065f4        0xc build/syscalls.o
                0x080065f4                _exit
 .text._read    0x08006600       0x20 build/syscalls.o
                0x08006600                _read
 .text._write   0x08006620       0x1c build/syscalls.o
                0x08006620                _write
 .text._close   0x0800663c        0x6 build/syscalls.o
                0x0800663c                _close
 .text._fstat   0x08006642        0xa build/syscalls.o
                0x08006642                _fstat
 .text._isatty  0x0800664c        0x4 build/syscalls.o
                0x0800664c                _isatty
 .text._lseek   0x08006650        0x4 build/syscalls.o
                0x08006650                _lseek
 .text.Reset_Handler
                0x08006654       0x50 build/startup_stm32f411xe.o
                0x08006654                Reset_Handler
 .text.Default_Handler
                0x080066a4        0x2 build/startup_stm32f411xe.o
                0x080066a4                RTC_Alarm_IRQHandler
                0x080066a4                EXTI2_IRQHandler
                0x080066a4                SPI4_IRQHandler
                0x080066a4                TIM1_CC_IRQHandler
                0x080066a4                DMA2_Stream5_IRQHandler
                0x080066a4                DMA1_Stream5_IRQHandler
                0x080066a4                PVD_IRQHandler
                0x080066a4                SDIO_IRQHandler
                0x080066a4                TAMP_STAMP_IRQHandler
                0x080066a4                EXTI3_IRQHandler
                0x080066a4                TIM1_UP_TIM10_IRQHandler
                0x080066a4                I2C3_ER_IRQHandler
                0x080066a4                EXTI0_IRQHandler
                0x080066a4                I2C2_EV_IRQHandler
                0x080066a4                DMA1_Stream2_IRQHandler
                0x080066a4                FPU_IRQHandler
                0x080066a4                DMA2_Stream2_IRQHandler
                0x080066a4                SPI1_IRQHandler
                0x080066a4                TIM1_BRK_TIM9_IRQHandler
                0x080066a4                DMA2_Stream3_IRQHandler
                0x080066a4                USART6_IRQHandler
                0x080066a4                DMA2_Stream0_IRQHandler
                0x080066a4                TIM4_IRQHandler
                0x080066a4                I2C1_EV_IRQHandler
                0x080066a4                DMA1_Stream6_IRQHandler
                0x080066a4                DMA1_Stream1_IRQHandler
                0x080066a4                TIM3_IRQHandler
                0x080066a4                RCC_IRQHandler
                0x080066a4                Default_Handler
                0x080066a4                EXTI15_10_IRQHandler
                0x080066a4                ADC_IRQHandler
                0x080066a4                DMA1_Stream7_IRQHandler
                0x080066a4                SPI5_IRQHandler
                0x080066a4                TIM5_IRQHandler
                0x080066a4                DMA2_Stream7_IRQHandler
                0x080066a4                I2C3_EV_IRQHandler
                0x080066a4                EXTI9_5_IRQHandler
                0x080066a4                RTC_WKUP_IRQHandler
                0x080066a4                SPI2_IRQHandler
                0x080066a4                DMA1_Stream0_IRQHandler
                0x080066a4                EXTI4_IRQHandler
                0x080066a4                WWDG_IRQHandler
                0x080066a4                TIM2_IRQHandler
                0x080066a4                OTG_FS_WKUP_IRQHandler
                0x080066a4                TIM1_TRG_COM_TIM11_IRQHandler
                0x080066a4                EXTI1_IRQHandler
                0x080066a4                I2C2_ER_IRQHandler
                0x080066a4                DMA2_Stream1_IRQHandler
                0x080066a4                FLASH_IRQHandler
                0x080066a4                DMA2_Stream4_IRQHandler
                0x080066a4                USART1_IRQHandler
                0x080066a4                OTG_FS_IRQHandler
                0x080066a4                SPI3_IRQHandler
                0x080066a4                DMA1_Stream4_IRQHandler
                0x080066a4                I2C1_ER_IRQHandler
                0x080066a4                DMA2_Stream6_IRQHandler
                0x080066a4                DMA1_Stream3_IRQHandler
 .text.atoi     0x080066a6        0x8 /usr/lib/gcc/arm-none-eabi/14.2.0/../../../../arm-none-eabi/lib/thumb/v7e-m+fp/hard/libc_nano.a(libc_a-atoi.o)
                0x080066a6                atoi
 *fill*         0x080066ae        0x2 
 .text._strtol_l.isra.0
                0x080066b0       0xf4 /usr/lib/gcc/arm-none-eabi/14.2.0/../../../../arm-none-eabi/lib/thumb/v7e-m+fp/hard/libc_nano.a(libc_a-strtol.o)
 .text.strtol   0x080067a4       0x14 /usr/lib/gcc/arm-none-eabi/14.2.0/../../../../arm-none-eabi/lib/thumb/v7e-m+fp/hard/libc_nano.a(libc_a-strtol.o)
                0x080067a4                strtol
 .text.std      0x080067b8       0x6c /usr/lib/gcc/arm-none-eabi/14.2.0/../../../../arm-none-eabi/lib/thumb/v7e-m+fp/hard/libc_nano.a(libc_a-findfp.o)
 .text.stdio_exit_handler
                0x08006824       0x18 /usr/lib/gcc/arm-none-eabi/14.2.0/../../../../arm-none-eabi/lib/thumb/v7e-m+fp/hard/libc_nano.a(libc_a-findfp.o)
 .text.cleanup_stdio
                0x0800683c       0x40 /usr/lib/gcc/arm-none-eabi/14.2.0/../../../../arm-none-eabi/lib/thumb/v7e-m+fp/hard/libc_nano.a(libc_a-findfp.o)
 .text.global_stdio_init.part.0
                0x0800687c       0x40 /usr/lib/gcc/arm-none-eabi/14.2.0/../../../../arm-none-eabi/lib/thumb/v7e-m+fp/hard/libc_nano.a(libc_a-findfp.o)
 .text.__sfp_lock_acquire
                0x080068bc        0xc /usr/lib/gcc/arm-none-eabi/14.2.0/../../../../arm-none-eabi/lib/thumb/v7e-m+fp/hard/libc_nano.a(libc_a-findfp.o)
                0x080068bc                __sfp_lock_acquire
 .text.__sfp_lock_release
                0x080068c8        0xc /usr/lib/gcc/arm-none-eabi/14.2.0/../../../../arm-none-eabi/lib/thumb/v7e-m+fp/hard/libc_nano.a(libc_a-findfp.o)
                0x080068c8                __sfp_lock_release
 .text.__sinit  0x080068d4       0x30 /usr/lib/gcc/arm-none-eabi/14.2.0/../../../../arm-none-eabi/lib/thumb/v7e-m+fp/hard/libc_nano.a(libc_a-findfp.o)
                0x080068d4                __sinit
 .text._fwalk_sglue
                0x08006904       0x3c /usr/lib/gcc/arm-none-eabi/14.2.0/../../../../arm-none-eabi/lib/thumb/v7e-m+fp/hard/libc_nano.a(libc_a-fwalk.o)
                0x08006904                _fwalk_sglue
 .text.snprintf
                0x08006940       0x6c /usr/lib/gcc/arm-none-eabi/14.2.0/../../../../arm-none-eabi/lib/thumb/v7e-m+fp/hard/libc_nano.a(libc_a-snprintf.o)
                0x08006940                snprintf
                0x08006940                sniprintf
 .text.__sread  0x080069ac       0x22 /usr/lib/gcc/arm-none-eabi/14.2.0/../../../../arm-none-eabi/lib/thumb/v7e-m+fp/hard/libc_nano.a(libc_a-stdio.o)
                0x080069ac                __sread
 .text.__swrite
                0x080069ce       0x38 /usr/lib/gcc/arm-none-eabi/14.2.0/../../../../arm-none-eabi/lib/thumb/v7e-m+fp/hard/libc_nano.a(libc_a-stdio.o)
                0x080069ce                __swrite
 .text.__sseek  0x08006a06       0x26 /usr/lib/gcc/arm-none-eabi/14.2.0/../../../../arm-none-eabi/lib/thumb/v7e-m+fp/hard/libc_nano.a(libc_a-stdio.o)
                0x08006a06                __sseek
 .text.__sclose
                0x08006a2c        0x8 /usr/lib/gcc/arm-none-eabi/14.2.0/../../../../arm-none-eabi/lib/thumb/v7e-m+fp/hard/libc_nano.a(libc_a-stdio.o)
                0x08006a2c                __sclose
 .text._vsnprintf_r
                0x08006a34       0x5c /usr/lib/gcc/arm-none-eabi/14.2.0/../../../../arm-none-eabi/lib/thumb/v7e-m+fp/hard/libc_nano.a(libc_a-vsnprintf.o)
                0x08006a34                _vsnprintf_r
                0x08006a34                _vsniprintf_r
 .text.vsnprintf
                0x08006a90       0x1c /usr/lib/gcc/arm-none-eabi/14.2.0/../../../../arm-none-eabi/lib/thumb/v7e-m+fp/hard/libc_nano.a(libc_a-vsnprintf.o)
                0x08006a90                vsnprintf
                0x08006a90                vsniprintf
 .text.memcmp   0x08006aac       0x20 /usr/lib/gcc/arm-none-eabi/14.2.0/../../../../arm-none-eabi/lib/thumb/v7e-m+fp/hard/libc_nano.a(libc_a-memcmp.o)
                0x08006aac                memcmp
 .text.memset   0x08006acc       0x10 /usr/lib/gcc/arm-none-eabi/14.2.0/../../../../arm-none-eabi/lib/thumb/v7e-m+fp/hard/libc_nano.a(libc_a-memset.o)
                0x08006acc                memset
 .text.strcasecmp
                0x08006adc       0x38 /usr/lib/gcc/arm-none-eabi/14.2.0/../../../../arm-none-eabi/lib/thumb/v7e-m+fp/hard/libc_nano.a(libc_a-strcasecmp.o)
                0x08006adc                strcasecmp
 .text.strcat   0x08006b14       0x1e /usr/lib/gcc/arm-none-eabi/14.2.0/../../../../arm-none-eabi/lib/thumb/v7e-m+fp/hard/libc_nano.a(libc_a-strcat.o)
                0x08006b14                strcat
 .text.strncpy  0x08006b32       0x26 /usr/lib/gcc/arm-none-eabi/14.2.0/../../../../arm-none-eabi/lib/thumb/v7e-m+fp/hard/libc_nano.a(libc_a-strncpy.o)
                0x08006b32                strncpy
 .text.strtok   0x08006b58       0x68 /usr/lib/gcc/arm-none-eabi/14.2.0/../../../../arm-none-eabi/lib/thumb/v7e-m+fp/hard/libc_nano.a(libc_a-strtok.o)
                0x08006b58                strtok
 .text.__strtok_r
                0x08006bc0       0x50 /usr/lib/gcc/arm-none-eabi/14.2.0/../../../../arm-none-eabi/lib/thumb/v7e-m+fp/hard/libc_nano.a(libc_a-strtok_r.o)
                0x08006bc0                __strtok_r
 .text._close_r
                0x08006c10       0x20 /usr/lib/gcc/arm-none-eabi/14.2.0/../../../../arm-none-eabi/lib/thumb/v7e-m+fp/hard/libc_nano.a(libc_a-closer.o)
                0x08006c10                _close_r
 .text._lseek_r
                0x08006c30       0x24 /usr/lib/gcc/arm-none-eabi/14.2.0/../../../../arm-none-eabi/lib/thumb/v7e-m+fp/hard/libc_nano.a(libc_a-lseekr.o)
                0x08006c30                _lseek_r
 .text._read_r  0x08006c54       0x24 /usr/lib/gcc/arm-none-eabi/14.2.0/../../../../arm-none-eabi/lib/thumb/v7e-m+fp/hard/libc_nano.a(libc_a-readr.o)
                0x08006c54                _read_r
 .text._write_r
                0x08006c78       0x24 /usr/lib/gcc/arm-none-eabi/14.2.0/../../../../arm-none-eabi/lib/thumb/v7e-m+fp/hard/libc_nano.a(libc_a-writer.o)
                0x08006c78                _write_r
 .text.__errno  0x08006c9c        0xc /usr/lib/gcc/arm-none-eabi/14.2.0/../../../../arm-none-eabi/lib/thumb/v7e-m+fp/hard/libc_nano.a(libc_a-errno.o)
                0x08006c9c                __errno
 .text.__libc_init_array
                0x08006ca8       0x48 /usr/lib/gcc/arm-none-eabi/14.2.0/../../../../arm-none-eabi/lib/thumb/v7e-m+fp/hard/libc_nano.a(libc_a-init.o)
                0x08006ca8                __libc_init_array
 .text.__retarget_lock_init_recursive
                0x08006cf0        0x2 /usr/lib/gcc/arm-none-eabi/14.2.0/../../../../arm-none-eabi/lib/thumb/v7e-m+fp/hard/libc_nano.a(libc_a-lock.o)
                0x08006cf0                __retarget_lock_init_recursive
 .text.__retarget_lock_acquire_recursive
                0x08006cf2        0x2 /usr/lib/gcc/arm-none-eabi/14.2.0/../../../../arm-none-eabi/lib/thumb/v7e-m+fp/hard/libc_nano.a(libc_a-lock.o)
                0x08006cf2                __retarget_lock_acquire_recursive
 .text.__retarget_lock_release_recursive
                0x08006cf4        0x2 /usr/lib/gcc/arm-none-eabi/14.2.0/../../../../arm-none-eabi/lib/thumb/v7e-m+fp/hard/libc_nano.a(libc_a-lock.o)
                0x08006cf4                __retarget_lock_release_recursive
 *fill*         0x08006cf6        0x2 
 .text.__assert_func
                0x08006cf8       0x3c /usr/lib/gcc/arm-none-eabi/14.2.0/../../../../arm-none-eabi/lib/thumb/v7e-m+fp/hard/libc_nano.a(libc_a-assert.o)
                0x08006cf8                __assert_func
 .text._free_r  0x08006d34       0x94 /usr/lib/gcc/arm-none-eabi/14.2.0/../../../../arm-none-eabi/lib/thumb/v7e-m+fp/hard/libc_nano.a(libc_a-freer.o)
                0x08006d34                _free_r
 .text.malloc   0x08006dc8       0x10 /usr/lib/gcc/arm-none-eabi/14.2.0/../../../../arm-none-eabi/lib/thumb/v7e-m+fp/hard/libc_nano.a(libc_a-malloc.o)
                0x08006dc8                malloc
 .text.sbrk_aligned
                0x08006dd8       0x44 /usr/lib/gcc/arm-none-eabi/14.2.0/../../../../arm-none-eabi/lib/thumb/v7e-m+fp/hard/libc_nano.a(libc_a-mallocr.o)
 .text._malloc_r
                0x08006e1c      0x100 /usr/lib/gcc/arm-none-eabi/14.2.0/../../../../arm-none-eabi/lib/thumb/v7e-m+fp/hard/libc_nano.a(libc_a-mallocr.o)
                0x08006e1c                _malloc_r
 .text.__malloc_lock
                0x08006f1c        0xc /usr/lib/gcc/arm-none-eabi/14.2.0/../../../../arm-none-eabi/lib/thumb/v7e-m+fp/hard/libc_nano.a(libc_a-mlock.o)
                0x08006f1c                __malloc_lock
 .text.__malloc_unlock
                0x08006f28        0xc /usr/lib/gcc/arm-none-eabi/14.2.0/../../../../arm-none-eabi/lib/thumb/v7e-m+fp/hard/libc_nano.a(libc_a-mlock.o)
                0x08006f28                __malloc_unlock
 .text.__ssputs_r
                0x08006f34       0xc0 /usr/lib/gcc/arm-none-eabi/14.2.0/../../../../arm-none-eabi/lib/thumb/v7e-m+fp/hard/libc_nano.a(libc_a-nano-svfprintf.o)
                0x08006f34                __ssputs_r
 .text._svfprintf_r
                0x08006ff4      0x1f8 /usr/lib/gcc/arm-none-eabi/14.2.0/../../../../arm-none-eabi/lib/thumb/v7e-m+fp/hard/libc_nano.a(libc_a-nano-svfprintf.o)
                0x08006ff4                _svfprintf_r
                0x08006ff4                _svfiprintf_r
 .text._printf_common
                0x080071ec       0xda /usr/lib/gcc/arm-none-eabi/14.2.0/../../../../arm-none-eabi/lib/thumb/v7e-m+fp/hard/libc_nano.a(libc_a-nano-vfprintf_i.o)
                0x080071ec                _printf_common
 *fill*         0x080072c6        0x2 
 .text._printf_i
                0x080072c8      0x240 /usr/lib/gcc/arm-none-eabi/14.2.0/../../../../arm-none-eabi/lib/thumb/v7e-m+fp/hard/libc_nano.a(libc_a-nano-vfprintf_i.o)
                0x080072c8                _printf_i
 .text.__sflush_r
                0x08007508      0x104 /usr/lib/gcc/arm-none-eabi/14.2.0/../../../../arm-none-eabi/lib/thumb/v7e-m+fp/hard/libc_nano.a(libc_a-fflush.o)
                0x08007508                __sflush_r
 .text._fflush_r
                0x0800760c       0x50 /usr/lib/gcc/arm-none-eabi/14.2.0/../../../../arm-none-eabi/lib/thumb/v7e-m+fp/hard/libc_nano.a(libc_a-fflush.o)
                0x0800760c                _fflush_r
 .text.fprintf  0x0800765c       0x24 /usr/lib/gcc/arm-none-eabi/14.2.0/../../../../arm-none-eabi/lib/thumb/v7e-m+fp/hard/libc_nano.a(libc_a-fprintf.o)
                0x0800765c                fprintf
                0x0800765c                fiprintf
 .text.memmove  0x08007680       0x32 /usr/lib/gcc/arm-none-eabi/14.2.0/../../../../arm-none-eabi/lib/thumb/v7e-m+fp/hard/libc_nano.a(libc_a-memmove.o)
                0x08007680                memmove
 *fill*         0x080076b2        0x2 
 .text._sbrk_r  0x080076b4       0x20 /usr/lib/gcc/arm-none-eabi/14.2.0/../../../../arm-none-eabi/lib/thumb/v7e-m+fp/hard/libc_nano.a(libc_a-sbrkr.o)
                0x080076b4                _sbrk_r
 .text.memcpy   0x080076d4       0x1c /usr/lib/gcc/arm-none-eabi/14.2.0/../../../../arm-none-eabi/lib/thumb/v7e-m+fp/hard/libc_nano.a(libc_a-memcpy-stub.o)
                0x080076d4                memcpy
 .text.abort    0x080076f0        0xe /usr/lib/gcc/arm-none-eabi/14.2.0/../../../../arm-none-eabi/lib/thumb/v7e-m+fp/hard/libc_nano.a(libc_a-abort.o)
                0x080076f0                abort
 .text._realloc_r
                0x080076fe       0x5c /usr/lib/gcc/arm-none-eabi/14.2.0/../../../../arm-none-eabi/lib/thumb/v7e-m+fp/hard/libc_nano.a(libc_a-reallocr.o)
                0x080076fe                _realloc_r
 .text.__sfputc_r
                0x0800775a       0x2e /usr/lib/gcc/arm-none-eabi/14.2.0/../../../../arm-none-eabi/lib/thumb/v7e-m+fp/hard/libc_nano.a(libc_a-nano-vfprintf.o)
 .text.__sfputs_r
                0x08007788       0x24 /usr/lib/gcc/arm-none-eabi/14.2.0/../../../../arm-none-eabi/lib/thumb/v7e-m+fp/hard/libc_nano.a(libc_a-nano-vfprintf.o)
                0x08007788                __sfputs_r
 .text._vfprintf_r
                0x080077ac      0x230 /usr/lib/gcc/arm-none-eabi/14.2.0/../../../../arm-none-eabi/lib/thumb/v7e-m+fp/hard/libc_nano.a(libc_a-nano-vfprintf.o)
                0x080077ac                _vfiprintf_r
                0x080077ac                _vfprintf_r
 .text.__swbuf_r
                0x080079dc       0x7c /usr/lib/gcc/arm-none-eabi/14.2.0/../../../../arm-none-eabi/lib/thumb/v7e-m+fp/hard/libc_nano.a(libc_a-wbuf.o)
                0x080079dc                __swbuf_r
 .text.__swsetup_r
                0x08007a58       0xa8 /usr/lib/gcc/arm-none-eabi/14.2.0/../../../../arm-none-eabi/lib/thumb/v7e-m+fp/hard/libc_nano.a(libc_a-wsetup.o)
                0x08007a58                __swsetup_r
 .text._raise_r
                0x08007b00       0x50 /usr/lib/gcc/arm-none-eabi/14.2.0/../../../../arm-none-eabi/lib/thumb/v7e-m+fp/hard/libc_nano.a(libc_a-signal.o)
                0x08007b00                _raise_r
 .text.raise    0x08007b50       0x10 /usr/lib/gcc/arm-none-eabi/14.2.0/../../../../arm-none-eabi/lib/thumb/v7e-m+fp/hard/libc_nano.a(libc_a-signal.o)
                0x08007b50                raise
 .text._kill_r  0x08007b60       0x24 /usr/lib/gcc/arm-none-eabi/14.2.0/../../../../arm-none-eabi/lib/thumb/v7e-m+fp/hard/libc_nano.a(libc_a-signalr.o)
                0x08007b60                _kill_r
 .text._getpid_r
                0x08007b84        0x4 /usr/lib/gcc/arm-none-eabi/14.2.0/../../../../arm-none-eabi/lib/thumb/v7e-m+fp/hard/libc_nano.a(libc_a-signalr.o)
                0x08007b84                _getpid_r
 .text._malloc_usable_size_r
                0x08007b88       0x10 /usr/lib/gcc/arm-none-eabi/14.2.0/../../../../arm-none-eabi/lib/thumb/v7e-m+fp/hard/libc_nano.a(libc_a-msizer.o)
                0x08007b88                _malloc_usable_size_r
 .text.__swhatbuf_r
                0x08007b98       0x48 /usr/lib/gcc/arm-none-eabi/14.2.0/../../../../arm-none-eabi/lib/thumb/v7e-m+fp/hard/libc_nano.a(libc_a-makebuf.o)
                0x08007b98                __swhatbuf_r
 .text.__smakebuf_r
                0x08007be0       0x72 /usr/lib/gcc/arm-none-eabi/14.2.0/../../../../arm-none-eabi/lib/thumb/v7e-m+fp/hard/libc_nano.a(libc_a-makebuf.o)
                0x08007be0                __smakebuf_r
 *fill*         0x08007c52        0x2 
 .text._fstat_r
                0x08007c54       0x24 /usr/lib/gcc/arm-none-eabi/14.2.0/../../../../arm-none-eabi/lib/thumb/v7e-m+fp/hard/libc_nano.a(libc_a-fstatr.o)
                0x08007c54                _fstat_r
 .text._isatty_r
                0x08007c78       0x20 /usr/lib/gcc/arm-none-eabi/14.2.0/../../../../arm-none-eabi/lib/thumb/v7e-m+fp/hard/libc_nano.a(libc_a-isattyr.o)
                0x08007c78                _isatty_r
 .text.__udivmoddi4
                0x08007c98      0x2bc /usr/lib/gcc/arm-none-eabi/14.2.0/thumb/v7e-m+fp/hard/libgcc.a(_udivmoddi4.o)
                0x08007c98                __udivmoddi4
 *(.glue_7)
 .glue_7        0x08007f54        0x0 linker stubs
 *(.glue_7t)
 .glue_7t       0x08007f54        0x0 linker stubs
 *(.eh_frame)
 .eh_frame      0x08007f54        0x0 /usr/lib/gcc/arm-none-eabi/14.2.0/thumb/v7e-m+fp/hard/crtbegin.o
 *(.init)
 .init          0x08007f54        0x4 /usr/lib/gcc/arm-none-eabi/14.2.0/thumb/v7e-m+fp/hard/crti.o
                0x08007f54                _init
 .init          0x08007f58        0x8 /usr/lib/gcc/arm-none-eabi/14.2.0/thumb/v7e-m+fp/hard/crtn.o
 *(.fini)
 .fini          0x08007f60        0x4 /usr/lib/gcc/arm-none-eabi/14.2.0/thumb/v7e-m+fp/hard/crti.o
                0x08007f60                _fini
 .fini          0x08007f64        0x8 /usr/lib/gcc/arm-none-eabi/14.2.0/thumb/v7e-m+fp/hard/crtn.o
                0x08007f6c                        . = ALIGN (0x4)
                0x08007f6c                        _etext = .

.vfp11_veneer   0x08007f6c        0x0
 .vfp11_veneer  0x08007f6c        0x0 linker stubs

.v4_bx          0x08007f6c        0x0
 .v4_bx         0x08007f6c        0x0 linker stubs

.iplt           0x08007f6c        0x0
 .iplt          0x08007f6c        0x0 /usr/lib/gcc/arm-none-eabi/14.2.0/thumb/v7e-m+fp/hard/crtbegin.o

.rodata         0x08007f6c     0x24bc
                0x08007f6c                        . = ALIGN (0x4)
 *(.rodata)
 .rodata        0x08007f6c       0x90 build/mimic.o
 *(.rodata*)
 .rodata.Mimic_GetUARTHandle.str1.4
                0x08007ffc     0x220f build/mimic.o
                                 0x26 (size before relaxing)
 .rodata.Mimic_GetSPIHandle.str1.4
                0x0800a20b       0x36 build/mimic.o
 .rodata.Mimic_Init.str1.4
                0x0800a20b       0x9a build/mimic.o
 .rodata.Mimic_ParseCommand.str1.4
                0x0800a20b        0x3 build/mimic.o
 .rodata.Mimic_CMD_PIN_STATUS.str1.4
                0x0800a20b       0xb3 build/mimic.o
 .rodata.Mimic_CMD_PIN_SET_OUT.str1.4
                0x0800a20b       0x3a build/mimic.o
 .rodata.Mimic_CMD_PIN_SET_IN.str1.4
                0x0800a20b       0x55 build/mimic.o
 .rodata.Mimic_CMD_PIN_HIGH.str1.4
                0x0800a20b       0x28 build/mimic.o
 .rodata.Mimic_CMD_PIN_LOW.str1.4
                0x0800a20b       0x27 build/mimic.o
 .rodata.Mimic_CMD_PIN_READ.str1.4
                0x0800a20b       0x22 build/mimic.o
 .rodata.Mimic_CMD_PIN_TOGGLE.str1.4
                0x0800a20b       0x33 build/mimic.o
 .rodata.Mimic_CMD_PIN_MODE.str1.4
                0x0800a20b       0x7c build/mimic.o
 .rodata.Mimic_CMD_UART_INIT.str1.4
                0x0800a20b      0x123 build/mimic.o
 .rodata.Mimic_CMD_UART_SEND.str1.4
                0x0800a20b       0xa5 build/mimic.o
 .rodata.Mimic_CMD_UART_RECV.str1.4
                0x0800a20b      0x174 build/mimic.o
 .rodata.Mimic_CMD_UART_STATUS.str1.4
                0x0800a20b       0xab build/mimic.o
 .rodata.Mimic_CMD_UART_TEST.str1.4
                0x0800a20b      0x165 build/mimic.o
 .rodata.Mimic_CMD_SPI_INIT.str1.4
                0x0800a20b      0x36c build/mimic.o
 .rodata.Mimic_CMD_SPI_SEND.str1.4
                0x0800a20b      0x11c build/mimic.o
 .rodata.Mimic_CMD_SPI_RECV.str1.4
                0x0800a20b       0x80 build/mimic.o
 .rodata.Mimic_CMD_SPI_TRANSFER.str1.4
                0x0800a20b       0xd5 build/mimic.o
 .rodata.Mimic_CMD_SPI_CS.str1.4
                0x0800a20b       0xdf build/mimic.o
 .rodata.Mimic_CMD_SPI_STATUS.str1.4
                0x0800a20b       0xbc build/mimic.o
 .rodata.Mimic_CMD_I2C_INIT.str1.4
                0x0800a20b      0x162 build/mimic.o
 .rodata.Mimic_CMD_I2C_SCAN.str1.4
                0x0800a20b       0xb7 build/mimic.o
 .rodata.Mimic_CMD_I2C_WRITE.str1.4
                0x0800a20b       0xf3 build/mimic.o
 .rodata.Mimic_CMD_I2C_READ.str1.4
                0x0800a20b       0x9e build/mimic.o
 .rodata.Mimic_CMD_I2C_WRITE_READ.str1.4
                0x0800a20b       0xc4 build/mimic.o
 .rodata.Mimic_CMD_I2C_STATUS.str1.4
                0x0800a20b       0x96 build/mimic.o
 .rodata.Mimic_CMD_HELP.str1.4
                0x0800a20b      0x7f6 build/mimic.o
 .rodata.Mimic_CMD_VERSION.str1.4
                0x0800a20b       0x63 build/mimic.o
 .rodata.Mimic_CMD_STATUS.str1.4
                0x0800a20b       0x9d build/mimic.o
 .rodata.Mimic_CMD_RESET.str1.4
                0x0800a20b        0xf build/mimic.o
 .rodata.Mimic_CMD_UART_POLL.str1.4
                0x0800a20b      0x128 build/mimic.o
 .rodata.Mimic_ProcessCommand.str1.4
                0x0800a20b      0x1d2 build/mimic.o
 .rodata.Mimic_Process.str1.4
                0x0800a20b        0x7 build/mimic.o
 .rodata.str1.4
                0x0800a20b       0xd7 build/mimic.o
 *fill*         0x0800a20b        0x1 
 .rodata.port_map
                0x0800a20c       0x38 build/mimic.o
 .rodata.APBPrescTable
                0x0800a244        0x8 build/system_stm32f4xx.o
                0x0800a244                APBPrescTable
 .rodata.AHBPrescTable
                0x0800a24c       0x10 build/system_stm32f4xx.o
                0x0800a24c                AHBPrescTable
 .rodata._ctype_
                0x0800a25c      0x101 /usr/lib/gcc/arm-none-eabi/14.2.0/../../../../arm-none-eabi/lib/thumb/v7e-m+fp/hard/libc_nano.a(libc_a-ctype_.o)
                0x0800a25c                _ctype_
 .rodata.strtok.str1.1
                0x0800a35d       0xca /usr/lib/gcc/arm-none-eabi/14.2.0/../../../../arm-none-eabi/lib/thumb/v7e-m+fp/hard/libc_nano.a(libc_a-strtok.o)
                                 0x5b (size before relaxing)
 .rodata.__assert_func.str1.1
                0x0800a427       0x3d /usr/lib/gcc/arm-none-eabi/14.2.0/../../../../arm-none-eabi/lib/thumb/v7e-m+fp/hard/libc_nano.a(libc_a-assert.o)
 .rodata._svfprintf_r.str1.1
                0x0800a427       0x11 /usr/lib/gcc/arm-none-eabi/14.2.0/../../../../arm-none-eabi/lib/thumb/v7e-m+fp/hard/libc_nano.a(libc_a-nano-svfprintf.o)
 .rodata._printf_i.str1.1
                0x0800a427       0x22 /usr/lib/gcc/arm-none-eabi/14.2.0/../../../../arm-none-eabi/lib/thumb/v7e-m+fp/hard/libc_nano.a(libc_a-nano-vfprintf_i.o)
 .rodata._vfprintf_r.str1.1
                0x0800a427       0x11 /usr/lib/gcc/arm-none-eabi/14.2.0/../../../../arm-none-eabi/lib/thumb/v7e-m+fp/hard/libc_nano.a(libc_a-nano-vfprintf.o)
                0x0800a464                        . = ALIGN (0x4)
 *fill*         0x0800a427        0x1 

.ARM.extab      0x0800a428        0x0
                0x0800a428                        . = ALIGN (0x4)
 *(.ARM.extab* .gnu.linkonce.armextab.*)
                0x0800a428                        . = ALIGN (0x4)

.ARM            0x0800a428        0x8
                0x0800a428                        . = ALIGN (0x4)
                0x0800a428                        __exidx_start = .
 *(.ARM.exidx*)
 .ARM.exidx     0x0800a428        0x8 /usr/lib/gcc/arm-none-eabi/14.2.0/../../../../arm-none-eabi/lib/thumb/v7e-m+fp/hard/libc_nano.a(libc_a-strcmp.o)
 .ARM.exidx     0x0800a430        0x0 /usr/lib/gcc/arm-none-eabi/14.2.0/../../../../arm-none-eabi/lib/thumb/v7e-m+fp/hard/libc_nano.a(libc_a-strlen.o)
                                  0x8 (size before relaxing)
 .ARM.exidx     0x0800a430        0x0 /usr/lib/gcc/arm-none-eabi/14.2.0/../../../../arm-none-eabi/lib/thumb/v7e-m+fp/hard/libc_nano.a(libc_a-memchr.o)
                                  0x8 (size before relaxing)
 .ARM.exidx.text.__udivmoddi4
                0x0800a430        0x0 /usr/lib/gcc/arm-none-eabi/14.2.0/thumb/v7e-m+fp/hard/libgcc.a(_udivmoddi4.o)
                                  0x8 (size before relaxing)
                0x0800a430                        __exidx_end = .
                0x0800a430                        . = ALIGN (0x4)

.preinit_array  0x0800a430        0x0
                0x0800a430                        . = ALIGN (0x4)
                0x0800a430                        PROVIDE (__preinit_array_start = .)
 *(.preinit_array*)
                0x0800a430                        PROVIDE (__preinit_array_end = .)
                0x0800a430                        . = ALIGN (0x4)

.init_array     0x0800a430        0x4
                0x0800a430                        . = ALIGN (0x4)
                0x0800a430                        PROVIDE (__init_array_start = .)
 *(SORT_BY_NAME(.init_array.*))
 *(.init_array*)
 .init_array    0x0800a430        0x4 /usr/lib/gcc/arm-none-eabi/14.2.0/thumb/v7e-m+fp/hard/crtbegin.o
                0x0800a434                        PROVIDE (__init_array_end = .)
                0x0800a434                        . = ALIGN (0x4)

.fini_array     0x0800a434        0x4
                0x0800a434                        . = ALIGN (0x4)
                0x0800a434                        PROVIDE (__fini_array_start = .)
 *(SORT_BY_NAME(.fini_array.*))
 *(.fini_array*)
 .fini_array    0x0800a434        0x4 /usr/lib/gcc/arm-none-eabi/14.2.0/thumb/v7e-m+fp/hard/crtbegin.o
                0x0800a438                        PROVIDE (__fini_array_end = .)
                0x0800a438                        . = ALIGN (0x4)
                0x0800a438                        _sidata = LOADADDR (.data)

.rel.dyn        0x0800a438        0x0
 .rel.iplt      0x0800a438        0x0 /usr/lib/gcc/arm-none-eabi/14.2.0/thumb/v7e-m+fp/hard/crtbegin.o

.data           0x20000000       0x68 load address 0x0800a438
                0x20000000                        . = ALIGN (0x4)
                0x20000000                        _sdata = .
 *(.data)
 *(.data*)
 .data.uwTickFreq
                0x20000000        0x1 build/stm32f4xx_hal.o
                0x20000000                uwTickFreq
 *fill*         0x20000001        0x3 
 .data.uwTickPrio
                0x20000004        0x4 build/stm32f4xx_hal.o
                0x20000004                uwTickPrio
 .data.SystemCoreClock
                0x20000008        0x4 build/system_stm32f4xx.o
                0x20000008                SystemCoreClock
 .data.__sglue  0x2000000c        0xc /usr/lib/gcc/arm-none-eabi/14.2.0/../../../../arm-none-eabi/lib/thumb/v7e-m+fp/hard/libc_nano.a(libc_a-findfp.o)
                0x2000000c                __sglue
 .data._impure_ptr
                0x20000018        0x4 /usr/lib/gcc/arm-none-eabi/14.2.0/../../../../arm-none-eabi/lib/thumb/v7e-m+fp/hard/libc_nano.a(libc_a-impure.o)
                0x20000018                _impure_ptr
 .data._impure_data
                0x2000001c       0x4c /usr/lib/gcc/arm-none-eabi/14.2.0/../../../../arm-none-eabi/lib/thumb/v7e-m+fp/hard/libc_nano.a(libc_a-impure.o)
                0x2000001c                _impure_data
 *(.RamFunc)
 *(.RamFunc*)
                0x20000068                        . = ALIGN (0x4)
                0x20000068                        _edata = .

.igot.plt       0x20000068        0x0 load address 0x0800a4a0
 .igot.plt      0x20000068        0x0 /usr/lib/gcc/arm-none-eabi/14.2.0/thumb/v7e-m+fp/hard/crtbegin.o
                0x20000068                        . = ALIGN (0x4)

.bss            0x20000068      0x6b4 load address 0x0800a4a0
                0x20000068                        _sbss = .
                0x20000068                        __bss_start__ = _sbss
 *(.bss)
 *(.bss*)
 .bss.completed.1
                0x20000068        0x1 /usr/lib/gcc/arm-none-eabi/14.2.0/thumb/v7e-m+fp/hard/crtbegin.o
 *fill*         0x20000069        0x3 
 .bss.object.0  0x2000006c       0x18 /usr/lib/gcc/arm-none-eabi/14.2.0/thumb/v7e-m+fp/hard/crtbegin.o
 .bss.huart2    0x20000084       0x48 build/usart.o
                0x20000084                huart2
 .bss.i2c_states
                0x200000cc        0x3 build/mimic.o
 *fill*         0x200000cf        0x1 
 .bss.hi2c3     0x200000d0       0x54 build/mimic.o
                0x200000d0                hi2c3
 .bss.hi2c2     0x20000124       0x54 build/mimic.o
                0x20000124                hi2c2
 .bss.hi2c1     0x20000178       0x54 build/mimic.o
                0x20000178                hi2c1
 .bss.spi_cs_pins
                0x200001cc       0x28 build/mimic.o
 .bss.hspi5     0x200001f4       0x58 build/mimic.o
                0x200001f4                hspi5
 .bss.hspi4     0x2000024c       0x58 build/mimic.o
                0x2000024c                hspi4
 .bss.hspi3     0x200002a4       0x58 build/mimic.o
                0x200002a4                hspi3
 .bss.hspi2     0x200002fc       0x58 build/mimic.o
                0x200002fc                hspi2
 .bss.hspi1     0x20000354       0x58 build/mimic.o
                0x20000354                hspi1
 .bss.huart6    0x200003ac       0x48 build/mimic.o
                0x200003ac                huart6
 .bss.huart1    0x200003f4       0x48 build/mimic.o
                0x200003f4                huart1
 .bss.rx_tail   0x2000043c        0x2 build/mimic.o
 .bss.rx_head   0x2000043e        0x2 build/mimic.o
 .bss.rx_buffer
                0x20000440      0x100 build/mimic.o
 .bss.rx_byte   0x20000540        0x1 build/mimic.o
 *fill*         0x20000541        0x3 
 .bss.mimic_state
                0x20000544       0x82 build/mimic.o
                0x20000544                mimic_state
 *fill*         0x200005c6        0x2 
 .bss.uwTick    0x200005c8        0x4 build/stm32f4xx_hal.o
                0x200005c8                uwTick
 .bss.__sbrk_heap_end
                0x200005cc        0x4 build/sysmem.o
 .bss.__sf      0x200005d0      0x138 /usr/lib/gcc/arm-none-eabi/14.2.0/../../../../arm-none-eabi/lib/thumb/v7e-m+fp/hard/libc_nano.a(libc_a-findfp.o)
                0x200005d0                __sf
 .bss.__stdio_exit_handler
                0x20000708        0x4 /usr/lib/gcc/arm-none-eabi/14.2.0/../../../../arm-none-eabi/lib/thumb/v7e-m+fp/hard/libc_nano.a(libc_a-findfp.o)
                0x20000708                __stdio_exit_handler
 .bss.errno     0x2000070c        0x4 /usr/lib/gcc/arm-none-eabi/14.2.0/../../../../arm-none-eabi/lib/thumb/v7e-m+fp/hard/libc_nano.a(libc_a-reent.o)
                0x2000070c                errno
 .bss.__lock___malloc_recursive_mutex
                0x20000710        0x1 /usr/lib/gcc/arm-none-eabi/14.2.0/../../../../arm-none-eabi/lib/thumb/v7e-m+fp/hard/libc_nano.a(libc_a-lock.o)
                0x20000710                __lock___malloc_recursive_mutex
 .bss.__lock___sfp_recursive_mutex
                0x20000711        0x1 /usr/lib/gcc/arm-none-eabi/14.2.0/../../../../arm-none-eabi/lib/thumb/v7e-m+fp/hard/libc_nano.a(libc_a-lock.o)
                0x20000711                __lock___sfp_recursive_mutex
 *fill*         0x20000712        0x2 
 .bss.__malloc_sbrk_start
                0x20000714        0x4 /usr/lib/gcc/arm-none-eabi/14.2.0/../../../../arm-none-eabi/lib/thumb/v7e-m+fp/hard/libc_nano.a(libc_a-mallocr.o)
                0x20000714                __malloc_sbrk_start
 .bss.__malloc_free_list
                0x20000718        0x4 /usr/lib/gcc/arm-none-eabi/14.2.0/../../../../arm-none-eabi/lib/thumb/v7e-m+fp/hard/libc_nano.a(libc_a-mallocr.o)
                0x20000718                __malloc_free_list
 *(COMMON)
                0x2000071c                        . = ALIGN (0x4)
                0x2000071c                        _ebss = .
                0x2000071c                        __bss_end__ = _ebss

._user_heap_stack
                0x2000071c      0x604 load address 0x0800a4a0
                0x20000720                        . = ALIGN (0x8)
 *fill*         0x2000071c        0x4 
                [!provide]                        PROVIDE (end = .)
                0x20000720                        PROVIDE (_end = .)
                0x20000920                        . = (. + _Min_Heap_Size)
 *fill*         0x20000720      0x200 
                0x20000d20                        . = (. + _Min_Stack_Size)
 *fill*         0x20000920      0x400 
                0x20000d20                        . = ALIGN (0x8)

/DISCARD/
 libc.a(*)
 libm.a(*)
 libgcc.a(*)
OUTPUT(build/Mimic.elf elf32-littlearm)
LOAD linker stubs
LOAD /usr/lib/gcc/arm-none-eabi/14.2.0/../../../../arm-none-eabi/lib/thumb/v7e-m+fp/hard/libc.a
LOAD /usr/lib/gcc/arm-none-eabi/14.2.0/../../../../arm-none-eabi/lib/thumb/v7e-m+fp/hard/libm.a
LOAD /usr/lib/gcc/arm-none-eabi/14.2.0/thumb/v7e-m+fp/hard/libgcc.a

.ARM.attributes
                0x00000000       0x30
 .ARM.attributes
                0x00000000       0x22 /usr/lib/gcc/arm-none-eabi/14.2.0/thumb/v7e-m+fp/hard/crti.o
 .ARM.attributes
                0x00000022       0x34 /usr/lib/gcc/arm-none-eabi/14.2.0/thumb/v7e-m+fp/hard/crtbegin.o
 .ARM.attributes
                0x00000056       0x34 build/main.o
 .ARM.attributes
                0x0000008a       0x34 build/gpio.o
 .ARM.attributes
                0x000000be       0x34 build/usart.o
 .ARM.attributes
                0x000000f2       0x34 build/mimic.o
 .ARM.attributes
                0x00000126       0x34 build/stm32f4xx_it.o
 .ARM.attributes
                0x0000015a       0x34 build/stm32f4xx_hal_msp.o
 .ARM.attributes
                0x0000018e       0x34 build/stm32f4xx_hal_uart.o
 .ARM.attributes
                0x000001c2       0x34 build/stm32f4xx_hal_spi.o
 .ARM.attributes
                0x000001f6       0x34 build/stm32f4xx_hal_i2c.o
 .ARM.attributes
                0x0000022a       0x34 build/stm32f4xx_hal_rcc.o
 .ARM.attributes
                0x0000025e       0x34 build/stm32f4xx_hal_gpio.o
 .ARM.attributes
                0x00000292       0x34 build/stm32f4xx_hal_dma.o
 .ARM.attributes
                0x000002c6       0x34 build/stm32f4xx_hal_cortex.o
 .ARM.attributes
                0x000002fa       0x34 build/stm32f4xx_hal.o
 .ARM.attributes
                0x0000032e       0x34 build/system_stm32f4xx.o
 .ARM.attributes
                0x00000362       0x34 build/sysmem.o
 .ARM.attributes
                0x00000396       0x34 build/syscalls.o
 .ARM.attributes
                0x000003ca       0x21 build/startup_stm32f411xe.o
 .ARM.attributes
                0x000003eb       0x34 /usr/lib/gcc/arm-none-eabi/14.2.0/../../../../arm-none-eabi/lib/thumb/v7e-m+fp/hard/libc_nano.a(libc_a-atoi.o)
 .ARM.attributes
                0x0000041f       0x34 /usr/lib/gcc/arm-none-eabi/14.2.0/../../../../arm-none-eabi/lib/thumb/v7e-m+fp/hard/libc_nano.a(libc_a-strtol.o)
 .ARM.attributes
                0x00000453       0x34 /usr/lib/gcc/arm-none-eabi/14.2.0/../../../../arm-none-eabi/lib/thumb/v7e-m+fp/hard/libc_nano.a(libc_a-ctype_.o)
 .ARM.attributes
                0x00000487       0x34 /usr/lib/gcc/arm-none-eabi/14.2.0/../../../../arm-none-eabi/lib/thumb/v7e-m+fp/hard/libc_nano.a(libc_a-findfp.o)
 .ARM.attributes
                0x000004bb       0x34 /usr/lib/gcc/arm-none-eabi/14.2.0/../../../../arm-none-eabi/lib/thumb/v7e-m+fp/hard/libc_nano.a(libc_a-fwalk.o)
 .ARM.attributes
                0x000004ef       0x34 /usr/lib/gcc/arm-none-eabi/14.2.0/../../../../arm-none-eabi/lib/thumb/v7e-m+fp/hard/libc_nano.a(libc_a-snprintf.o)
 .ARM.attributes
                0x00000523       0x34 /usr/lib/gcc/arm-none-eabi/14.2.0/../../../../arm-none-eabi/lib/thumb/v7e-m+fp/hard/libc_nano.a(libc_a-stdio.o)
 .ARM.attributes
                0x00000557       0x34 /usr/lib/gcc/arm-none-eabi/14.2.0/../../../../arm-none-eabi/lib/thumb/v7e-m+fp/hard/libc_nano.a(libc_a-vsnprintf.o)
 .ARM.attributes
                0x0000058b       0x34 /usr/lib/gcc/arm-none-eabi/14.2.0/../../../../arm-none-eabi/lib/thumb/v7e-m+fp/hard/libc_nano.a(libc_a-memcmp.o)
 .ARM.attributes
                0x000005bf       0x34 /usr/lib/gcc/arm-none-eabi/14.2.0/../../../../arm-none-eabi/lib/thumb/v7e-m+fp/hard/libc_nano.a(libc_a-memset.o)
 .ARM.attributes
                0x000005f3       0x34 /usr/lib/gcc/arm-none-eabi/14.2.0/../../../../arm-none-eabi/lib/thumb/v7e-m+fp/hard/libc_nano.a(libc_a-strcasecmp.o)
 .ARM.attributes
                0x00000627       0x34 /usr/lib/gcc/arm-none-eabi/14.2.0/../../../../arm-none-eabi/lib/thumb/v7e-m+fp/hard/libc_nano.a(libc_a-strcat.o)
 .ARM.attributes
                0x0000065b       0x34 /usr/lib/gcc/arm-none-eabi/14.2.0/../../../../arm-none-eabi/lib/thumb/v7e-m+fp/hard/libc_nano.a(libc_a-strncpy.o)
 .ARM.attributes
                0x0000068f       0x34 /usr/lib/gcc/arm-none-eabi/14.2.0/../../../../arm-none-eabi/lib/thumb/v7e-m+fp/hard/libc_nano.a(libc_a-strtok.o)
 .ARM.attributes
                0x000006c3       0x34 /usr/lib/gcc/arm-none-eabi/14.2.0/../../../../arm-none-eabi/lib/thumb/v7e-m+fp/hard/libc_nano.a(libc_a-strtok_r.o)
 .ARM.attributes
                0x000006f7       0x34 /usr/lib/gcc/arm-none-eabi/14.2.0/../../../../arm-none-eabi/lib/thumb/v7e-m+fp/hard/libc_nano.a(libc_a-closer.o)
 .ARM.attributes
                0x0000072b       0x34 /usr/lib/gcc/arm-none-eabi/14.2.0/../../../../arm-none-eabi/lib/thumb/v7e-m+fp/hard/libc_nano.a(libc_a-reent.o)
 .ARM.attributes
                0x0000075f       0x34 /usr/lib/gcc/arm-none-eabi/14.2.0/../../../../arm-none-eabi/lib/thumb/v7e-m+fp/hard/libc_nano.a(libc_a-impure.o)
 .ARM.attributes
                0x00000793       0x34 /usr/lib/gcc/arm-none-eabi/14.2.0/../../../../arm-none-eabi/lib/thumb/v7e-m+fp/hard/libc_nano.a(libc_a-lseekr.o)
 .ARM.attributes
                0x000007c7       0x34 /usr/lib/gcc/arm-none-eabi/14.2.0/../../../../arm-none-eabi/lib/thumb/v7e-m+fp/hard/libc_nano.a(libc_a-readr.o)
 .ARM.attributes
                0x000007fb       0x34 /usr/lib/gcc/arm-none-eabi/14.2.0/../../../../arm-none-eabi/lib/thumb/v7e-m+fp/hard/libc_nano.a(libc_a-writer.o)
 .ARM.attributes
                0x0000082f       0x34 /usr/lib/gcc/arm-none-eabi/14.2.0/../../../../arm-none-eabi/lib/thumb/v7e-m+fp/hard/libc_nano.a(libc_a-errno.o)
 .ARM.attributes
                0x00000863       0x34 /usr/lib/gcc/arm-none-eabi/14.2.0/../../../../arm-none-eabi/lib/thumb/v7e-m+fp/hard/libc_nano.a(libc_a-init.o)
 .ARM.attributes
                0x00000897       0x34 /usr/lib/gcc/arm-none-eabi/14.2.0/../../../../arm-none-eabi/lib/thumb/v7e-m+fp/hard/libc_nano.a(libc_a-lock.o)
 .ARM.attributes
                0x000008cb       0x20 /usr/lib/gcc/arm-none-eabi/14.2.0/../../../../arm-none-eabi/lib/thumb/v7e-m+fp/hard/libc_nano.a(libc_a-strcmp.o)
 .ARM.attributes
                0x000008eb       0x17 /usr/lib/gcc/arm-none-eabi/14.2.0/../../../../arm-none-eabi/lib/thumb/v7e-m+fp/hard/libc_nano.a(libc_a-strlen.o)
 .ARM.attributes
                0x00000902       0x34 /usr/lib/gcc/arm-none-eabi/14.2.0/../../../../arm-none-eabi/lib/thumb/v7e-m+fp/hard/libc_nano.a(libc_a-assert.o)
 .ARM.attributes
                0x00000936       0x34 /usr/lib/gcc/arm-none-eabi/14.2.0/../../../../arm-none-eabi/lib/thumb/v7e-m+fp/hard/libc_nano.a(libc_a-freer.o)
 .ARM.attributes
                0x0000096a       0x34 /usr/lib/gcc/arm-none-eabi/14.2.0/../../../../arm-none-eabi/lib/thumb/v7e-m+fp/hard/libc_nano.a(libc_a-malloc.o)
 .ARM.attributes
                0x0000099e       0x34 /usr/lib/gcc/arm-none-eabi/14.2.0/../../../../arm-none-eabi/lib/thumb/v7e-m+fp/hard/libc_nano.a(libc_a-mallocr.o)
 .ARM.attributes
                0x000009d2       0x34 /usr/lib/gcc/arm-none-eabi/14.2.0/../../../../arm-none-eabi/lib/thumb/v7e-m+fp/hard/libc_nano.a(libc_a-mlock.o)
 .ARM.attributes
                0x00000a06       0x34 /usr/lib/gcc/arm-none-eabi/14.2.0/../../../../arm-none-eabi/lib/thumb/v7e-m+fp/hard/libc_nano.a(libc_a-nano-svfprintf.o)
 .ARM.attributes
                0x00000a3a       0x34 /usr/lib/gcc/arm-none-eabi/14.2.0/../../../../arm-none-eabi/lib/thumb/v7e-m+fp/hard/libc_nano.a(libc_a-nano-vfprintf_i.o)
 .ARM.attributes
                0x00000a6e       0x34 /usr/lib/gcc/arm-none-eabi/14.2.0/../../../../arm-none-eabi/lib/thumb/v7e-m+fp/hard/libc_nano.a(libc_a-fflush.o)
 .ARM.attributes
                0x00000aa2       0x34 /usr/lib/gcc/arm-none-eabi/14.2.0/../../../../arm-none-eabi/lib/thumb/v7e-m+fp/hard/libc_nano.a(libc_a-fprintf.o)
 .ARM.attributes
                0x00000ad6       0x34 /usr/lib/gcc/arm-none-eabi/14.2.0/../../../../arm-none-eabi/lib/thumb/v7e-m+fp/hard/libc_nano.a(libc_a-memmove.o)
 .ARM.attributes
                0x00000b0a       0x34 /usr/lib/gcc/arm-none-eabi/14.2.0/../../../../arm-none-eabi/lib/thumb/v7e-m+fp/hard/libc_nano.a(libc_a-sbrkr.o)
 .ARM.attributes
                0x00000b3e       0x1c /usr/lib/gcc/arm-none-eabi/14.2.0/../../../../arm-none-eabi/lib/thumb/v7e-m+fp/hard/libc_nano.a(libc_a-memchr.o)
 .ARM.attributes
                0x00000b5a       0x34 /usr/lib/gcc/arm-none-eabi/14.2.0/../../../../arm-none-eabi/lib/thumb/v7e-m+fp/hard/libc_nano.a(libc_a-memcpy-stub.o)
 .ARM.attributes
                0x00000b8e       0x34 /usr/lib/gcc/arm-none-eabi/14.2.0/../../../../arm-none-eabi/lib/thumb/v7e-m+fp/hard/libc_nano.a(libc_a-abort.o)
 .ARM.attributes
                0x00000bc2       0x34 /usr/lib/gcc/arm-none-eabi/14.2.0/../../../../arm-none-eabi/lib/thumb/v7e-m+fp/hard/libc_nano.a(libc_a-reallocr.o)
 .ARM.attributes
                0x00000bf6       0x34 /usr/lib/gcc/arm-none-eabi/14.2.0/../../../../arm-none-eabi/lib/thumb/v7e-m+fp/hard/libc_nano.a(libc_a-nano-vfprintf.o)
 .ARM.attributes
                0x00000c2a       0x34 /usr/lib/gcc/arm-none-eabi/14.2.0/../../../../arm-none-eabi/lib/thumb/v7e-m+fp/hard/libc_nano.a(libc_a-wbuf.o)
 .ARM.attributes
                0x00000c5e       0x34 /usr/lib/gcc/arm-none-eabi/14.2.0/../../../../arm-none-eabi/lib/thumb/v7e-m+fp/hard/libc_nano.a(libc_a-wsetup.o)
 .ARM.attributes
                0x00000c92       0x34 /usr/lib/gcc/arm-none-eabi/14.2.0/../../../../arm-none-eabi/lib/thumb/v7e-m+fp/hard/libc_nano.a(libc_a-signal.o)
 .ARM.attributes
                0x00000cc6       0x34 /usr/lib/gcc/arm-none-eabi/14.2.0/../../../../arm-none-eabi/lib/thumb/v7e-m+fp/hard/libc_nano.a(libc_a-signalr.o)
 .ARM.attributes
                0x00000cfa       0x34 /usr/lib/gcc/arm-none-eabi/14.2.0/../../../../arm-none-eabi/lib/thumb/v7e-m+fp/hard/libc_nano.a(libc_a-msizer.o)
 .ARM.attributes
                0x00000d2e       0x34 /usr/lib/gcc/arm-none-eabi/14.2.0/../../../../arm-none-eabi/lib/thumb/v7e-m+fp/hard/libc_nano.a(libc_a-makebuf.o)
 .ARM.attributes
                0x00000d62       0x34 /usr/lib/gcc/arm-none-eabi/14.2.0/../../../../arm-none-eabi/lib/thumb/v7e-m+fp/hard/libc_nano.a(libc_a-fstatr.o)
 .ARM.attributes
                0x00000d96       0x34 /usr/lib/gcc/arm-none-eabi/14.2.0/../../../../arm-none-eabi/lib/thumb/v7e-m+fp/hard/libc_nano.a(libc_a-isattyr.o)
 .ARM.attributes
                0x00000dca       0x22 /usr/lib/gcc/arm-none-eabi/14.2.0/thumb/v7e-m+fp/hard/libgcc.a(_aeabi_uldivmod.o)
 .ARM.attributes
                0x00000dec       0x34 /usr/lib/gcc/arm-none-eabi/14.2.0/thumb/v7e-m+fp/hard/libgcc.a(_udivmoddi4.o)
 .ARM.attributes
                0x00000e20       0x22 /usr/lib/gcc/arm-none-eabi/14.2.0/thumb/v7e-m+fp/hard/libgcc.a(_dvmd_tls.o)
 .ARM.attributes
                0x00000e42       0x22 /usr/lib/gcc/arm-none-eabi/14.2.0/thumb/v7e-m+fp/hard/crtn.o

.comment        0x00000000       0x1e
 .comment       0x00000000       0x1e build/main.o
                                 0x1f (size before relaxing)
 .comment       0x0000001e       0x1f build/gpio.o
 .comment       0x0000001e       0x1f build/usart.o
 .comment       0x0000001e       0x1f build/mimic.o
 .comment       0x0000001e       0x1f build/stm32f4xx_it.o
 .comment       0x0000001e       0x1f build/stm32f4xx_hal_msp.o
 .comment       0x0000001e       0x1f build/stm32f4xx_hal_uart.o
 .comment       0x0000001e       0x1f build/stm32f4xx_hal_spi.o
 .comment       0x0000001e       0x1f build/stm32f4xx_hal_i2c.o
 .comment       0x0000001e       0x1f build/stm32f4xx_hal_rcc.o
 .comment       0x0000001e       0x1f build/stm32f4xx_hal_gpio.o
 .comment       0x0000001e       0x1f build/stm32f4xx_hal_dma.o
 .comment       0x0000001e       0x1f build/stm32f4xx_hal_cortex.o
 .comment       0x0000001e       0x1f build/stm32f4xx_hal.o
 .comment       0x0000001e       0x1f build/system_stm32f4xx.o
 .comment       0x0000001e       0x1f build/sysmem.o
 .comment       0x0000001e       0x1f build/syscalls.o
 .comment       0x0000001e       0x1f /usr/lib/gcc/arm-none-eabi/14.2.0/../../../../arm-none-eabi/lib/thumb/v7e-m+fp/hard/libc_nano.a(libc_a-atoi.o)
 .comment       0x0000001e       0x1f /usr/lib/gcc/arm-none-eabi/14.2.0/../../../../arm-none-eabi/lib/thumb/v7e-m+fp/hard/libc_nano.a(libc_a-strtol.o)
 .comment       0x0000001e       0x1f /usr/lib/gcc/arm-none-eabi/14.2.0/../../../../arm-none-eabi/lib/thumb/v7e-m+fp/hard/libc_nano.a(libc_a-ctype_.o)
 .comment       0x0000001e       0x1f /usr/lib/gcc/arm-none-eabi/14.2.0/../../../../arm-none-eabi/lib/thumb/v7e-m+fp/hard/libc_nano.a(libc_a-findfp.o)
 .comment       0x0000001e       0x1f /usr/lib/gcc/arm-none-eabi/14.2.0/../../../../arm-none-eabi/lib/thumb/v7e-m+fp/hard/libc_nano.a(libc_a-fwalk.o)
 .comment       0x0000001e       0x1f /usr/lib/gcc/arm-none-eabi/14.2.0/../../../../arm-none-eabi/lib/thumb/v7e-m+fp/hard/libc_nano.a(libc_a-snprintf.o)
 .comment       0x0000001e       0x1f /usr/lib/gcc/arm-none-eabi/14.2.0/../../../../arm-none-eabi/lib/thumb/v7e-m+fp/hard/libc_nano.a(libc_a-stdio.o)
 .comment       0x0000001e       0x1f /usr/lib/gcc/arm-none-eabi/14.2.0/../../../../arm-none-eabi/lib/thumb/v7e-m+fp/hard/libc_nano.a(libc_a-vsnprintf.o)
 .comment       0x0000001e       0x1f /usr/lib/gcc/arm-none-eabi/14.2.0/../../../../arm-none-eabi/lib/thumb/v7e-m+fp/hard/libc_nano.a(libc_a-memcmp.o)
 .comment       0x0000001e       0x1f /usr/lib/gcc/arm-none-eabi/14.2.0/../../../../arm-none-eabi/lib/thumb/v7e-m+fp/hard/libc_nano.a(libc_a-memset.o)
 .comment       0x0000001e       0x1f /usr/lib/gcc/arm-none-eabi/14.2.0/../../../../arm-none-eabi/lib/thumb/v7e-m+fp/hard/libc_nano.a(libc_a-strcasecmp.o)
 .comment       0x0000001e       0x1f /usr/lib/gcc/arm-none-eabi/14.2.0/../../../../arm-none-eabi/lib/thumb/v7e-m+fp/hard/libc_nano.a(libc_a-strcat.o)
 .comment       0x0000001e       0x1f /usr/lib/gcc/arm-none-eabi/14.2.0/../../../../arm-none-eabi/lib/thumb/v7e-m+fp/hard/libc_nano.a(libc_a-strncpy.o)
 .comment       0x0000001e       0x1f /usr/lib/gcc/arm-none-eabi/14.2.0/../../../../arm-none-eabi/lib/thumb/v7e-m+fp/hard/libc_nano.a(libc_a-strtok.o)
 .comment       0x0000001e       0x1f /usr/lib/gcc/arm-none-eabi/14.2.0/../../../../arm-none-eabi/lib/thumb/v7e-m+fp/hard/libc_nano.a(libc_a-strtok_r.o)
 .comment       0x0000001e       0x1f /usr/lib/gcc/arm-none-eabi/14.2.0/../../../../arm-none-eabi/lib/thumb/v7e-m+fp/hard/libc_nano.a(libc_a-closer.o)
 .comment       0x0000001e       0x1f /usr/lib/gcc/arm-none-eabi/14.2.0/../../../../arm-none-eabi/lib/thumb/v7e-m+fp/hard/libc_nano.a(libc_a-reent.o)
 .comment       0x0000001e       0x1f /usr/lib/gcc/arm-none-eabi/14.2.0/../../../../arm-none-eabi/lib/thumb/v7e-m+fp/hard/libc_nano.a(libc_a-impure.o)
 .comment       0x0000001e       0x1f /usr/lib/gcc/arm-none-eabi/14.2.0/../../../../arm-none-eabi/lib/thumb/v7e-m+fp/hard/libc_nano.a(libc_a-lseekr.o)
 .comment       0x0000001e       0x1f /usr/lib/gcc/arm-none-eabi/14.2.0/../../../../arm-none-eabi/lib/thumb/v7e-m+fp/hard/libc_nano.a(libc_a-readr.o)
 .comment       0x0000001e       0x1f /usr/lib/gcc/arm-none-eabi/14.2.0/../../../../arm-none-eabi/lib/thumb/v7e-m+fp/hard/libc_nano.a(libc_a-writer.o)
 .comment       0x0000001e       0x1f /usr/lib/gcc/arm-none-eabi/14.2.0/../../../../arm-none-eabi/lib/thumb/v7e-m+fp/hard/libc_nano.a(libc_a-errno.o)
 .comment       0x0000001e       0x1f /usr/lib/gcc/arm-none-eabi/14.2.0/../../../../arm-none-eabi/lib/thumb/v7e-m+fp/hard/libc_nano.a(libc_a-init.o)
 .comment       0x0000001e       0x1f /usr/lib/gcc/arm-none-eabi/14.2.0/../../../../arm-none-eabi/lib/thumb/v7e-m+fp/hard/libc_nano.a(libc_a-lock.o)
 .comment       0x0000001e       0x1f /usr/lib/gcc/arm-none-eabi/14.2.0/../../../../arm-none-eabi/lib/thumb/v7e-m+fp/hard/libc_nano.a(libc_a-assert.o)
 .comment       0x0000001e       0x1f /usr/lib/gcc/arm-none-eabi/14.2.0/../../../../arm-none-eabi/lib/thumb/v7e-m+fp/hard/libc_nano.a(libc_a-freer.o)
 .comment       0x0000001e       0x1f /usr/lib/gcc/arm-none-eabi/14.2.0/../../../../arm-none-eabi/lib/thumb/v7e-m+fp/hard/libc_nano.a(libc_a-malloc.o)
 .comment       0x0000001e       0x1f /usr/lib/gcc/arm-none-eabi/14.2.0/../../../../arm-none-eabi/lib/thumb/v7e-m+fp/hard/libc_nano.a(libc_a-mallocr.o)
 .comment       0x0000001e       0x1f /usr/lib/gcc/arm-none-eabi/14.2.0/../../../../arm-none-eabi/lib/thumb/v7e-m+fp/hard/libc_nano.a(libc_a-mlock.o)
 .comment       0x0000001e       0x1f /usr/lib/gcc/arm-none-eabi/14.2.0/../../../../arm-none-eabi/lib/thumb/v7e-m+fp/hard/libc_nano.a(libc_a-nano-svfprintf.o)
 .comment       0x0000001e       0x1f /usr/lib/gcc/arm-none-eabi/14.2.0/../../../../arm-none-eabi/lib/thumb/v7e-m+fp/hard/libc_nano.a(libc_a-nano-vfprintf_i.o)
 .comment       0x0000001e       0x1f /usr/lib/gcc/arm-none-eabi/14.2.0/../../../../arm-none-eabi/lib/thumb/v7e-m+fp/hard/libc_nano.a(libc_a-fflush.o)
 .comment       0x0000001e       0x1f /usr/lib/gcc/arm-none-eabi/14.2.0/../../../../arm-none-eabi/lib/thumb/v7e-m+fp/hard/libc_nano.a(libc_a-fprintf.o)
 .comment       0x0000001e       0x1f /usr/lib/gcc/arm-none-eabi/14.2.0/../../../../arm-none-eabi/lib/thumb/v7e-m+fp/hard/libc_nano.a(libc_a-memmove.o)
 .comment       0x0000001e       0x1f /usr/lib/gcc/arm-none-eabi/14.2.0/../../../../arm-none-eabi/lib/thumb/v7e-m+fp/hard/libc_nano.a(libc_a-sbrkr.o)
 .comment       0x0000001e       0x1f /usr/lib/gcc/arm-none-eabi/14.2.0/../../../../arm-none-eabi/lib/thumb/v7e-m+fp/hard/libc_nano.a(libc_a-memcpy-stub.o)
 .comment       0x0000001e       0x1f /usr/lib/gcc/arm-none-eabi/14.2.0/../../../../arm-none-eabi/lib/thumb/v7e-m+fp/hard/libc_nano.a(libc_a-abort.o)
 .comment       0x0000001e       0x1f /usr/lib/gcc/arm-none-eabi/14.2.0/../../../../arm-none-eabi/lib/thumb/v7e-m+fp/hard/libc_nano.a(libc_a-reallocr.o)
 .comment       0x0000001e       0x1f /usr/lib/gcc/arm-none-eabi/14.2.0/../../../../arm-none-eabi/lib/thumb/v7e-m+fp/hard/libc_nano.a(libc_a-nano-vfprintf.o)
 .comment       0x0000001e       0x1f /usr/lib/gcc/arm-none-eabi/14.2.0/../../../../arm-none-eabi/lib/thumb/v7e-m+fp/hard/libc_nano.a(libc_a-wbuf.o)
 .comment       0x0000001e       0x1f /usr/lib/gcc/arm-none-eabi/14.2.0/../../../../arm-none-eabi/lib/thumb/v7e-m+fp/hard/libc_nano.a(libc_a-wsetup.o)
 .comment       0x0000001e       0x1f /usr/lib/gcc/arm-none-eabi/14.2.0/../../../../arm-none-eabi/lib/thumb/v7e-m+fp/hard/libc_nano.a(libc_a-signal.o)
 .comment       0x0000001e       0x1f /usr/lib/gcc/arm-none-eabi/14.2.0/../../../../arm-none-eabi/lib/thumb/v7e-m+fp/hard/libc_nano.a(libc_a-signalr.o)
 .comment       0x0000001e       0x1f /usr/lib/gcc/arm-none-eabi/14.2.0/../../../../arm-none-eabi/lib/thumb/v7e-m+fp/hard/libc_nano.a(libc_a-msizer.o)
 .comment       0x0000001e       0x1f /usr/lib/gcc/arm-none-eabi/14.2.0/../../../../arm-none-eabi/lib/thumb/v7e-m+fp/hard/libc_nano.a(libc_a-makebuf.o)
 .comment       0x0000001e       0x1f /usr/lib/gcc/arm-none-eabi/14.2.0/../../../../arm-none-eabi/lib/thumb/v7e-m+fp/hard/libc_nano.a(libc_a-fstatr.o)
 .comment       0x0000001e       0x1f /usr/lib/gcc/arm-none-eabi/14.2.0/../../../../arm-none-eabi/lib/thumb/v7e-m+fp/hard/libc_nano.a(libc_a-isattyr.o)
 .comment       0x0000001e       0x1f /usr/lib/gcc/arm-none-eabi/14.2.0/thumb/v7e-m+fp/hard/libgcc.a(_udivmoddi4.o)

.debug_info     0x00000000    0x2d9b0
 .debug_info    0x00000000      0x6a6 build/main.o
 .debug_info    0x000006a6      0x31d build/gpio.o
 .debug_info    0x000009c3      0xe30 build/usart.o
 .debug_info    0x000017f3     0x6ee0 build/mimic.o
 .debug_info    0x000086d3      0x746 build/stm32f4xx_it.o
 .debug_info    0x00008e19      0x346 build/stm32f4xx_hal_msp.o
 .debug_info    0x0000915f     0x43ad build/stm32f4xx_hal_uart.o
 .debug_info    0x0000d50c     0x1f78 build/stm32f4xx_hal_spi.o
 .debug_info    0x0000f484     0x3c18 build/stm32f4xx_hal_i2c.o
 .debug_info    0x0001309c      0xc4d build/stm32f4xx_hal_rcc.o
 .debug_info    0x00013ce9      0x872 build/stm32f4xx_hal_gpio.o
 .debug_info    0x0001455b      0xbc6 build/stm32f4xx_hal_dma.o
 .debug_info    0x00015121     0x1150 build/stm32f4xx_hal_cortex.o
 .debug_info    0x00016271      0xa91 build/stm32f4xx_hal.o
 .debug_info    0x00016d02      0x5e5 build/system_stm32f4xx.o
 .debug_info    0x000172e7      0x18c build/sysmem.o
 .debug_info    0x00017473      0x853 build/syscalls.o
 .debug_info    0x00017cc6       0x30 build/startup_stm32f411xe.o
 .debug_info    0x00017cf6      0x7d9 /usr/lib/gcc/arm-none-eabi/14.2.0/../../../../arm-none-eabi/lib/thumb/v7e-m+fp/hard/libc_nano.a(libc_a-atoi.o)
 .debug_info    0x000184cf      0xd7f /usr/lib/gcc/arm-none-eabi/14.2.0/../../../../arm-none-eabi/lib/thumb/v7e-m+fp/hard/libc_nano.a(libc_a-strtol.o)
 .debug_info    0x0001924e       0xb9 /usr/lib/gcc/arm-none-eabi/14.2.0/../../../../arm-none-eabi/lib/thumb/v7e-m+fp/hard/libc_nano.a(libc_a-ctype_.o)
 .debug_info    0x00019307      0xfb8 /usr/lib/gcc/arm-none-eabi/14.2.0/../../../../arm-none-eabi/lib/thumb/v7e-m+fp/hard/libc_nano.a(libc_a-findfp.o)
 .debug_info    0x0001a2bf      0x7d2 /usr/lib/gcc/arm-none-eabi/14.2.0/../../../../arm-none-eabi/lib/thumb/v7e-m+fp/hard/libc_nano.a(libc_a-fwalk.o)
 .debug_info    0x0001aa91      0x8b9 /usr/lib/gcc/arm-none-eabi/14.2.0/../../../../arm-none-eabi/lib/thumb/v7e-m+fp/hard/libc_nano.a(libc_a-snprintf.o)
 .debug_info    0x0001b34a      0xa90 /usr/lib/gcc/arm-none-eabi/14.2.0/../../../../arm-none-eabi/lib/thumb/v7e-m+fp/hard/libc_nano.a(libc_a-stdio.o)
 .debug_info    0x0001bdda      0x89c /usr/lib/gcc/arm-none-eabi/14.2.0/../../../../arm-none-eabi/lib/thumb/v7e-m+fp/hard/libc_nano.a(libc_a-vsnprintf.o)
 .debug_info    0x0001c676      0x104 /usr/lib/gcc/arm-none-eabi/14.2.0/../../../../arm-none-eabi/lib/thumb/v7e-m+fp/hard/libc_nano.a(libc_a-memcmp.o)
 .debug_info    0x0001c77a       0xe0 /usr/lib/gcc/arm-none-eabi/14.2.0/../../../../arm-none-eabi/lib/thumb/v7e-m+fp/hard/libc_nano.a(libc_a-memset.o)
 .debug_info    0x0001c85a      0x157 /usr/lib/gcc/arm-none-eabi/14.2.0/../../../../arm-none-eabi/lib/thumb/v7e-m+fp/hard/libc_nano.a(libc_a-strcasecmp.o)
 .debug_info    0x0001c9b1       0xe1 /usr/lib/gcc/arm-none-eabi/14.2.0/../../../../arm-none-eabi/lib/thumb/v7e-m+fp/hard/libc_nano.a(libc_a-strcat.o)
 .debug_info    0x0001ca92      0x111 /usr/lib/gcc/arm-none-eabi/14.2.0/../../../../arm-none-eabi/lib/thumb/v7e-m+fp/hard/libc_nano.a(libc_a-strncpy.o)
 .debug_info    0x0001cba3      0x841 /usr/lib/gcc/arm-none-eabi/14.2.0/../../../../arm-none-eabi/lib/thumb/v7e-m+fp/hard/libc_nano.a(libc_a-strtok.o)
 .debug_info    0x0001d3e4      0x1ab /usr/lib/gcc/arm-none-eabi/14.2.0/../../../../arm-none-eabi/lib/thumb/v7e-m+fp/hard/libc_nano.a(libc_a-strtok_r.o)
 .debug_info    0x0001d58f      0x75d /usr/lib/gcc/arm-none-eabi/14.2.0/../../../../arm-none-eabi/lib/thumb/v7e-m+fp/hard/libc_nano.a(libc_a-closer.o)
 .debug_info    0x0001dcec      0x8a1 /usr/lib/gcc/arm-none-eabi/14.2.0/../../../../arm-none-eabi/lib/thumb/v7e-m+fp/hard/libc_nano.a(libc_a-reent.o)
 .debug_info    0x0001e58d      0x715 /usr/lib/gcc/arm-none-eabi/14.2.0/../../../../arm-none-eabi/lib/thumb/v7e-m+fp/hard/libc_nano.a(libc_a-impure.o)
 .debug_info    0x0001eca2      0x7a8 /usr/lib/gcc/arm-none-eabi/14.2.0/../../../../arm-none-eabi/lib/thumb/v7e-m+fp/hard/libc_nano.a(libc_a-lseekr.o)
 .debug_info    0x0001f44a      0x7bf /usr/lib/gcc/arm-none-eabi/14.2.0/../../../../arm-none-eabi/lib/thumb/v7e-m+fp/hard/libc_nano.a(libc_a-readr.o)
 .debug_info    0x0001fc09      0x7c5 /usr/lib/gcc/arm-none-eabi/14.2.0/../../../../arm-none-eabi/lib/thumb/v7e-m+fp/hard/libc_nano.a(libc_a-writer.o)
 .debug_info    0x000203ce      0x6fb /usr/lib/gcc/arm-none-eabi/14.2.0/../../../../arm-none-eabi/lib/thumb/v7e-m+fp/hard/libc_nano.a(libc_a-errno.o)
 .debug_info    0x00020ac9      0x10b /usr/lib/gcc/arm-none-eabi/14.2.0/../../../../arm-none-eabi/lib/thumb/v7e-m+fp/hard/libc_nano.a(libc_a-init.o)
 .debug_info    0x00020bd4      0x218 /usr/lib/gcc/arm-none-eabi/14.2.0/../../../../arm-none-eabi/lib/thumb/v7e-m+fp/hard/libc_nano.a(libc_a-lock.o)
 .debug_info    0x00020dec       0x31 /usr/lib/gcc/arm-none-eabi/14.2.0/../../../../arm-none-eabi/lib/thumb/v7e-m+fp/hard/libc_nano.a(libc_a-strcmp.o)
 .debug_info    0x00020e1d       0x31 /usr/lib/gcc/arm-none-eabi/14.2.0/../../../../arm-none-eabi/lib/thumb/v7e-m+fp/hard/libc_nano.a(libc_a-strlen.o)
 .debug_info    0x00020e4e      0x836 /usr/lib/gcc/arm-none-eabi/14.2.0/../../../../arm-none-eabi/lib/thumb/v7e-m+fp/hard/libc_nano.a(libc_a-assert.o)
 .debug_info    0x00021684      0x851 /usr/lib/gcc/arm-none-eabi/14.2.0/../../../../arm-none-eabi/lib/thumb/v7e-m+fp/hard/libc_nano.a(libc_a-freer.o)
 .debug_info    0x00021ed5      0x7a0 /usr/lib/gcc/arm-none-eabi/14.2.0/../../../../arm-none-eabi/lib/thumb/v7e-m+fp/hard/libc_nano.a(libc_a-malloc.o)
 .debug_info    0x00022675      0x9bc /usr/lib/gcc/arm-none-eabi/14.2.0/../../../../arm-none-eabi/lib/thumb/v7e-m+fp/hard/libc_nano.a(libc_a-mallocr.o)
 .debug_info    0x00023031      0x76b /usr/lib/gcc/arm-none-eabi/14.2.0/../../../../arm-none-eabi/lib/thumb/v7e-m+fp/hard/libc_nano.a(libc_a-mlock.o)
 .debug_info    0x0002379c     0x10b3 /usr/lib/gcc/arm-none-eabi/14.2.0/../../../../arm-none-eabi/lib/thumb/v7e-m+fp/hard/libc_nano.a(libc_a-nano-svfprintf.o)
 .debug_info    0x0002484f      0xde2 /usr/lib/gcc/arm-none-eabi/14.2.0/../../../../arm-none-eabi/lib/thumb/v7e-m+fp/hard/libc_nano.a(libc_a-nano-vfprintf_i.o)
 .debug_info    0x00025631      0x9f2 /usr/lib/gcc/arm-none-eabi/14.2.0/../../../../arm-none-eabi/lib/thumb/v7e-m+fp/hard/libc_nano.a(libc_a-fflush.o)
 .debug_info    0x00026023      0x867 /usr/lib/gcc/arm-none-eabi/14.2.0/../../../../arm-none-eabi/lib/thumb/v7e-m+fp/hard/libc_nano.a(libc_a-fprintf.o)
 .debug_info    0x0002688a      0x10f /usr/lib/gcc/arm-none-eabi/14.2.0/../../../../arm-none-eabi/lib/thumb/v7e-m+fp/hard/libc_nano.a(libc_a-memmove.o)
 .debug_info    0x00026999      0x782 /usr/lib/gcc/arm-none-eabi/14.2.0/../../../../arm-none-eabi/lib/thumb/v7e-m+fp/hard/libc_nano.a(libc_a-sbrkr.o)
 .debug_info    0x0002711b       0x25 /usr/lib/gcc/arm-none-eabi/14.2.0/../../../../arm-none-eabi/lib/thumb/v7e-m+fp/hard/libc_nano.a(libc_a-memchr.o)
 .debug_info    0x00027140      0x121 /usr/lib/gcc/arm-none-eabi/14.2.0/../../../../arm-none-eabi/lib/thumb/v7e-m+fp/hard/libc_nano.a(libc_a-memcpy-stub.o)
 .debug_info    0x00027261       0xd8 /usr/lib/gcc/arm-none-eabi/14.2.0/../../../../arm-none-eabi/lib/thumb/v7e-m+fp/hard/libc_nano.a(libc_a-abort.o)
 .debug_info    0x00027339      0x8cd /usr/lib/gcc/arm-none-eabi/14.2.0/../../../../arm-none-eabi/lib/thumb/v7e-m+fp/hard/libc_nano.a(libc_a-reallocr.o)
 .debug_info    0x00027c06     0x1094 /usr/lib/gcc/arm-none-eabi/14.2.0/../../../../arm-none-eabi/lib/thumb/v7e-m+fp/hard/libc_nano.a(libc_a-nano-vfprintf.o)
 .debug_info    0x00028c9a      0x874 /usr/lib/gcc/arm-none-eabi/14.2.0/../../../../arm-none-eabi/lib/thumb/v7e-m+fp/hard/libc_nano.a(libc_a-wbuf.o)
 .debug_info    0x0002950e      0x7bb /usr/lib/gcc/arm-none-eabi/14.2.0/../../../../arm-none-eabi/lib/thumb/v7e-m+fp/hard/libc_nano.a(libc_a-wsetup.o)
 .debug_info    0x00029cc9      0xa13 /usr/lib/gcc/arm-none-eabi/14.2.0/../../../../arm-none-eabi/lib/thumb/v7e-m+fp/hard/libc_nano.a(libc_a-signal.o)
 .debug_info    0x0002a6dc      0x7ea /usr/lib/gcc/arm-none-eabi/14.2.0/../../../../arm-none-eabi/lib/thumb/v7e-m+fp/hard/libc_nano.a(libc_a-signalr.o)
 .debug_info    0x0002aec6      0x794 /usr/lib/gcc/arm-none-eabi/14.2.0/../../../../arm-none-eabi/lib/thumb/v7e-m+fp/hard/libc_nano.a(libc_a-msizer.o)
 .debug_info    0x0002b65a      0xb15 /usr/lib/gcc/arm-none-eabi/14.2.0/../../../../arm-none-eabi/lib/thumb/v7e-m+fp/hard/libc_nano.a(libc_a-makebuf.o)
 .debug_info    0x0002c16f      0x981 /usr/lib/gcc/arm-none-eabi/14.2.0/../../../../arm-none-eabi/lib/thumb/v7e-m+fp/hard/libc_nano.a(libc_a-fstatr.o)
 .debug_info    0x0002caf0      0x75d /usr/lib/gcc/arm-none-eabi/14.2.0/../../../../arm-none-eabi/lib/thumb/v7e-m+fp/hard/libc_nano.a(libc_a-isattyr.o)
 .debug_info    0x0002d24d       0x24 /usr/lib/gcc/arm-none-eabi/14.2.0/thumb/v7e-m+fp/hard/libgcc.a(_aeabi_uldivmod.o)
 .debug_info    0x0002d271      0x703 /usr/lib/gcc/arm-none-eabi/14.2.0/thumb/v7e-m+fp/hard/libgcc.a(_udivmoddi4.o)
 .debug_info    0x0002d974       0x3c /usr/lib/gcc/arm-none-eabi/14.2.0/thumb/v7e-m+fp/hard/libgcc.a(_dvmd_tls.o)

.debug_abbrev   0x00000000     0x7bdc
 .debug_abbrev  0x00000000      0x206 build/main.o
 .debug_abbrev  0x00000206       0xd3 build/gpio.o
 .debug_abbrev  0x000002d9      0x22d build/usart.o
 .debug_abbrev  0x00000506      0x48a build/mimic.o
 .debug_abbrev  0x00000990      0x183 build/stm32f4xx_it.o
 .debug_abbrev  0x00000b13       0xfd build/stm32f4xx_hal_msp.o
 .debug_abbrev  0x00000c10      0x377 build/stm32f4xx_hal_uart.o
 .debug_abbrev  0x00000f87      0x2be build/stm32f4xx_hal_spi.o
 .debug_abbrev  0x00001245      0x339 build/stm32f4xx_hal_i2c.o
 .debug_abbrev  0x0000157e      0x2de build/stm32f4xx_hal_rcc.o
 .debug_abbrev  0x0000185c      0x22b build/stm32f4xx_hal_gpio.o
 .debug_abbrev  0x00001a87      0x2be build/stm32f4xx_hal_dma.o
 .debug_abbrev  0x00001d45      0x3ca build/stm32f4xx_hal_cortex.o
 .debug_abbrev  0x0000210f      0x275 build/stm32f4xx_hal.o
 .debug_abbrev  0x00002384      0x11b build/system_stm32f4xx.o
 .debug_abbrev  0x0000249f       0xeb build/sysmem.o
 .debug_abbrev  0x0000258a      0x1ea build/syscalls.o
 .debug_abbrev  0x00002774       0x1d build/startup_stm32f411xe.o
 .debug_abbrev  0x00002791      0x1b2 /usr/lib/gcc/arm-none-eabi/14.2.0/../../../../arm-none-eabi/lib/thumb/v7e-m+fp/hard/libc_nano.a(libc_a-atoi.o)
 .debug_abbrev  0x00002943      0x2ee /usr/lib/gcc/arm-none-eabi/14.2.0/../../../../arm-none-eabi/lib/thumb/v7e-m+fp/hard/libc_nano.a(libc_a-strtol.o)
 .debug_abbrev  0x00002c31       0x62 /usr/lib/gcc/arm-none-eabi/14.2.0/../../../../arm-none-eabi/lib/thumb/v7e-m+fp/hard/libc_nano.a(libc_a-ctype_.o)
 .debug_abbrev  0x00002c93      0x424 /usr/lib/gcc/arm-none-eabi/14.2.0/../../../../arm-none-eabi/lib/thumb/v7e-m+fp/hard/libc_nano.a(libc_a-findfp.o)
 .debug_abbrev  0x000030b7      0x19b /usr/lib/gcc/arm-none-eabi/14.2.0/../../../../arm-none-eabi/lib/thumb/v7e-m+fp/hard/libc_nano.a(libc_a-fwalk.o)
 .debug_abbrev  0x00003252      0x231 /usr/lib/gcc/arm-none-eabi/14.2.0/../../../../arm-none-eabi/lib/thumb/v7e-m+fp/hard/libc_nano.a(libc_a-snprintf.o)
 .debug_abbrev  0x00003483      0x221 /usr/lib/gcc/arm-none-eabi/14.2.0/../../../../arm-none-eabi/lib/thumb/v7e-m+fp/hard/libc_nano.a(libc_a-stdio.o)
 .debug_abbrev  0x000036a4      0x228 /usr/lib/gcc/arm-none-eabi/14.2.0/../../../../arm-none-eabi/lib/thumb/v7e-m+fp/hard/libc_nano.a(libc_a-vsnprintf.o)
 .debug_abbrev  0x000038cc       0x90 /usr/lib/gcc/arm-none-eabi/14.2.0/../../../../arm-none-eabi/lib/thumb/v7e-m+fp/hard/libc_nano.a(libc_a-memcmp.o)
 .debug_abbrev  0x0000395c       0x9e /usr/lib/gcc/arm-none-eabi/14.2.0/../../../../arm-none-eabi/lib/thumb/v7e-m+fp/hard/libc_nano.a(libc_a-memset.o)
 .debug_abbrev  0x000039fa       0xb2 /usr/lib/gcc/arm-none-eabi/14.2.0/../../../../arm-none-eabi/lib/thumb/v7e-m+fp/hard/libc_nano.a(libc_a-strcasecmp.o)
 .debug_abbrev  0x00003aac       0x86 /usr/lib/gcc/arm-none-eabi/14.2.0/../../../../arm-none-eabi/lib/thumb/v7e-m+fp/hard/libc_nano.a(libc_a-strcat.o)
 .debug_abbrev  0x00003b32       0xa7 /usr/lib/gcc/arm-none-eabi/14.2.0/../../../../arm-none-eabi/lib/thumb/v7e-m+fp/hard/libc_nano.a(libc_a-strncpy.o)
 .debug_abbrev  0x00003bd9      0x223 /usr/lib/gcc/arm-none-eabi/14.2.0/../../../../arm-none-eabi/lib/thumb/v7e-m+fp/hard/libc_nano.a(libc_a-strtok.o)
 .debug_abbrev  0x00003dfc      0x110 /usr/lib/gcc/arm-none-eabi/14.2.0/../../../../arm-none-eabi/lib/thumb/v7e-m+fp/hard/libc_nano.a(libc_a-strtok_r.o)
 .debug_abbrev  0x00003f0c      0x1b0 /usr/lib/gcc/arm-none-eabi/14.2.0/../../../../arm-none-eabi/lib/thumb/v7e-m+fp/hard/libc_nano.a(libc_a-closer.o)
 .debug_abbrev  0x000040bc      0x1f7 /usr/lib/gcc/arm-none-eabi/14.2.0/../../../../arm-none-eabi/lib/thumb/v7e-m+fp/hard/libc_nano.a(libc_a-reent.o)
 .debug_abbrev  0x000042b3      0x149 /usr/lib/gcc/arm-none-eabi/14.2.0/../../../../arm-none-eabi/lib/thumb/v7e-m+fp/hard/libc_nano.a(libc_a-impure.o)
 .debug_abbrev  0x000043fc      0x1c4 /usr/lib/gcc/arm-none-eabi/14.2.0/../../../../arm-none-eabi/lib/thumb/v7e-m+fp/hard/libc_nano.a(libc_a-lseekr.o)
 .debug_abbrev  0x000045c0      0x1b0 /usr/lib/gcc/arm-none-eabi/14.2.0/../../../../arm-none-eabi/lib/thumb/v7e-m+fp/hard/libc_nano.a(libc_a-readr.o)
 .debug_abbrev  0x00004770      0x1b5 /usr/lib/gcc/arm-none-eabi/14.2.0/../../../../arm-none-eabi/lib/thumb/v7e-m+fp/hard/libc_nano.a(libc_a-writer.o)
 .debug_abbrev  0x00004925      0x15e /usr/lib/gcc/arm-none-eabi/14.2.0/../../../../arm-none-eabi/lib/thumb/v7e-m+fp/hard/libc_nano.a(libc_a-errno.o)
 .debug_abbrev  0x00004a83       0xc9 /usr/lib/gcc/arm-none-eabi/14.2.0/../../../../arm-none-eabi/lib/thumb/v7e-m+fp/hard/libc_nano.a(libc_a-init.o)
 .debug_abbrev  0x00004b4c      0x115 /usr/lib/gcc/arm-none-eabi/14.2.0/../../../../arm-none-eabi/lib/thumb/v7e-m+fp/hard/libc_nano.a(libc_a-lock.o)
 .debug_abbrev  0x00004c61       0x28 /usr/lib/gcc/arm-none-eabi/14.2.0/../../../../arm-none-eabi/lib/thumb/v7e-m+fp/hard/libc_nano.a(libc_a-strcmp.o)
 .debug_abbrev  0x00004c89       0x28 /usr/lib/gcc/arm-none-eabi/14.2.0/../../../../arm-none-eabi/lib/thumb/v7e-m+fp/hard/libc_nano.a(libc_a-strlen.o)
 .debug_abbrev  0x00004cb1      0x1ea /usr/lib/gcc/arm-none-eabi/14.2.0/../../../../arm-none-eabi/lib/thumb/v7e-m+fp/hard/libc_nano.a(libc_a-assert.o)
 .debug_abbrev  0x00004e9b      0x236 /usr/lib/gcc/arm-none-eabi/14.2.0/../../../../arm-none-eabi/lib/thumb/v7e-m+fp/hard/libc_nano.a(libc_a-freer.o)
 .debug_abbrev  0x000050d1      0x1cf /usr/lib/gcc/arm-none-eabi/14.2.0/../../../../arm-none-eabi/lib/thumb/v7e-m+fp/hard/libc_nano.a(libc_a-malloc.o)
 .debug_abbrev  0x000052a0      0x24a /usr/lib/gcc/arm-none-eabi/14.2.0/../../../../arm-none-eabi/lib/thumb/v7e-m+fp/hard/libc_nano.a(libc_a-mallocr.o)
 .debug_abbrev  0x000054ea      0x1bf /usr/lib/gcc/arm-none-eabi/14.2.0/../../../../arm-none-eabi/lib/thumb/v7e-m+fp/hard/libc_nano.a(libc_a-mlock.o)
 .debug_abbrev  0x000056a9      0x31e /usr/lib/gcc/arm-none-eabi/14.2.0/../../../../arm-none-eabi/lib/thumb/v7e-m+fp/hard/libc_nano.a(libc_a-nano-svfprintf.o)
 .debug_abbrev  0x000059c7      0x28e /usr/lib/gcc/arm-none-eabi/14.2.0/../../../../arm-none-eabi/lib/thumb/v7e-m+fp/hard/libc_nano.a(libc_a-nano-vfprintf_i.o)
 .debug_abbrev  0x00005c55      0x2b2 /usr/lib/gcc/arm-none-eabi/14.2.0/../../../../arm-none-eabi/lib/thumb/v7e-m+fp/hard/libc_nano.a(libc_a-fflush.o)
 .debug_abbrev  0x00005f07      0x21d /usr/lib/gcc/arm-none-eabi/14.2.0/../../../../arm-none-eabi/lib/thumb/v7e-m+fp/hard/libc_nano.a(libc_a-fprintf.o)
 .debug_abbrev  0x00006124       0xac /usr/lib/gcc/arm-none-eabi/14.2.0/../../../../arm-none-eabi/lib/thumb/v7e-m+fp/hard/libc_nano.a(libc_a-memmove.o)
 .debug_abbrev  0x000061d0      0x1da /usr/lib/gcc/arm-none-eabi/14.2.0/../../../../arm-none-eabi/lib/thumb/v7e-m+fp/hard/libc_nano.a(libc_a-sbrkr.o)
 .debug_abbrev  0x000063aa       0x14 /usr/lib/gcc/arm-none-eabi/14.2.0/../../../../arm-none-eabi/lib/thumb/v7e-m+fp/hard/libc_nano.a(libc_a-memchr.o)
 .debug_abbrev  0x000063be       0xc1 /usr/lib/gcc/arm-none-eabi/14.2.0/../../../../arm-none-eabi/lib/thumb/v7e-m+fp/hard/libc_nano.a(libc_a-memcpy-stub.o)
 .debug_abbrev  0x0000647f       0x99 /usr/lib/gcc/arm-none-eabi/14.2.0/../../../../arm-none-eabi/lib/thumb/v7e-m+fp/hard/libc_nano.a(libc_a-abort.o)
 .debug_abbrev  0x00006518      0x217 /usr/lib/gcc/arm-none-eabi/14.2.0/../../../../arm-none-eabi/lib/thumb/v7e-m+fp/hard/libc_nano.a(libc_a-reallocr.o)
 .debug_abbrev  0x0000672f      0x316 /usr/lib/gcc/arm-none-eabi/14.2.0/../../../../arm-none-eabi/lib/thumb/v7e-m+fp/hard/libc_nano.a(libc_a-nano-vfprintf.o)
 .debug_abbrev  0x00006a45      0x22d /usr/lib/gcc/arm-none-eabi/14.2.0/../../../../arm-none-eabi/lib/thumb/v7e-m+fp/hard/libc_nano.a(libc_a-wbuf.o)
 .debug_abbrev  0x00006c72      0x1e2 /usr/lib/gcc/arm-none-eabi/14.2.0/../../../../arm-none-eabi/lib/thumb/v7e-m+fp/hard/libc_nano.a(libc_a-wsetup.o)
 .debug_abbrev  0x00006e54      0x24e /usr/lib/gcc/arm-none-eabi/14.2.0/../../../../arm-none-eabi/lib/thumb/v7e-m+fp/hard/libc_nano.a(libc_a-signal.o)
 .debug_abbrev  0x000070a2      0x1fd /usr/lib/gcc/arm-none-eabi/14.2.0/../../../../arm-none-eabi/lib/thumb/v7e-m+fp/hard/libc_nano.a(libc_a-signalr.o)
 .debug_abbrev  0x0000729f      0x196 /usr/lib/gcc/arm-none-eabi/14.2.0/../../../../arm-none-eabi/lib/thumb/v7e-m+fp/hard/libc_nano.a(libc_a-msizer.o)
 .debug_abbrev  0x00007435      0x290 /usr/lib/gcc/arm-none-eabi/14.2.0/../../../../arm-none-eabi/lib/thumb/v7e-m+fp/hard/libc_nano.a(libc_a-makebuf.o)
 .debug_abbrev  0x000076c5      0x1c3 /usr/lib/gcc/arm-none-eabi/14.2.0/../../../../arm-none-eabi/lib/thumb/v7e-m+fp/hard/libc_nano.a(libc_a-fstatr.o)
 .debug_abbrev  0x00007888      0x1b0 /usr/lib/gcc/arm-none-eabi/14.2.0/../../../../arm-none-eabi/lib/thumb/v7e-m+fp/hard/libc_nano.a(libc_a-isattyr.o)
 .debug_abbrev  0x00007a38       0x14 /usr/lib/gcc/arm-none-eabi/14.2.0/thumb/v7e-m+fp/hard/libgcc.a(_aeabi_uldivmod.o)
 .debug_abbrev  0x00007a4c      0x16a /usr/lib/gcc/arm-none-eabi/14.2.0/thumb/v7e-m+fp/hard/libgcc.a(_udivmoddi4.o)
 .debug_abbrev  0x00007bb6       0x26 /usr/lib/gcc/arm-none-eabi/14.2.0/thumb/v7e-m+fp/hard/libgcc.a(_dvmd_tls.o)

.debug_loc      0x00000000    0x12c2a